23:08:03 **** Build of configuration Debug for project Blue_Pill ****
make -j4 all 
arm-none-eabi-gcc -gdwarf-2 -mcpu=cortex-m3 -g3 -c -I"C:/Users/abdullah/Desktop/Blue_Pill/Blue_Pill/Drivers/inc" -I"C:/Users/abdullah/Desktop/Blue_Pill/Blue_Pill/CMSIS" -x assembler-with-cpp -MMD -MP -MF"Startup/startup_stm32f103c8tx.d" -MT"Startup/startup_stm32f103c8tx.o" --specs=nano.specs -mfloat-abi=soft -mthumb -o "Startup/startup_stm32f103c8tx.o" "../Startup/startup_stm32f103c8tx.s"
arm-none-eabi-gcc -gdwarf-2 "../Src/main.c" -mcpu=cortex-m3 -std=gnu11 -g3 -DSTM32 -DSTM32F1 -DSTM32F103C8Tx -DDEBUG -c -I../Inc -I"C:/Users/abdullah/Desktop/Blue_Pill/Blue_Pill/CMSIS" -I"C:/Users/abdullah/Desktop/Blue_Pill/Blue_Pill/Drivers/inc" -O0 -ffunction-sections -fdata-sections -Wall -fstack-usage -MMD -MP -MF"Src/main.d" -MT"Src/main.o" --specs=nano.specs -mfloat-abi=soft -mthumb -o "Src/main.o"
arm-none-eabi-gcc -gdwarf-2 "../Src/syscalls.c" -mcpu=cortex-m3 -std=gnu11 -g3 -DSTM32 -DSTM32F1 -DSTM32F103C8Tx -DDEBUG -c -I../Inc -I"C:/Users/abdullah/Desktop/Blue_Pill/Blue_Pill/CMSIS" -I"C:/Users/abdullah/Desktop/Blue_Pill/Blue_Pill/Drivers/inc" -O0 -ffunction-sections -fdata-sections -Wall -fstack-usage -MMD -MP -MF"Src/syscalls.d" -MT"Src/syscalls.o" --specs=nano.specs -mfloat-abi=soft -mthumb -o "Src/syscalls.o"
arm-none-eabi-gcc -gdwarf-2 "../Src/sysmem.c" -mcpu=cortex-m3 -std=gnu11 -g3 -DSTM32 -DSTM32F1 -DSTM32F103C8Tx -DDEBUG -c -I../Inc -I"C:/Users/abdullah/Desktop/Blue_Pill/Blue_Pill/CMSIS" -I"C:/Users/abdullah/Desktop/Blue_Pill/Blue_Pill/Drivers/inc" -O0 -ffunction-sections -fdata-sections -Wall -fstack-usage -MMD -MP -MF"Src/sysmem.d" -MT"Src/sysmem.o" --specs=nano.specs -mfloat-abi=soft -mthumb -o "Src/sysmem.o"
arm-none-eabi-gcc -o "Blue_Pill.elf" @"objects.list"   -mcpu=cortex-m3 -T"C:\Users\abdullah\Desktop\Blue_Pill\Blue_Pill\STM32F103C8TX_FLASH.ld" --specs=nosys.specs -Wl,-Map="Blue_Pill.map" -Wl,--gc-sections -static --specs=nano.specs -mfloat-abi=soft -mthumb -Wl,--start-group -lc -lm -Wl,--end-group
Finished building target: Blue_Pill.elf
 
arm-none-eabi-size   Blue_Pill.elf 
arm-none-eabi-objdump -h -S  Blue_Pill.elf  > "Blue_Pill.list"
arm-none-eabi-objcopy  -O binary  Blue_Pill.elf  "Blue_Pill.bin"
   text	   data	    bss	    dec	    hex	filename
    556	      8	   1568	   2132	    854	Blue_Pill.elf
Finished building: default.size.stdout
 
Finished building: Blue_Pill.bin
 
Finished building: Blue_Pill.list
 
23:29:24 **** Incremental Build of configuration Debug for project Blue_Pill ****
make -j4 all 
arm-none-eabi-size   Blue_Pill.elf 
   text	   data	    bss	    dec	    hex	filename
    556	      8	   1568	   2132	    854	Blue_Pill.elf
Finished building: default.size.stdout
 
23:30:54 **** Incremental Build of configuration Debug for project Blue_Pill ****
make -j4 all 
arm-none-eabi-gcc -gdwarf-2 "../Src/main.c" -mcpu=cortex-m3 -std=gnu11 -g3 -DSTM32 -DSTM32F1 -DSTM32F103C8Tx -DDEBUG -c -I../Inc -I"C:/Users/abdullah/Desktop/Blue_Pill/Blue_Pill/CMSIS" -I"C:/Users/abdullah/Desktop/Blue_Pill/Blue_Pill/Drivers/inc" -O0 -ffunction-sections -fdata-sections -Wall -fstack-usage -MMD -MP -MF"Src/main.d" -MT"Src/main.o" --specs=nano.specs -mfloat-abi=soft -mthumb -o "Src/main.o"
arm-none-eabi-gcc -o "Blue_Pill.elf" @"objects.list"   -mcpu=cortex-m3 -T"C:\Users\abdullah\Desktop\Blue_Pill\Blue_Pill\STM32F103C8TX_FLASH.ld" --specs=nosys.specs -Wl,-Map="Blue_Pill.map" -Wl,--gc-sections -static --specs=nano.specs -mfloat-abi=soft -mthumb -Wl,--start-group -lc -lm -Wl,--end-group
Finished building target: Blue_Pill.elf
 
arm-none-eabi-objdump -h -S  Blue_Pill.elf  > "Blue_Pill.list"
arm-none-eabi-objcopy  -O binary  Blue_Pill.elf  "Blue_Pill.bin"
arm-none-eabi-size   Blue_Pill.elf 
   text	   data	    bss	    dec	    hex	filename
    556	      8	   1568	   2132	    854	Blue_Pill.elf
Finished building: Blue_Pill.bin
Finished building: default.size.stdout
 
Finished building: Blue_Pill.list
 
 
12:32:19 **** Build of configuration Debug for project Blue_Pill ****
make -j4 all 
arm-none-eabi-gcc -gdwarf-2 "../Src/main.c" -mcpu=cortex-m3 -std=gnu11 -g3 -DSTM32 -DSTM32F1 -DSTM32F103C8Tx -DDEBUG -c -I../Inc -I"C:/Users/abdullah/Desktop/Blue_Pill/Blue_Pill/CMSIS" -I"C:/Users/abdullah/Desktop/Blue_Pill/Blue_Pill/Drivers/inc" -O0 -ffunction-sections -fdata-sections -Wall -fstack-usage -MMD -MP -MF"Src/main.d" -MT"Src/main.o" --specs=nano.specs -mfloat-abi=soft -mthumb -o "Src/main.o"
arm-none-eabi-gcc -o "Blue_Pill.elf" @"objects.list"   -mcpu=cortex-m3 -T"C:\Users\abdullah\Desktop\Blue_Pill\Blue_Pill\STM32F103C8TX_FLASH.ld" --specs=nosys.specs -Wl,-Map="Blue_Pill.map" -Wl,--gc-sections -static --specs=nano.specs -mfloat-abi=soft -mthumb -Wl,--start-group -lc -lm -Wl,--end-group
Finished building target: Blue_Pill.elf
 
arm-none-eabi-objdump -h -S  Blue_Pill.elf  > "Blue_Pill.list"
arm-none-eabi-objcopy  -O binary  Blue_Pill.elf  "Blue_Pill.bin"
arm-none-eabi-size   Blue_Pill.elf 
   text	   data	    bss	    dec	    hex	filename
    556	      8	   1568	   2132	    854	Blue_Pill.elf
Finished building: default.size.stdout
 
Finished building: Blue_Pill.list
Finished building: Blue_Pill.bin
 
 
12:35:58 **** Incremental Build of configuration Debug for project Blue_Pill ****
make -j4 all 
arm-none-eabi-gcc -o "Blue_Pill.elf" @"objects.list"   -mcpu=cortex-m3 -T"C:\Users\abdullah\Desktop\Blue_Pill\Blue_Pill\STM32F103C8TX_FLASH.ld" --specs=nosys.specs -Wl,-Map="Blue_Pill.map" -Wl,--gc-sections -static --specs=nano.specs -mfloat-abi=soft -mthumb -Wl,--start-group -lc -lm -Wl,--end-group
Finished building target: Blue_Pill.elf
 
arm-none-eabi-objdump -h -S  Blue_Pill.elf  > "Blue_Pill.list"
arm-none-eabi-objcopy  -O binary  Blue_Pill.elf  "Blue_Pill.bin"
arm-none-eabi-size   Blue_Pill.elf 
   text	   data	    bss	    dec	    hex	filename
    556	      8	   1568	   2132	    854	Blue_Pill.elf
Finished building: default.size.stdout
 
Finished building: Blue_Pill.bin
 
Finished building: Blue_Pill.list
 
13:03:30 **** Incremental Build of configuration Debug for project Blue_Pill ****
make -j4 all 
arm-none-eabi-gcc -gdwarf-2 "../Src/main.c" -mcpu=cortex-m3 -std=gnu11 -g3 -DSTM32 -DSTM32F1 -DSTM32F103C8Tx -DDEBUG -c -I../Inc -I"C:/Users/abdullah/Desktop/Blue_Pill/Blue_Pill/CMSIS" -I"C:/Users/abdullah/Desktop/Blue_Pill/Blue_Pill/Drivers/inc" -O0 -ffunction-sections -fdata-sections -Wall -fstack-usage -MMD -MP -MF"Src/main.d" -MT"Src/main.o" --specs=nano.specs -mfloat-abi=soft -mthumb -o "Src/main.o"
../Src/main.c: In function 'main':
../Src/main.c:40:10: warning: unused variable 'i' [-Wunused-variable]
  uint8_t i;
          ^
arm-none-eabi-gcc -o "Blue_Pill.elf" @"objects.list"   -mcpu=cortex-m3 -T"C:\Users\abdullah\Desktop\Blue_Pill\Blue_Pill\STM32F103C8TX_FLASH.ld" --specs=nosys.specs -Wl,-Map="Blue_Pill.map" -Wl,--gc-sections -static --specs=nano.specs -mfloat-abi=soft -mthumb -Wl,--start-group -lc -lm -Wl,--end-group
Src/main.o: In function `main':
C:/Users/abdullah/Desktop/Blue_Pill/Blue_Pill/Debug/../Src/main.c:46: undefined reference to `MCAL_GPIO_Init'
C:/Users/abdullah/Desktop/Blue_Pill/Blue_Pill/Debug/../Src/main.c:51: undefined reference to `MCAL_GPIO_WritePin'
C:/Users/abdullah/Desktop/Blue_Pill/Blue_Pill/Debug/../Src/main.c:53: undefined reference to `MCAL_GPIO_WritePin'
collect2.exe: error: ld returned 1 exit status
make: *** [makefile:49: Blue_Pill.elf] Error 1
"make -j4 all" terminated with exit code 2. Build might be incomplete.
13:03:51 **** Incremental Build of configuration Debug for project Blue_Pill ****
make -j4 all 
arm-none-eabi-gcc -gdwarf-2 "../Src/main.c" -mcpu=cortex-m3 -std=gnu11 -g3 -DSTM32 -DSTM32F1 -DSTM32F103C8Tx -DDEBUG -c -I../Inc -I"C:/Users/abdullah/Desktop/Blue_Pill/Blue_Pill/CMSIS" -I"C:/Users/abdullah/Desktop/Blue_Pill/Blue_Pill/Drivers/inc" -O0 -ffunction-sections -fdata-sections -Wall -fstack-usage -MMD -MP -MF"Src/main.d" -MT"Src/main.o" --specs=nano.specs -mfloat-abi=soft -mthumb -o "Src/main.o"
arm-none-eabi-gcc -o "Blue_Pill.elf" @"objects.list"   -mcpu=cortex-m3 -T"C:\Users\abdullah\Desktop\Blue_Pill\Blue_Pill\STM32F103C8TX_FLASH.ld" --specs=nosys.specs -Wl,-Map="Blue_Pill.map" -Wl,--gc-sections -static --specs=nano.specs -mfloat-abi=soft -mthumb -Wl,--start-group -lc -lm -Wl,--end-group
Src/main.o: In function `main':
C:/Users/abdullah/Desktop/Blue_Pill/Blue_Pill/Debug/../Src/main.c:45: undefined reference to `MCAL_GPIO_Init'
C:/Users/abdullah/Desktop/Blue_Pill/Blue_Pill/Debug/../Src/main.c:50: undefined reference to `MCAL_GPIO_WritePin'
C:/Users/abdullah/Desktop/Blue_Pill/Blue_Pill/Debug/../Src/main.c:52: undefined reference to `MCAL_GPIO_WritePin'
collect2.exe: error: ld returned 1 exit status
make: *** [makefile:49: Blue_Pill.elf] Error 1
"make -j4 all" terminated with exit code 2. Build might be incomplete.
13:05:42 **** Incremental Build of configuration Debug for project Blue_Pill ****
make -j4 all 
arm-none-eabi-gcc -gdwarf-2 -mcpu=cortex-m3 -g3 -c -I"C:/Users/abdullah/Desktop/Blue_Pill/Blue_Pill/Drivers/inc" -x assembler-with-cpp -MMD -MP -MF"Startup/startup_stm32f103c8tx.d" -MT"Startup/startup_stm32f103c8tx.o" --specs=nano.specs -mfloat-abi=soft -mthumb -o "Startup/startup_stm32f103c8tx.o" "../Startup/startup_stm32f103c8tx.s"
arm-none-eabi-gcc -gdwarf-2 "../Src/main.c" -mcpu=cortex-m3 -std=gnu11 -g3 -DSTM32 -DSTM32F1 -DSTM32F103C8Tx -DDEBUG -c -I../Inc -I"C:/Users/abdullah/Desktop/Blue_Pill/Blue_Pill/Drivers/inc" -O0 -ffunction-sections -fdata-sections -Wall -fstack-usage -MMD -MP -MF"Src/main.d" -MT"Src/main.o" --specs=nano.specs -mfloat-abi=soft -mthumb -o "Src/main.o"
arm-none-eabi-gcc -gdwarf-2 "../Src/syscalls.c" -mcpu=cortex-m3 -std=gnu11 -g3 -DSTM32 -DSTM32F1 -DSTM32F103C8Tx -DDEBUG -c -I../Inc -I"C:/Users/abdullah/Desktop/Blue_Pill/Blue_Pill/Drivers/inc" -O0 -ffunction-sections -fdata-sections -Wall -fstack-usage -MMD -MP -MF"Src/syscalls.d" -MT"Src/syscalls.o" --specs=nano.specs -mfloat-abi=soft -mthumb -o "Src/syscalls.o"
arm-none-eabi-gcc -gdwarf-2 "../Src/sysmem.c" -mcpu=cortex-m3 -std=gnu11 -g3 -DSTM32 -DSTM32F1 -DSTM32F103C8Tx -DDEBUG -c -I../Inc -I"C:/Users/abdullah/Desktop/Blue_Pill/Blue_Pill/Drivers/inc" -O0 -ffunction-sections -fdata-sections -Wall -fstack-usage -MMD -MP -MF"Src/sysmem.d" -MT"Src/sysmem.o" --specs=nano.specs -mfloat-abi=soft -mthumb -o "Src/sysmem.o"
arm-none-eabi-gcc -o "Blue_Pill.elf" @"objects.list"   -mcpu=cortex-m3 -T"C:\Users\abdullah\Desktop\Blue_Pill\Blue_Pill\STM32F103C8TX_FLASH.ld" --specs=nosys.specs -Wl,-Map="Blue_Pill.map" -Wl,--gc-sections -static --specs=nano.specs -mfloat-abi=soft -mthumb -Wl,--start-group -lc -lm -Wl,--end-group
Src/main.o: In function `main':
C:/Users/abdullah/Desktop/Blue_Pill/Blue_Pill/Debug/../Src/main.c:45: undefined reference to `MCAL_GPIO_Init'
C:/Users/abdullah/Desktop/Blue_Pill/Blue_Pill/Debug/../Src/main.c:50: undefined reference to `MCAL_GPIO_WritePin'
C:/Users/abdullah/Desktop/Blue_Pill/Blue_Pill/Debug/../Src/main.c:52: undefined reference to `MCAL_GPIO_WritePin'
collect2.exe: error: ld returned 1 exit status
make: *** [makefile:49: Blue_Pill.elf] Error 1
"make -j4 all" terminated with exit code 2. Build might be incomplete.
13:06:34 **** Incremental Build of configuration Debug for project Blue_Pill ****
make -j4 all 
arm-none-eabi-gcc -o "Blue_Pill.elf" @"objects.list"   -mcpu=cortex-m3 -T"C:\Users\abdullah\Desktop\Blue_Pill\Blue_Pill\STM32F103C8TX_FLASH.ld" --specs=nosys.specs -Wl,-Map="Blue_Pill.map" -Wl,--gc-sections -static --specs=nano.specs -mfloat-abi=soft -mthumb -Wl,--start-group -lc -lm -Wl,--end-group
Src/main.o: In function `main':
C:/Users/abdullah/Desktop/Blue_Pill/Blue_Pill/Debug/../Src/main.c:45: undefined reference to `MCAL_GPIO_Init'
C:/Users/abdullah/Desktop/Blue_Pill/Blue_Pill/Debug/../Src/main.c:50: undefined reference to `MCAL_GPIO_WritePin'
C:/Users/abdullah/Desktop/Blue_Pill/Blue_Pill/Debug/../Src/main.c:52: undefined reference to `MCAL_GPIO_WritePin'
collect2.exe: error: ld returned 1 exit status
make: *** [makefile:49: Blue_Pill.elf] Error 1
"make -j4 all" terminated with exit code 2. Build might be incomplete.
13:07:40 **** Incremental Build of configuration Debug for project Blue_Pill ****
make -j4 all 
arm-none-eabi-gcc -o "Blue_Pill.elf" @"objects.list"   -mcpu=cortex-m3 -T"C:\Users\abdullah\Desktop\Blue_Pill\Blue_Pill\STM32F103C8TX_FLASH.ld" --specs=nosys.specs -Wl,-Map="Blue_Pill.map" -Wl,--gc-sections -static --specs=nano.specs -mfloat-abi=soft -mthumb -Wl,--start-group -lc -lm -Wl,--end-group
Src/main.o: In function `main':
C:/Users/abdullah/Desktop/Blue_Pill/Blue_Pill/Debug/../Src/main.c:45: undefined reference to `MCAL_GPIO_Init'
C:/Users/abdullah/Desktop/Blue_Pill/Blue_Pill/Debug/../Src/main.c:50: undefined reference to `MCAL_GPIO_WritePin'
C:/Users/abdullah/Desktop/Blue_Pill/Blue_Pill/Debug/../Src/main.c:52: undefined reference to `MCAL_GPIO_WritePin'
collect2.exe: error: ld returned 1 exit status
make: *** [makefile:49: Blue_Pill.elf] Error 1
"make -j4 all" terminated with exit code 2. Build might be incomplete.
15:40:43 **** Incremental Build of configuration Debug for project Blue_Pill ****
make -j4 all 
arm-none-eabi-gcc -o "Blue_Pill.elf" @"objects.list"   -mcpu=cortex-m3 -T"C:\Users\abdullah\Desktop\Blue_Pill\Blue_Pill\STM32F103C8TX_FLASH.ld" --specs=nosys.specs -Wl,-Map="Blue_Pill.map" -Wl,--gc-sections -static --specs=nano.specs -mfloat-abi=soft -mthumb -Wl,--start-group -lc -lm -Wl,--end-group
Src/main.o: In function `main':
C:/Users/abdullah/Desktop/Blue_Pill/Blue_Pill/Debug/../Src/main.c:45: undefined reference to `MCAL_GPIO_Init'
C:/Users/abdullah/Desktop/Blue_Pill/Blue_Pill/Debug/../Src/main.c:50: undefined reference to `MCAL_GPIO_WritePin'
C:/Users/abdullah/Desktop/Blue_Pill/Blue_Pill/Debug/../Src/main.c:52: undefined reference to `MCAL_GPIO_WritePin'
collect2.exe: error: ld returned 1 exit status
make: *** [makefile:49: Blue_Pill.elf] Error 1
"make -j4 all" terminated with exit code 2. Build might be incomplete.
16:00:14 **** Incremental Build of configuration Debug for project Blue_Pill ****
make -j4 all 
arm-none-eabi-gcc -gdwarf-2 "../Src/main.c" -mcpu=cortex-m3 -std=gnu11 -g3 -DSTM32 -DSTM32F1 -DSTM32F103C8Tx -DDEBUG -c -I../Inc -O0 -ffunction-sections -fdata-sections -Wall -fstack-usage -MMD -MP -MF"Src/main.d" -MT"Src/main.o" --specs=nano.specs -mfloat-abi=soft -mthumb -o "Src/main.o"
../Src/main.c:23:10: fatal error: stm32f103c8.h: No such file or directory
 #include "stm32f103c8.h"
          ^~~~~~~~~~~~~~~
compilation terminated.
make: *** [Src/subdir.mk:24: Src/main.o] Error 1
"make -j4 all" terminated with exit code 2. Build might be incomplete.
16:02:27 **** Incremental Build of configuration Debug for project Blue_Pill ****
make -j4 all 
arm-none-eabi-gcc -gdwarf-2 -mcpu=cortex-m3 -g3 -c -I"C:/Users/abdullah/Desktop/Blue_Pill/Blue_Pill/Drivers/Inc" -x assembler-with-cpp -MMD -MP -MF"Startup/startup_stm32f103c8tx.d" -MT"Startup/startup_stm32f103c8tx.o" --specs=nano.specs -mfloat-abi=soft -mthumb -o "Startup/startup_stm32f103c8tx.o" "../Startup/startup_stm32f103c8tx.s"
arm-none-eabi-gcc -gdwarf-2 "../Src/main.c" -mcpu=cortex-m3 -std=gnu11 -g3 -DSTM32 -DSTM32F1 -DSTM32F103C8Tx -DDEBUG -c -I"C:/Users/abdullah/Desktop/Blue_Pill/Blue_Pill/Drivers/Inc" -I"C:/Users/abdullah/Desktop/Blue_Pill/Blue_Pill/Inc" -O0 -ffunction-sections -fdata-sections -Wall -fstack-usage -MMD -MP -MF"Src/main.d" -MT"Src/main.o" --specs=nano.specs -mfloat-abi=soft -mthumb -o "Src/main.o"
arm-none-eabi-gcc -gdwarf-2 "../Src/syscalls.c" -mcpu=cortex-m3 -std=gnu11 -g3 -DSTM32 -DSTM32F1 -DSTM32F103C8Tx -DDEBUG -c -I"C:/Users/abdullah/Desktop/Blue_Pill/Blue_Pill/Drivers/Inc" -I"C:/Users/abdullah/Desktop/Blue_Pill/Blue_Pill/Inc" -O0 -ffunction-sections -fdata-sections -Wall -fstack-usage -MMD -MP -MF"Src/syscalls.d" -MT"Src/syscalls.o" --specs=nano.specs -mfloat-abi=soft -mthumb -o "Src/syscalls.o"
arm-none-eabi-gcc -gdwarf-2 "../Src/sysmem.c" -mcpu=cortex-m3 -std=gnu11 -g3 -DSTM32 -DSTM32F1 -DSTM32F103C8Tx -DDEBUG -c -I"C:/Users/abdullah/Desktop/Blue_Pill/Blue_Pill/Drivers/Inc" -I"C:/Users/abdullah/Desktop/Blue_Pill/Blue_Pill/Inc" -O0 -ffunction-sections -fdata-sections -Wall -fstack-usage -MMD -MP -MF"Src/sysmem.d" -MT"Src/sysmem.o" --specs=nano.specs -mfloat-abi=soft -mthumb -o "Src/sysmem.o"
../Src/main.c: In function 'main':
../Src/main.c:50:41: error: 'LOGIC_HIGH' undeclared (first use in this function)
   MCAL_GPIO_WritePin(GPIOC, GPIO_PIN13, LOGIC_HIGH);
                                         ^~~~~~~~~~
../Src/main.c:50:41: note: each undeclared identifier is reported only once for each function it appears in
../Src/main.c:52:41: error: 'LOGIC_LOW' undeclared (first use in this function); did you mean 'LOGIC_HIGH'?
   MCAL_GPIO_WritePin(GPIOC, GPIO_PIN13, LOGIC_LOW);
                                         ^~~~~~~~~
                                         LOGIC_HIGH
make: *** [Src/subdir.mk:24: Src/main.o] Error 1
make: *** Waiting for unfinished jobs....
"make -j4 all" terminated with exit code 2. Build might be incomplete.
16:04:07 **** Incremental Build of configuration Debug for project Blue_Pill ****
make -j4 all 
arm-none-eabi-gcc -gdwarf-2 "../Src/main.c" -mcpu=cortex-m3 -std=gnu11 -g3 -DSTM32 -DSTM32F1 -DSTM32F103C8Tx -DDEBUG -c -I"C:/Users/abdullah/Desktop/Blue_Pill/Blue_Pill/Drivers/Inc" -I"C:/Users/abdullah/Desktop/Blue_Pill/Blue_Pill/Inc" -O0 -ffunction-sections -fdata-sections -Wall -fstack-usage -MMD -MP -MF"Src/main.d" -MT"Src/main.o" --specs=nano.specs -mfloat-abi=soft -mthumb -o "Src/main.o"
arm-none-eabi-gcc -o "Blue_Pill.elf" @"objects.list"   -mcpu=cortex-m3 -T"C:\Users\abdullah\Desktop\Blue_Pill\Blue_Pill\STM32F103C8TX_FLASH.ld" --specs=nosys.specs -Wl,-Map="Blue_Pill.map" -Wl,--gc-sections -static --specs=nano.specs -mfloat-abi=soft -mthumb -Wl,--start-group -lc -lm -Wl,--end-group
Src/main.o: In function `main':
C:/Users/abdullah/Desktop/Blue_Pill/Blue_Pill/Debug/../Src/main.c:45: undefined reference to `MCAL_GPIO_Init'
C:/Users/abdullah/Desktop/Blue_Pill/Blue_Pill/Debug/../Src/main.c:50: undefined reference to `MCAL_GPIO_WritePin'
C:/Users/abdullah/Desktop/Blue_Pill/Blue_Pill/Debug/../Src/main.c:52: undefined reference to `MCAL_GPIO_WritePin'
collect2.exe: error: ld returned 1 exit status
make: *** [makefile:49: Blue_Pill.elf] Error 1
"make -j4 all" terminated with exit code 2. Build might be incomplete.
16:07:55 **** Incremental Build of configuration Debug for project Blue_Pill ****
make -j4 all 
arm-none-eabi-gcc -o "Blue_Pill.elf" @"objects.list"   -mcpu=cortex-m3 -T"C:\Users\abdullah\Desktop\Blue_Pill\Blue_Pill\STM32F103C8TX_FLASH.ld" --specs=nosys.specs -Wl,-Map="Blue_Pill.map" -Wl,--gc-sections -static --specs=nano.specs -mfloat-abi=soft -mthumb -Wl,--start-group -lc -lm -Wl,--end-group
Src/main.o: In function `main':
C:/Users/abdullah/Desktop/Blue_Pill/Blue_Pill/Debug/../Src/main.c:45: undefined reference to `MCAL_GPIO_Init'
C:/Users/abdullah/Desktop/Blue_Pill/Blue_Pill/Debug/../Src/main.c:50: undefined reference to `MCAL_GPIO_WritePin'
C:/Users/abdullah/Desktop/Blue_Pill/Blue_Pill/Debug/../Src/main.c:52: undefined reference to `MCAL_GPIO_WritePin'
collect2.exe: error: ld returned 1 exit status
make: *** [makefile:49: Blue_Pill.elf] Error 1
"make -j4 all" terminated with exit code 2. Build might be incomplete.
16:09:42 **** Incremental Build of configuration Debug for project Blue_Pill ****
make -j4 all 
arm-none-eabi-gcc -gdwarf-2 "../Src/main.c" -mcpu=cortex-m3 -std=gnu11 -g3 -DSTM32 -DSTM32F1 -DSTM32F103C8Tx -DDEBUG -c -I"C:/Users/abdullah/Desktop/Blue_Pill/Blue_Pill/Drivers/Inc" -I"C:/Users/abdullah/Desktop/Blue_Pill/Blue_Pill/Inc" -O0 -ffunction-sections -fdata-sections -Wall -fstack-usage -MMD -MP -MF"Src/main.d" -MT"Src/main.o" --specs=nano.specs -mfloat-abi=soft -mthumb -o "Src/main.o"
arm-none-eabi-gcc -o "Blue_Pill.elf" @"objects.list"   -mcpu=cortex-m3 -T"C:\Users\abdullah\Desktop\Blue_Pill\Blue_Pill\STM32F103C8TX_FLASH.ld" --specs=nosys.specs -Wl,-Map="Blue_Pill.map" -Wl,--gc-sections -static --specs=nano.specs -mfloat-abi=soft -mthumb -Wl,--start-group -lc -lm -Wl,--end-group
Src/main.o: In function `main':
C:/Users/abdullah/Desktop/Blue_Pill/Blue_Pill/Debug/../Src/main.c:45: undefined reference to `MCAL_GPIO_Init'
C:/Users/abdullah/Desktop/Blue_Pill/Blue_Pill/Debug/../Src/main.c:50: undefined reference to `MCAL_GPIO_WritePin'
C:/Users/abdullah/Desktop/Blue_Pill/Blue_Pill/Debug/../Src/main.c:52: undefined reference to `MCAL_GPIO_WritePin'
collect2.exe: error: ld returned 1 exit status
make: *** [makefile:49: Blue_Pill.elf] Error 1
"make -j4 all" terminated with exit code 2. Build might be incomplete.
17:03:46 **** Clean-only build of configuration Debug for project Blue_Pill ****
make -j4 clean 
rm -rf *
 
17:03:57 **** Incremental Build of configuration Debug for project Blue_Pill ****
make -j4 all 
arm-none-eabi-gcc -gdwarf-2 -mcpu=cortex-m3 -g3 -c -I"C:/Users/abdullah/Desktop/Blue_Pill/Blue_Pill/Drivers/Inc" -x assembler-with-cpp -MMD -MP -MF"Startup/startup_stm32f103c8tx.d" -MT"Startup/startup_stm32f103c8tx.o" --specs=nano.specs -mfloat-abi=soft -mthumb -o "Startup/startup_stm32f103c8tx.o" "../Startup/startup_stm32f103c8tx.s"
arm-none-eabi-gcc -gdwarf-2 "../Src/main.c" -mcpu=cortex-m3 -std=gnu11 -g3 -DSTM32 -DSTM32F1 -DSTM32F103C8Tx -DDEBUG -c -I"C:/Users/abdullah/Desktop/Blue_Pill/Blue_Pill/Drivers/Inc" -I"C:/Users/abdullah/Desktop/Blue_Pill/Blue_Pill/Inc" -O0 -ffunction-sections -fdata-sections -Wall -fstack-usage -MMD -MP -MF"Src/main.d" -MT"Src/main.o" --specs=nano.specs -mfloat-abi=soft -mthumb -o "Src/main.o"
arm-none-eabi-gcc -gdwarf-2 "../Src/syscalls.c" -mcpu=cortex-m3 -std=gnu11 -g3 -DSTM32 -DSTM32F1 -DSTM32F103C8Tx -DDEBUG -c -I"C:/Users/abdullah/Desktop/Blue_Pill/Blue_Pill/Drivers/Inc" -I"C:/Users/abdullah/Desktop/Blue_Pill/Blue_Pill/Inc" -O0 -ffunction-sections -fdata-sections -Wall -fstack-usage -MMD -MP -MF"Src/syscalls.d" -MT"Src/syscalls.o" --specs=nano.specs -mfloat-abi=soft -mthumb -o "Src/syscalls.o"
arm-none-eabi-gcc -gdwarf-2 "../Src/sysmem.c" -mcpu=cortex-m3 -std=gnu11 -g3 -DSTM32 -DSTM32F1 -DSTM32F103C8Tx -DDEBUG -c -I"C:/Users/abdullah/Desktop/Blue_Pill/Blue_Pill/Drivers/Inc" -I"C:/Users/abdullah/Desktop/Blue_Pill/Blue_Pill/Inc" -O0 -ffunction-sections -fdata-sections -Wall -fstack-usage -MMD -MP -MF"Src/sysmem.d" -MT"Src/sysmem.o" --specs=nano.specs -mfloat-abi=soft -mthumb -o "Src/sysmem.o"
arm-none-eabi-gcc -gdwarf-2 "../Drivers/MCAL/USART/stm32f103c8_usart_driver.c" -mcpu=cortex-m3 -std=gnu11 -g3 -DSTM32 -DSTM32F1 -DSTM32F103C8Tx -DDEBUG -c -I"C:/Users/abdullah/Desktop/Blue_Pill/Blue_Pill/Drivers/Inc" -I"C:/Users/abdullah/Desktop/Blue_Pill/Blue_Pill/Inc" -O0 -ffunction-sections -fdata-sections -Wall -fstack-usage -MMD -MP -MF"Drivers/MCAL/USART/stm32f103c8_usart_driver.d" -MT"Drivers/MCAL/USART/stm32f103c8_usart_driver.o" --specs=nano.specs -mfloat-abi=soft -mthumb -o "Drivers/MCAL/USART/stm32f103c8_usart_driver.o"
arm-none-eabi-gcc -gdwarf-2 "../Drivers/MCAL/RCC/stm32f103c8_rcc_driver.c" -mcpu=cortex-m3 -std=gnu11 -g3 -DSTM32 -DSTM32F1 -DSTM32F103C8Tx -DDEBUG -c -I"C:/Users/abdullah/Desktop/Blue_Pill/Blue_Pill/Drivers/Inc" -I"C:/Users/abdullah/Desktop/Blue_Pill/Blue_Pill/Inc" -O0 -ffunction-sections -fdata-sections -Wall -fstack-usage -MMD -MP -MF"Drivers/MCAL/RCC/stm32f103c8_rcc_driver.d" -MT"Drivers/MCAL/RCC/stm32f103c8_rcc_driver.o" --specs=nano.specs -mfloat-abi=soft -mthumb -o "Drivers/MCAL/RCC/stm32f103c8_rcc_driver.o"
arm-none-eabi-gcc -gdwarf-2 "../Drivers/MCAL/GPIO/stm32f103c8_gpio_driver.c" -mcpu=cortex-m3 -std=gnu11 -g3 -DSTM32 -DSTM32F1 -DSTM32F103C8Tx -DDEBUG -c -I"C:/Users/abdullah/Desktop/Blue_Pill/Blue_Pill/Drivers/Inc" -I"C:/Users/abdullah/Desktop/Blue_Pill/Blue_Pill/Inc" -O0 -ffunction-sections -fdata-sections -Wall -fstack-usage -MMD -MP -MF"Drivers/MCAL/GPIO/stm32f103c8_gpio_driver.d" -MT"Drivers/MCAL/GPIO/stm32f103c8_gpio_driver.o" --specs=nano.specs -mfloat-abi=soft -mthumb -o "Drivers/MCAL/GPIO/stm32f103c8_gpio_driver.o"
arm-none-eabi-gcc -gdwarf-2 "../Drivers/MCAL/EXTI/stm32f103c8_exti_driver.c" -mcpu=cortex-m3 -std=gnu11 -g3 -DSTM32 -DSTM32F1 -DSTM32F103C8Tx -DDEBUG -c -I"C:/Users/abdullah/Desktop/Blue_Pill/Blue_Pill/Drivers/Inc" -I"C:/Users/abdullah/Desktop/Blue_Pill/Blue_Pill/Inc" -O0 -ffunction-sections -fdata-sections -Wall -fstack-usage -MMD -MP -MF"Drivers/MCAL/EXTI/stm32f103c8_exti_driver.d" -MT"Drivers/MCAL/EXTI/stm32f103c8_exti_driver.o" --specs=nano.specs -mfloat-abi=soft -mthumb -o "Drivers/MCAL/EXTI/stm32f103c8_exti_driver.o"
arm-none-eabi-gcc -gdwarf-2 "../Drivers/HAL/LCD/lcd.c" -mcpu=cortex-m3 -std=gnu11 -g3 -DSTM32 -DSTM32F1 -DSTM32F103C8Tx -DDEBUG -c -I"C:/Users/abdullah/Desktop/Blue_Pill/Blue_Pill/Drivers/Inc" -I"C:/Users/abdullah/Desktop/Blue_Pill/Blue_Pill/Inc" -O0 -ffunction-sections -fdata-sections -Wall -fstack-usage -MMD -MP -MF"Drivers/HAL/LCD/lcd.d" -MT"Drivers/HAL/LCD/lcd.o" --specs=nano.specs -mfloat-abi=soft -mthumb -o "Drivers/HAL/LCD/lcd.o"
arm-none-eabi-gcc -gdwarf-2 "../Drivers/HAL/Keypad/keypad.c" -mcpu=cortex-m3 -std=gnu11 -g3 -DSTM32 -DSTM32F1 -DSTM32F103C8Tx -DDEBUG -c -I"C:/Users/abdullah/Desktop/Blue_Pill/Blue_Pill/Drivers/Inc" -I"C:/Users/abdullah/Desktop/Blue_Pill/Blue_Pill/Inc" -O0 -ffunction-sections -fdata-sections -Wall -fstack-usage -MMD -MP -MF"Drivers/HAL/Keypad/keypad.d" -MT"Drivers/HAL/Keypad/keypad.o" --specs=nano.specs -mfloat-abi=soft -mthumb -o "Drivers/HAL/Keypad/keypad.o"
arm-none-eabi-gcc -o "Blue_Pill.elf" @"objects.list"   -mcpu=cortex-m3 -T"C:\Users\abdullah\Desktop\Blue_Pill\Blue_Pill\STM32F103C8TX_FLASH.ld" --specs=nosys.specs -Wl,-Map="Blue_Pill.map" -Wl,--gc-sections -static --specs=nano.specs -mfloat-abi=soft -mthumb -Wl,--start-group -lc -lm -Wl,--end-group
Finished building target: Blue_Pill.elf
 
arm-none-eabi-size   Blue_Pill.elf 
arm-none-eabi-objdump -h -S  Blue_Pill.elf  > "Blue_Pill.list"
arm-none-eabi-objcopy  -O binary  Blue_Pill.elf  "Blue_Pill.bin"
Finished building: Blue_Pill.bin
 
   text	   data	    bss	    dec	    hex	filename
   1700	      8	   1624	   3332	    d04	Blue_Pill.elf
Finished building: Blue_Pill.list
Finished building: default.size.stdout
 
 
17:41:57 **** Incremental Build of configuration Debug for project Blue_Pill ****
make -j4 all 
arm-none-eabi-gcc -gdwarf-2 "../Src/main.c" -mcpu=cortex-m3 -std=gnu11 -g3 -DSTM32 -DSTM32F1 -DSTM32F103C8Tx -DDEBUG -c -I"C:/Users/abdullah/Desktop/Blue_Pill/Blue_Pill/Drivers/Inc" -I"C:/Users/abdullah/Desktop/Blue_Pill/Blue_Pill/Inc" -O0 -ffunction-sections -fdata-sections -Wall -fstack-usage -MMD -MP -MF"Src/main.d" -MT"Src/main.o" --specs=nano.specs -mfloat-abi=soft -mthumb -o "Src/main.o"
../Src/main.c: In function 'main':
../Src/main.c:44:2: warning: implicit declaration of function 'SysTick_Config'; did you mean 'SysTick_Handler'? [-Wimplicit-function-declaration]
  SysTick_Config((uint32_t)8000);/* For The Delay Function */
  ^~~~~~~~~~~~~~
  SysTick_Handler
arm-none-eabi-gcc -o "Blue_Pill.elf" @"objects.list"   -mcpu=cortex-m3 -T"C:\Users\abdullah\Desktop\Blue_Pill\Blue_Pill\STM32F103C8TX_FLASH.ld" --specs=nosys.specs -Wl,-Map="Blue_Pill.map" -Wl,--gc-sections -static --specs=nano.specs -mfloat-abi=soft -mthumb -Wl,--start-group -lc -lm -Wl,--end-group
Src/main.o: In function `main':
C:/Users/abdullah/Desktop/Blue_Pill/Blue_Pill/Debug/../Src/main.c:44: undefined reference to `SysTick_Config'
collect2.exe: error: ld returned 1 exit status
make: *** [makefile:55: Blue_Pill.elf] Error 1
"make -j4 all" terminated with exit code 2. Build might be incomplete.
17:57:08 **** Incremental Build of configuration Debug for project Blue_Pill ****
make -j4 all 
arm-none-eabi-gcc -gdwarf-2 "../Src/main.c" -mcpu=cortex-m3 -std=gnu11 -g3 -DSTM32 -DSTM32F1 -DSTM32F103C8Tx -DDEBUG -c -I"C:/Users/abdullah/Desktop/Blue_Pill/Blue_Pill/Drivers/Inc" -I"C:/Users/abdullah/Desktop/Blue_Pill/Blue_Pill/Inc" -O0 -ffunction-sections -fdata-sections -Wall -fstack-usage -MMD -MP -MF"Src/main.d" -MT"Src/main.o" --specs=nano.specs -mfloat-abi=soft -mthumb -o "Src/main.o"
../Src/main.c:28:10: fatal error: core_cm3.h: No such file or directory
 #include "core_cm3.h"
          ^~~~~~~~~~~~
compilation terminated.
make: *** [Src/subdir.mk:24: Src/main.o] Error 1
"make -j4 all" terminated with exit code 2. Build might be incomplete.
17:58:19 **** Incremental Build of configuration Debug for project Blue_Pill ****
make -j4 all 
arm-none-eabi-gcc -gdwarf-2 -mcpu=cortex-m3 -g3 -c -I"C:/Users/abdullah/Desktop/Blue_Pill/Blue_Pill/Drivers/Inc" -I"C:/Users/abdullah/Desktop/Blue_Pill/Blue_Pill/CMSIS" -x assembler-with-cpp -MMD -MP -MF"Startup/startup_stm32f103c8tx.d" -MT"Startup/startup_stm32f103c8tx.o" --specs=nano.specs -mfloat-abi=soft -mthumb -o "Startup/startup_stm32f103c8tx.o" "../Startup/startup_stm32f103c8tx.s"
arm-none-eabi-gcc -gdwarf-2 "../Src/main.c" -mcpu=cortex-m3 -std=gnu11 -g3 -DSTM32 -DSTM32F1 -DSTM32F103C8Tx -DDEBUG -c -I"C:/Users/abdullah/Desktop/Blue_Pill/Blue_Pill/Drivers/Inc" -I"C:/Users/abdullah/Desktop/Blue_Pill/Blue_Pill/Inc" -I"C:/Users/abdullah/Desktop/Blue_Pill/Blue_Pill/CMSIS" -O0 -ffunction-sections -fdata-sections -Wall -fstack-usage -MMD -MP -MF"Src/main.d" -MT"Src/main.o" --specs=nano.specs -mfloat-abi=soft -mthumb -o "Src/main.o"
arm-none-eabi-gcc -gdwarf-2 "../Src/syscalls.c" -mcpu=cortex-m3 -std=gnu11 -g3 -DSTM32 -DSTM32F1 -DSTM32F103C8Tx -DDEBUG -c -I"C:/Users/abdullah/Desktop/Blue_Pill/Blue_Pill/Drivers/Inc" -I"C:/Users/abdullah/Desktop/Blue_Pill/Blue_Pill/Inc" -I"C:/Users/abdullah/Desktop/Blue_Pill/Blue_Pill/CMSIS" -O0 -ffunction-sections -fdata-sections -Wall -fstack-usage -MMD -MP -MF"Src/syscalls.d" -MT"Src/syscalls.o" --specs=nano.specs -mfloat-abi=soft -mthumb -o "Src/syscalls.o"
arm-none-eabi-gcc -gdwarf-2 "../Src/sysmem.c" -mcpu=cortex-m3 -std=gnu11 -g3 -DSTM32 -DSTM32F1 -DSTM32F103C8Tx -DDEBUG -c -I"C:/Users/abdullah/Desktop/Blue_Pill/Blue_Pill/Drivers/Inc" -I"C:/Users/abdullah/Desktop/Blue_Pill/Blue_Pill/Inc" -I"C:/Users/abdullah/Desktop/Blue_Pill/Blue_Pill/CMSIS" -O0 -ffunction-sections -fdata-sections -Wall -fstack-usage -MMD -MP -MF"Src/sysmem.d" -MT"Src/sysmem.o" --specs=nano.specs -mfloat-abi=soft -mthumb -o "Src/sysmem.o"
arm-none-eabi-gcc -gdwarf-2 "../Drivers/MCAL/USART/stm32f103c8_usart_driver.c" -mcpu=cortex-m3 -std=gnu11 -g3 -DSTM32 -DSTM32F1 -DSTM32F103C8Tx -DDEBUG -c -I"C:/Users/abdullah/Desktop/Blue_Pill/Blue_Pill/Drivers/Inc" -I"C:/Users/abdullah/Desktop/Blue_Pill/Blue_Pill/Inc" -I"C:/Users/abdullah/Desktop/Blue_Pill/Blue_Pill/CMSIS" -O0 -ffunction-sections -fdata-sections -Wall -fstack-usage -MMD -MP -MF"Drivers/MCAL/USART/stm32f103c8_usart_driver.d" -MT"Drivers/MCAL/USART/stm32f103c8_usart_driver.o" --specs=nano.specs -mfloat-abi=soft -mthumb -o "Drivers/MCAL/USART/stm32f103c8_usart_driver.o"
In file included from C:/Users/abdullah/Desktop/Blue_Pill/Blue_Pill/CMSIS/ARMCM3.h:98:0,
                 from C:/Users/abdullah/Desktop/Blue_Pill/Blue_Pill/CMSIS/core_cm3.h:24,
                 from ../Src/main.c:28:
C:/Users/abdullah/Desktop/Blue_Pill/Blue_Pill/CMSIS/core_cm3.h:1387:0: warning: "NVIC_BASE" redefined
 #define NVIC_BASE           (SCS_BASE +  0x0100UL)                    /*!< NVIC Base Address */
 
In file included from ../Src/main.c:23:0:
C:/Users/abdullah/Desktop/Blue_Pill/Blue_Pill/Drivers/Inc/stm32f103c8.h:38:0: note: this is the location of the previous definition
 #define NVIC_BASE         0xE000E100UL
 
arm-none-eabi-gcc -gdwarf-2 "../Drivers/MCAL/RCC/stm32f103c8_rcc_driver.c" -mcpu=cortex-m3 -std=gnu11 -g3 -DSTM32 -DSTM32F1 -DSTM32F103C8Tx -DDEBUG -c -I"C:/Users/abdullah/Desktop/Blue_Pill/Blue_Pill/Drivers/Inc" -I"C:/Users/abdullah/Desktop/Blue_Pill/Blue_Pill/Inc" -I"C:/Users/abdullah/Desktop/Blue_Pill/Blue_Pill/CMSIS" -O0 -ffunction-sections -fdata-sections -Wall -fstack-usage -MMD -MP -MF"Drivers/MCAL/RCC/stm32f103c8_rcc_driver.d" -MT"Drivers/MCAL/RCC/stm32f103c8_rcc_driver.o" --specs=nano.specs -mfloat-abi=soft -mthumb -o "Drivers/MCAL/RCC/stm32f103c8_rcc_driver.o"
arm-none-eabi-gcc -gdwarf-2 "../Drivers/MCAL/GPIO/stm32f103c8_gpio_driver.c" -mcpu=cortex-m3 -std=gnu11 -g3 -DSTM32 -DSTM32F1 -DSTM32F103C8Tx -DDEBUG -c -I"C:/Users/abdullah/Desktop/Blue_Pill/Blue_Pill/Drivers/Inc" -I"C:/Users/abdullah/Desktop/Blue_Pill/Blue_Pill/Inc" -I"C:/Users/abdullah/Desktop/Blue_Pill/Blue_Pill/CMSIS" -O0 -ffunction-sections -fdata-sections -Wall -fstack-usage -MMD -MP -MF"Drivers/MCAL/GPIO/stm32f103c8_gpio_driver.d" -MT"Drivers/MCAL/GPIO/stm32f103c8_gpio_driver.o" --specs=nano.specs -mfloat-abi=soft -mthumb -o "Drivers/MCAL/GPIO/stm32f103c8_gpio_driver.o"
arm-none-eabi-gcc -gdwarf-2 "../Drivers/MCAL/EXTI/stm32f103c8_exti_driver.c" -mcpu=cortex-m3 -std=gnu11 -g3 -DSTM32 -DSTM32F1 -DSTM32F103C8Tx -DDEBUG -c -I"C:/Users/abdullah/Desktop/Blue_Pill/Blue_Pill/Drivers/Inc" -I"C:/Users/abdullah/Desktop/Blue_Pill/Blue_Pill/Inc" -I"C:/Users/abdullah/Desktop/Blue_Pill/Blue_Pill/CMSIS" -O0 -ffunction-sections -fdata-sections -Wall -fstack-usage -MMD -MP -MF"Drivers/MCAL/EXTI/stm32f103c8_exti_driver.d" -MT"Drivers/MCAL/EXTI/stm32f103c8_exti_driver.o" --specs=nano.specs -mfloat-abi=soft -mthumb -o "Drivers/MCAL/EXTI/stm32f103c8_exti_driver.o"
arm-none-eabi-gcc -gdwarf-2 "../Drivers/HAL/LCD/lcd.c" -mcpu=cortex-m3 -std=gnu11 -g3 -DSTM32 -DSTM32F1 -DSTM32F103C8Tx -DDEBUG -c -I"C:/Users/abdullah/Desktop/Blue_Pill/Blue_Pill/Drivers/Inc" -I"C:/Users/abdullah/Desktop/Blue_Pill/Blue_Pill/Inc" -I"C:/Users/abdullah/Desktop/Blue_Pill/Blue_Pill/CMSIS" -O0 -ffunction-sections -fdata-sections -Wall -fstack-usage -MMD -MP -MF"Drivers/HAL/LCD/lcd.d" -MT"Drivers/HAL/LCD/lcd.o" --specs=nano.specs -mfloat-abi=soft -mthumb -o "Drivers/HAL/LCD/lcd.o"
arm-none-eabi-gcc -gdwarf-2 "../Drivers/HAL/Keypad/keypad.c" -mcpu=cortex-m3 -std=gnu11 -g3 -DSTM32 -DSTM32F1 -DSTM32F103C8Tx -DDEBUG -c -I"C:/Users/abdullah/Desktop/Blue_Pill/Blue_Pill/Drivers/Inc" -I"C:/Users/abdullah/Desktop/Blue_Pill/Blue_Pill/Inc" -I"C:/Users/abdullah/Desktop/Blue_Pill/Blue_Pill/CMSIS" -O0 -ffunction-sections -fdata-sections -Wall -fstack-usage -MMD -MP -MF"Drivers/HAL/Keypad/keypad.d" -MT"Drivers/HAL/Keypad/keypad.o" --specs=nano.specs -mfloat-abi=soft -mthumb -o "Drivers/HAL/Keypad/keypad.o"
arm-none-eabi-gcc -o "Blue_Pill.elf" @"objects.list"   -mcpu=cortex-m3 -T"C:\Users\abdullah\Desktop\Blue_Pill\Blue_Pill\STM32F103C8TX_FLASH.ld" --specs=nosys.specs -Wl,-Map="Blue_Pill.map" -Wl,--gc-sections -static --specs=nano.specs -mfloat-abi=soft -mthumb -Wl,--start-group -lc -lm -Wl,--end-group
Finished building target: Blue_Pill.elf
 
arm-none-eabi-objdump -h -S  Blue_Pill.elf  > "Blue_Pill.list"
arm-none-eabi-objcopy  -O binary  Blue_Pill.elf  "Blue_Pill.bin"
arm-none-eabi-size   Blue_Pill.elf 
   text	   data	    bss	    dec	    hex	filename
   1876	      8	   1632	   3516	    dbc	Blue_Pill.elf
Finished building: default.size.stdout
 
Finished building: Blue_Pill.bin
 
Finished building: Blue_Pill.list
 
17:58:38 **** Incremental Build of configuration Debug for project Blue_Pill ****
make -j4 all 
arm-none-eabi-size   Blue_Pill.elf 
   text	   data	    bss	    dec	    hex	filename
   1876	      8	   1632	   3516	    dbc	Blue_Pill.elf
Finished building: default.size.stdout
 
18:15:35 **** Incremental Build of configuration Debug for project Blue_Pill ****
make -j4 all 
arm-none-eabi-size   Blue_Pill.elf 
   text	   data	    bss	    dec	    hex	filename
   1876	      8	   1632	   3516	    dbc	Blue_Pill.elf
Finished building: default.size.stdout
 
18:15:46 **** Incremental Build of configuration Debug for project Blue_Pill ****
make -j4 all 
arm-none-eabi-size   Blue_Pill.elf 
   text	   data	    bss	    dec	    hex	filename
   1876	      8	   1632	   3516	    dbc	Blue_Pill.elf
Finished building: default.size.stdout
 
18:32:02 **** Incremental Build of configuration Debug for project Blue_Pill ****
make -j4 all 
arm-none-eabi-size   Blue_Pill.elf 
   text	   data	    bss	    dec	    hex	filename
   1876	      8	   1632	   3516	    dbc	Blue_Pill.elf
Finished building: default.size.stdout
 
18:33:43 **** Incremental Build of configuration Debug for project Blue_Pill ****
make -j4 all 
arm-none-eabi-size   Blue_Pill.elf 
   text	   data	    bss	    dec	    hex	filename
   1876	      8	   1632	   3516	    dbc	Blue_Pill.elf
Finished building: default.size.stdout
 
18:34:46 **** Incremental Build of configuration Debug for project Blue_Pill ****
make -j4 all 
arm-none-eabi-size   Blue_Pill.elf 
   text	   data	    bss	    dec	    hex	filename
   1876	      8	   1632	   3516	    dbc	Blue_Pill.elf
Finished building: default.size.stdout
 
18:40:10 **** Incremental Build of configuration Debug for project Blue_Pill ****
make -j4 all 
arm-none-eabi-gcc -gdwarf-2 "../Src/main.c" -mcpu=cortex-m3 -std=gnu11 -g3 -DSTM32 -DSTM32F1 -DSTM32F103C8Tx -DDEBUG -c -I"C:/Users/abdullah/Desktop/Blue_Pill/Blue_Pill/Drivers/Inc" -I"C:/Users/abdullah/Desktop/Blue_Pill/Blue_Pill/Inc" -I"C:/Users/abdullah/Desktop/Blue_Pill/Blue_Pill/CMSIS" -O0 -ffunction-sections -fdata-sections -Wall -fstack-usage -MMD -MP -MF"Src/main.d" -MT"Src/main.o" --specs=nano.specs -mfloat-abi=soft -mthumb -o "Src/main.o"
In file included from C:/Users/abdullah/Desktop/Blue_Pill/Blue_Pill/CMSIS/ARMCM3.h:98:0,
                 from C:/Users/abdullah/Desktop/Blue_Pill/Blue_Pill/CMSIS/core_cm3.h:24,
                 from ../Src/main.c:28:
C:/Users/abdullah/Desktop/Blue_Pill/Blue_Pill/CMSIS/core_cm3.h:1387:0: warning: "NVIC_BASE" redefined
 #define NVIC_BASE           (SCS_BASE +  0x0100UL)                    /*!< NVIC Base Address */
 
In file included from ../Src/main.c:23:0:
C:/Users/abdullah/Desktop/Blue_Pill/Blue_Pill/Drivers/Inc/stm32f103c8.h:38:0: note: this is the location of the previous definition
 #define NVIC_BASE         0xE000E100UL
 
arm-none-eabi-gcc -o "Blue_Pill.elf" @"objects.list"   -mcpu=cortex-m3 -T"C:\Users\abdullah\Desktop\Blue_Pill\Blue_Pill\STM32F103C8TX_FLASH.ld" --specs=nosys.specs -Wl,-Map="Blue_Pill.map" -Wl,--gc-sections -static --specs=nano.specs -mfloat-abi=soft -mthumb -Wl,--start-group -lc -lm -Wl,--end-group
Finished building target: Blue_Pill.elf
 
arm-none-eabi-objdump -h -S  Blue_Pill.elf  > "Blue_Pill.list"
arm-none-eabi-objcopy  -O binary  Blue_Pill.elf  "Blue_Pill.bin"
arm-none-eabi-size   Blue_Pill.elf 
   text	   data	    bss	    dec	    hex	filename
   1884	      8	   1632	   3524	    dc4	Blue_Pill.elf
Finished building: default.size.stdout
 
Finished building: Blue_Pill.bin
 
Finished building: Blue_Pill.list
 
18:40:34 **** Incremental Build of configuration Debug for project Blue_Pill ****
make -j4 all 
arm-none-eabi-gcc -gdwarf-2 "../Src/main.c" -mcpu=cortex-m3 -std=gnu11 -g3 -DSTM32 -DSTM32F1 -DSTM32F103C8Tx -DDEBUG -c -I"C:/Users/abdullah/Desktop/Blue_Pill/Blue_Pill/Drivers/Inc" -I"C:/Users/abdullah/Desktop/Blue_Pill/Blue_Pill/Inc" -I"C:/Users/abdullah/Desktop/Blue_Pill/Blue_Pill/CMSIS" -O0 -ffunction-sections -fdata-sections -Wall -fstack-usage -MMD -MP -MF"Src/main.d" -MT"Src/main.o" --specs=nano.specs -mfloat-abi=soft -mthumb -o "Src/main.o"
In file included from C:/Users/abdullah/Desktop/Blue_Pill/Blue_Pill/CMSIS/ARMCM3.h:98:0,
                 from C:/Users/abdullah/Desktop/Blue_Pill/Blue_Pill/CMSIS/core_cm3.h:24,
                 from ../Src/main.c:28:
C:/Users/abdullah/Desktop/Blue_Pill/Blue_Pill/CMSIS/core_cm3.h:1387:0: warning: "NVIC_BASE" redefined
 #define NVIC_BASE           (SCS_BASE +  0x0100UL)                    /*!< NVIC Base Address */
 
In file included from ../Src/main.c:23:0:
C:/Users/abdullah/Desktop/Blue_Pill/Blue_Pill/Drivers/Inc/stm32f103c8.h:38:0: note: this is the location of the previous definition
 #define NVIC_BASE         0xE000E100UL
 
arm-none-eabi-gcc -o "Blue_Pill.elf" @"objects.list"   -mcpu=cortex-m3 -T"C:\Users\abdullah\Desktop\Blue_Pill\Blue_Pill\STM32F103C8TX_FLASH.ld" --specs=nosys.specs -Wl,-Map="Blue_Pill.map" -Wl,--gc-sections -static --specs=nano.specs -mfloat-abi=soft -mthumb -Wl,--start-group -lc -lm -Wl,--end-group
Finished building target: Blue_Pill.elf
 
arm-none-eabi-objdump -h -S  Blue_Pill.elf  > "Blue_Pill.list"
arm-none-eabi-objcopy  -O binary  Blue_Pill.elf  "Blue_Pill.bin"
arm-none-eabi-size   Blue_Pill.elf 
   text	   data	    bss	    dec	    hex	filename
   1880	      8	   1632	   3520	    dc0	Blue_Pill.elf
Finished building: default.size.stdout
 
Finished building: Blue_Pill.bin
 
Finished building: Blue_Pill.list
 
18:40:47 **** Incremental Build of configuration Debug for project Blue_Pill ****
make -j4 all 
arm-none-eabi-size   Blue_Pill.elf 
   text	   data	    bss	    dec	    hex	filename
   1880	      8	   1632	   3520	    dc0	Blue_Pill.elf
Finished building: default.size.stdout
 
18:41:50 **** Incremental Build of configuration Debug for project Blue_Pill ****
make -j4 all 
arm-none-eabi-size   Blue_Pill.elf 
   text	   data	    bss	    dec	    hex	filename
   1880	      8	   1632	   3520	    dc0	Blue_Pill.elf
Finished building: default.size.stdout
 
18:42:27 **** Incremental Build of configuration Debug for project Blue_Pill ****
make -j4 all 
arm-none-eabi-size   Blue_Pill.elf 
   text	   data	    bss	    dec	    hex	filename
   1880	      8	   1632	   3520	    dc0	Blue_Pill.elf
Finished building: default.size.stdout
 
18:44:59 **** Incremental Build of configuration Debug for project Blue_Pill ****
make -j4 all 
arm-none-eabi-size   Blue_Pill.elf 
   text	   data	    bss	    dec	    hex	filename
   1880	      8	   1632	   3520	    dc0	Blue_Pill.elf
Finished building: default.size.stdout
 
18:45:02 **** Incremental Build of configuration Debug for project Blue_Pill ****
make -j4 all 
arm-none-eabi-size   Blue_Pill.elf 
   text	   data	    bss	    dec	    hex	filename
   1880	      8	   1632	   3520	    dc0	Blue_Pill.elf
Finished building: default.size.stdout
 
18:45:31 **** Incremental Build of configuration Debug for project Blue_Pill ****
make -j4 all 
arm-none-eabi-size   Blue_Pill.elf 
   text	   data	    bss	    dec	    hex	filename
   1880	      8	   1632	   3520	    dc0	Blue_Pill.elf
Finished building: default.size.stdout
 
18:46:56 **** Incremental Build of configuration Debug for project Blue_Pill ****
make -j4 all 
arm-none-eabi-size   Blue_Pill.elf 
   text	   data	    bss	    dec	    hex	filename
   1880	      8	   1632	   3520	    dc0	Blue_Pill.elf
Finished building: default.size.stdout
 
19:40:06 **** Incremental Build of configuration Debug for project Blue_Pill ****
make -j4 all 
arm-none-eabi-gcc -gdwarf-2 "../Src/main.c" -mcpu=cortex-m3 -std=gnu11 -g3 -DSTM32 -DSTM32F1 -DSTM32F103C8Tx -DDEBUG -c -I"C:/Users/abdullah/Desktop/Blue_Pill/Blue_Pill/Drivers/Inc" -I"C:/Users/abdullah/Desktop/Blue_Pill/Blue_Pill/Inc" -I"C:/Users/abdullah/Desktop/Blue_Pill/Blue_Pill/CMSIS" -O0 -ffunction-sections -fdata-sections -Wall -fstack-usage -MMD -MP -MF"Src/main.d" -MT"Src/main.o" --specs=nano.specs -mfloat-abi=soft -mthumb -o "Src/main.o"
In file included from C:/Users/abdullah/Desktop/Blue_Pill/Blue_Pill/CMSIS/ARMCM3.h:98:0,
                 from C:/Users/abdullah/Desktop/Blue_Pill/Blue_Pill/CMSIS/core_cm3.h:24,
                 from ../Src/main.c:28:
C:/Users/abdullah/Desktop/Blue_Pill/Blue_Pill/CMSIS/core_cm3.h:1387:0: warning: "NVIC_BASE" redefined
 #define NVIC_BASE           (SCS_BASE +  0x0100UL)                    /*!< NVIC Base Address */
 
In file included from ../Src/main.c:23:0:
C:/Users/abdullah/Desktop/Blue_Pill/Blue_Pill/Drivers/Inc/stm32f103c8.h:38:0: note: this is the location of the previous definition
 #define NVIC_BASE         0xE000E100UL
 
arm-none-eabi-gcc -o "Blue_Pill.elf" @"objects.list"   -mcpu=cortex-m3 -T"C:\Users\abdullah\Desktop\Blue_Pill\Blue_Pill\STM32F103C8TX_FLASH.ld" --specs=nosys.specs -Wl,-Map="Blue_Pill.map" -Wl,--gc-sections -static --specs=nano.specs -mfloat-abi=soft -mthumb -Wl,--start-group -lc -lm -Wl,--end-group
Finished building target: Blue_Pill.elf
 
arm-none-eabi-objdump -h -S  Blue_Pill.elf  > "Blue_Pill.list"
arm-none-eabi-objcopy  -O binary  Blue_Pill.elf  "Blue_Pill.bin"
arm-none-eabi-size   Blue_Pill.elf 
   text	   data	    bss	    dec	    hex	filename
   1880	      8	   1632	   3520	    dc0	Blue_Pill.elf
Finished building: default.size.stdout
Finished building: Blue_Pill.bin
 
 
Finished building: Blue_Pill.list
 
19:40:56 **** Incremental Build of configuration Debug for project Blue_Pill ****
make -j4 all 
arm-none-eabi-size   Blue_Pill.elf 
   text	   data	    bss	    dec	    hex	filename
   1880	      8	   1632	   3520	    dc0	Blue_Pill.elf
Finished building: default.size.stdout
 
19:49:53 **** Incremental Build of configuration Debug for project Blue_Pill ****
make -j4 all 
arm-none-eabi-gcc -gdwarf-2 "../Src/main.c" -mcpu=cortex-m3 -std=gnu11 -g3 -DSTM32 -DSTM32F1 -DSTM32F103C8Tx -DDEBUG -c -I"C:/Users/abdullah/Desktop/Blue_Pill/Blue_Pill/Drivers/Inc" -I"C:/Users/abdullah/Desktop/Blue_Pill/Blue_Pill/Inc" -I"C:/Users/abdullah/Desktop/Blue_Pill/Blue_Pill/CMSIS" -O0 -ffunction-sections -fdata-sections -Wall -fstack-usage -MMD -MP -MF"Src/main.d" -MT"Src/main.o" --specs=nano.specs -mfloat-abi=soft -mthumb -o "Src/main.o"
arm-none-eabi-gcc -gdwarf-2 "../Drivers/MCAL/RCC/stm32f103c8_rcc_driver.c" -mcpu=cortex-m3 -std=gnu11 -g3 -DSTM32 -DSTM32F1 -DSTM32F103C8Tx -DDEBUG -c -I"C:/Users/abdullah/Desktop/Blue_Pill/Blue_Pill/Drivers/Inc" -I"C:/Users/abdullah/Desktop/Blue_Pill/Blue_Pill/Inc" -I"C:/Users/abdullah/Desktop/Blue_Pill/Blue_Pill/CMSIS" -O0 -ffunction-sections -fdata-sections -Wall -fstack-usage -MMD -MP -MF"Drivers/MCAL/RCC/stm32f103c8_rcc_driver.d" -MT"Drivers/MCAL/RCC/stm32f103c8_rcc_driver.o" --specs=nano.specs -mfloat-abi=soft -mthumb -o "Drivers/MCAL/RCC/stm32f103c8_rcc_driver.o"
In file included from C:/Users/abdullah/Desktop/Blue_Pill/Blue_Pill/CMSIS/ARMCM3.h:98:0,
                 from C:/Users/abdullah/Desktop/Blue_Pill/Blue_Pill/CMSIS/core_cm3.h:24,
                 from ../Src/main.c:28:
C:/Users/abdullah/Desktop/Blue_Pill/Blue_Pill/CMSIS/core_cm3.h:1387:0: warning: "NVIC_BASE" redefined
 #define NVIC_BASE           (SCS_BASE +  0x0100UL)                    /*!< NVIC Base Address */
 
In file included from ../Src/main.c:23:0:
C:/Users/abdullah/Desktop/Blue_Pill/Blue_Pill/Drivers/Inc/stm32f103c8.h:38:0: note: this is the location of the previous definition
 #define NVIC_BASE         0xE000E100UL
 
arm-none-eabi-gcc -o "Blue_Pill.elf" @"objects.list"   -mcpu=cortex-m3 -T"C:\Users\abdullah\Desktop\Blue_Pill\Blue_Pill\STM32F103C8TX_FLASH.ld" --specs=nosys.specs -Wl,-Map="Blue_Pill.map" -Wl,--gc-sections -static --specs=nano.specs -mfloat-abi=soft -mthumb -Wl,--start-group -lc -lm -Wl,--end-group
Finished building target: Blue_Pill.elf
 
arm-none-eabi-objdump -h -S  Blue_Pill.elf  > "Blue_Pill.list"
arm-none-eabi-objcopy  -O binary  Blue_Pill.elf  "Blue_Pill.bin"
arm-none-eabi-size   Blue_Pill.elf 
   text	   data	    bss	    dec	    hex	filename
   1720	      8	   1632	   3360	    d20	Blue_Pill.elf
Finished building: default.size.stdout
 
Finished building: Blue_Pill.list
Finished building: Blue_Pill.bin
 
 
19:50:12 **** Incremental Build of configuration Debug for project Blue_Pill ****
make -j4 all 
arm-none-eabi-gcc -gdwarf-2 "../Src/main.c" -mcpu=cortex-m3 -std=gnu11 -g3 -DSTM32 -DSTM32F1 -DSTM32F103C8Tx -DDEBUG -c -I"C:/Users/abdullah/Desktop/Blue_Pill/Blue_Pill/Drivers/Inc" -I"C:/Users/abdullah/Desktop/Blue_Pill/Blue_Pill/Inc" -I"C:/Users/abdullah/Desktop/Blue_Pill/Blue_Pill/CMSIS" -O0 -ffunction-sections -fdata-sections -Wall -fstack-usage -MMD -MP -MF"Src/main.d" -MT"Src/main.o" --specs=nano.specs -mfloat-abi=soft -mthumb -o "Src/main.o"
In file included from C:/Users/abdullah/Desktop/Blue_Pill/Blue_Pill/CMSIS/ARMCM3.h:98:0,
                 from C:/Users/abdullah/Desktop/Blue_Pill/Blue_Pill/CMSIS/core_cm3.h:24,
                 from ../Src/main.c:28:
C:/Users/abdullah/Desktop/Blue_Pill/Blue_Pill/CMSIS/core_cm3.h:1387:0: warning: "NVIC_BASE" redefined
 #define NVIC_BASE           (SCS_BASE +  0x0100UL)                    /*!< NVIC Base Address */
 
In file included from ../Src/main.c:23:0:
C:/Users/abdullah/Desktop/Blue_Pill/Blue_Pill/Drivers/Inc/stm32f103c8.h:38:0: note: this is the location of the previous definition
 #define NVIC_BASE         0xE000E100UL
 
arm-none-eabi-gcc -o "Blue_Pill.elf" @"objects.list"   -mcpu=cortex-m3 -T"C:\Users\abdullah\Desktop\Blue_Pill\Blue_Pill\STM32F103C8TX_FLASH.ld" --specs=nosys.specs -Wl,-Map="Blue_Pill.map" -Wl,--gc-sections -static --specs=nano.specs -mfloat-abi=soft -mthumb -Wl,--start-group -lc -lm -Wl,--end-group
Finished building target: Blue_Pill.elf
 
arm-none-eabi-objdump -h -S  Blue_Pill.elf  > "Blue_Pill.list"
arm-none-eabi-objcopy  -O binary  Blue_Pill.elf  "Blue_Pill.bin"
arm-none-eabi-size   Blue_Pill.elf 
   text	   data	    bss	    dec	    hex	filename
   1720	      8	   1632	   3360	    d20	Blue_Pill.elf
Finished building: default.size.stdout
 
Finished building: Blue_Pill.bin
Finished building: Blue_Pill.list
 
 
19:50:19 **** Incremental Build of configuration Debug for project Blue_Pill ****
make -j4 all 
arm-none-eabi-size   Blue_Pill.elf 
   text	   data	    bss	    dec	    hex	filename
   1720	      8	   1632	   3360	    d20	Blue_Pill.elf
Finished building: default.size.stdout
 
19:52:09 **** Incremental Build of configuration Debug for project Blue_Pill ****
make -j4 all 
arm-none-eabi-size   Blue_Pill.elf 
   text	   data	    bss	    dec	    hex	filename
   1720	      8	   1632	   3360	    d20	Blue_Pill.elf
Finished building: default.size.stdout
 
19:54:41 **** Incremental Build of configuration Debug for project Blue_Pill ****
make -j4 all 
arm-none-eabi-gcc -gdwarf-2 "../Src/main.c" -mcpu=cortex-m3 -std=gnu11 -g3 -DSTM32 -DSTM32F1 -DSTM32F103C8Tx -DDEBUG -c -I"C:/Users/abdullah/Desktop/Blue_Pill/Blue_Pill/Drivers/Inc" -I"C:/Users/abdullah/Desktop/Blue_Pill/Blue_Pill/Inc" -I"C:/Users/abdullah/Desktop/Blue_Pill/Blue_Pill/CMSIS" -O0 -ffunction-sections -fdata-sections -Wall -fstack-usage -MMD -MP -MF"Src/main.d" -MT"Src/main.o" --specs=nano.specs -mfloat-abi=soft -mthumb -o "Src/main.o"
In file included from C:/Users/abdullah/Desktop/Blue_Pill/Blue_Pill/CMSIS/ARMCM3.h:98:0,
                 from C:/Users/abdullah/Desktop/Blue_Pill/Blue_Pill/CMSIS/core_cm3.h:24,
                 from ../Src/main.c:28:
C:/Users/abdullah/Desktop/Blue_Pill/Blue_Pill/CMSIS/core_cm3.h:1387:0: warning: "NVIC_BASE" redefined
 #define NVIC_BASE           (SCS_BASE +  0x0100UL)                    /*!< NVIC Base Address */
 
In file included from ../Src/main.c:23:0:
C:/Users/abdullah/Desktop/Blue_Pill/Blue_Pill/Drivers/Inc/stm32f103c8.h:38:0: note: this is the location of the previous definition
 #define NVIC_BASE         0xE000E100UL
 
arm-none-eabi-gcc -o "Blue_Pill.elf" @"objects.list"   -mcpu=cortex-m3 -T"C:\Users\abdullah\Desktop\Blue_Pill\Blue_Pill\STM32F103C8TX_FLASH.ld" --specs=nosys.specs -Wl,-Map="Blue_Pill.map" -Wl,--gc-sections -static --specs=nano.specs -mfloat-abi=soft -mthumb -Wl,--start-group -lc -lm -Wl,--end-group
Finished building target: Blue_Pill.elf
 
arm-none-eabi-objdump -h -S  Blue_Pill.elf  > "Blue_Pill.list"
arm-none-eabi-objcopy  -O binary  Blue_Pill.elf  "Blue_Pill.bin"
arm-none-eabi-size   Blue_Pill.elf 
   text	   data	    bss	    dec	    hex	filename
   1716	      8	   1632	   3356	    d1c	Blue_Pill.elf
Finished building: default.size.stdout
 
Finished building: Blue_Pill.bin
 
Finished building: Blue_Pill.list
 
19:55:52 **** Incremental Build of configuration Debug for project Blue_Pill ****
make -j4 all 
arm-none-eabi-gcc -gdwarf-2 "../Src/main.c" -mcpu=cortex-m3 -std=gnu11 -g3 -DSTM32 -DSTM32F1 -DSTM32F103C8Tx -DDEBUG -c -I"C:/Users/abdullah/Desktop/Blue_Pill/Blue_Pill/Drivers/Inc" -I"C:/Users/abdullah/Desktop/Blue_Pill/Blue_Pill/Inc" -I"C:/Users/abdullah/Desktop/Blue_Pill/Blue_Pill/CMSIS" -O0 -ffunction-sections -fdata-sections -Wall -fstack-usage -MMD -MP -MF"Src/main.d" -MT"Src/main.o" --specs=nano.specs -mfloat-abi=soft -mthumb -o "Src/main.o"
In file included from C:/Users/abdullah/Desktop/Blue_Pill/Blue_Pill/CMSIS/ARMCM3.h:98:0,
                 from C:/Users/abdullah/Desktop/Blue_Pill/Blue_Pill/CMSIS/core_cm3.h:24,
                 from ../Src/main.c:28:
C:/Users/abdullah/Desktop/Blue_Pill/Blue_Pill/CMSIS/core_cm3.h:1387:0: warning: "NVIC_BASE" redefined
 #define NVIC_BASE           (SCS_BASE +  0x0100UL)                    /*!< NVIC Base Address */
 
In file included from ../Src/main.c:23:0:
C:/Users/abdullah/Desktop/Blue_Pill/Blue_Pill/Drivers/Inc/stm32f103c8.h:38:0: note: this is the location of the previous definition
 #define NVIC_BASE         0xE000E100UL
 
arm-none-eabi-gcc -o "Blue_Pill.elf" @"objects.list"   -mcpu=cortex-m3 -T"C:\Users\abdullah\Desktop\Blue_Pill\Blue_Pill\STM32F103C8TX_FLASH.ld" --specs=nosys.specs -Wl,-Map="Blue_Pill.map" -Wl,--gc-sections -static --specs=nano.specs -mfloat-abi=soft -mthumb -Wl,--start-group -lc -lm -Wl,--end-group
Finished building target: Blue_Pill.elf
 
arm-none-eabi-objdump -h -S  Blue_Pill.elf  > "Blue_Pill.list"
arm-none-eabi-objcopy  -O binary  Blue_Pill.elf  "Blue_Pill.bin"
arm-none-eabi-size   Blue_Pill.elf 
   text	   data	    bss	    dec	    hex	filename
   1716	      8	   1632	   3356	    d1c	Blue_Pill.elf
Finished building: default.size.stdout
 
Finished building: Blue_Pill.bin
Finished building: Blue_Pill.list
 
 
19:59:58 **** Incremental Build of configuration Debug for project Blue_Pill ****
make -j4 all 
arm-none-eabi-size   Blue_Pill.elf 
   text	   data	    bss	    dec	    hex	filename
   1716	      8	   1632	   3356	    d1c	Blue_Pill.elf
Finished building: default.size.stdout
 
20:01:38 **** Incremental Build of configuration Debug for project Blue_Pill ****
make -j4 all 
arm-none-eabi-size   Blue_Pill.elf 
   text	   data	    bss	    dec	    hex	filename
   1716	      8	   1632	   3356	    d1c	Blue_Pill.elf
Finished building: default.size.stdout
 
20:02:02 **** Incremental Build of configuration Debug for project Blue_Pill ****
make -j4 all 
arm-none-eabi-size   Blue_Pill.elf 
   text	   data	    bss	    dec	    hex	filename
   1716	      8	   1632	   3356	    d1c	Blue_Pill.elf
Finished building: default.size.stdout
 
20:45:38 **** Incremental Build of configuration Debug for project Blue_Pill ****
make -j4 all 
arm-none-eabi-gcc -gdwarf-2 "../Src/main.c" -mcpu=cortex-m3 -std=gnu11 -g3 -DSTM32 -DSTM32F1 -DSTM32F103C8Tx -DDEBUG -c -I"C:/Users/abdullah/Desktop/Blue_Pill/Blue_Pill/Drivers/Inc" -I"C:/Users/abdullah/Desktop/Blue_Pill/Blue_Pill/Inc" -I"C:/Users/abdullah/Desktop/Blue_Pill/Blue_Pill/CMSIS" -O0 -ffunction-sections -fdata-sections -Wall -fstack-usage -MMD -MP -MF"Src/main.d" -MT"Src/main.o" --specs=nano.specs -mfloat-abi=soft -mthumb -o "Src/main.o"
In file included from C:/Users/abdullah/Desktop/Blue_Pill/Blue_Pill/CMSIS/ARMCM3.h:98:0,
                 from C:/Users/abdullah/Desktop/Blue_Pill/Blue_Pill/CMSIS/core_cm3.h:24,
                 from ../Src/main.c:28:
C:/Users/abdullah/Desktop/Blue_Pill/Blue_Pill/CMSIS/core_cm3.h:1387:0: warning: "NVIC_BASE" redefined
 #define NVIC_BASE           (SCS_BASE +  0x0100UL)                    /*!< NVIC Base Address */
 
In file included from ../Src/main.c:23:0:
C:/Users/abdullah/Desktop/Blue_Pill/Blue_Pill/Drivers/Inc/stm32f103c8.h:38:0: note: this is the location of the previous definition
 #define NVIC_BASE         0xE000E100UL
 
arm-none-eabi-gcc -o "Blue_Pill.elf" @"objects.list"   -mcpu=cortex-m3 -T"C:\Users\abdullah\Desktop\Blue_Pill\Blue_Pill\STM32F103C8TX_FLASH.ld" --specs=nosys.specs -Wl,-Map="Blue_Pill.map" -Wl,--gc-sections -static --specs=nano.specs -mfloat-abi=soft -mthumb -Wl,--start-group -lc -lm -Wl,--end-group
Finished building target: Blue_Pill.elf
 
arm-none-eabi-objdump -h -S  Blue_Pill.elf  > "Blue_Pill.list"
arm-none-eabi-objcopy  -O binary  Blue_Pill.elf  "Blue_Pill.bin"
arm-none-eabi-size   Blue_Pill.elf 
   text	   data	    bss	    dec	    hex	filename
   1716	      8	   1632	   3356	    d1c	Blue_Pill.elf
Finished building: default.size.stdout
 
Finished building: Blue_Pill.bin
Finished building: Blue_Pill.list
 
 
20:45:58 **** Incremental Build of configuration Debug for project Blue_Pill ****
make -j4 all 
arm-none-eabi-size   Blue_Pill.elf 
   text	   data	    bss	    dec	    hex	filename
   1716	      8	   1632	   3356	    d1c	Blue_Pill.elf
Finished building: default.size.stdout
 
20:50:33 **** Incremental Build of configuration Debug for project Blue_Pill ****
make -j4 all 
arm-none-eabi-gcc -gdwarf-2 "../Src/main.c" -mcpu=cortex-m3 -std=gnu11 -g3 -DSTM32 -DSTM32F1 -DSTM32F103C8Tx -DDEBUG -c -I"C:/Users/abdullah/Desktop/Blue_Pill/Blue_Pill/Drivers/Inc" -I"C:/Users/abdullah/Desktop/Blue_Pill/Blue_Pill/Inc" -I"C:/Users/abdullah/Desktop/Blue_Pill/Blue_Pill/CMSIS" -O0 -ffunction-sections -fdata-sections -Wall -fstack-usage -MMD -MP -MF"Src/main.d" -MT"Src/main.o" --specs=nano.specs -mfloat-abi=soft -mthumb -o "Src/main.o"
In file included from C:/Users/abdullah/Desktop/Blue_Pill/Blue_Pill/CMSIS/ARMCM3.h:98:0,
                 from C:/Users/abdullah/Desktop/Blue_Pill/Blue_Pill/CMSIS/core_cm3.h:24,
                 from ../Src/main.c:28:
C:/Users/abdullah/Desktop/Blue_Pill/Blue_Pill/CMSIS/core_cm3.h:1387:0: warning: "NVIC_BASE" redefined
 #define NVIC_BASE           (SCS_BASE +  0x0100UL)                    /*!< NVIC Base Address */
 
In file included from ../Src/main.c:23:0:
C:/Users/abdullah/Desktop/Blue_Pill/Blue_Pill/Drivers/Inc/stm32f103c8.h:38:0: note: this is the location of the previous definition
 #define NVIC_BASE         0xE000E100UL
 
arm-none-eabi-gcc -o "Blue_Pill.elf" @"objects.list"   -mcpu=cortex-m3 -T"C:\Users\abdullah\Desktop\Blue_Pill\Blue_Pill\STM32F103C8TX_FLASH.ld" --specs=nosys.specs -Wl,-Map="Blue_Pill.map" -Wl,--gc-sections -static --specs=nano.specs -mfloat-abi=soft -mthumb -Wl,--start-group -lc -lm -Wl,--end-group
Finished building target: Blue_Pill.elf
 
arm-none-eabi-objdump -h -S  Blue_Pill.elf  > "Blue_Pill.list"
arm-none-eabi-objcopy  -O binary  Blue_Pill.elf  "Blue_Pill.bin"
arm-none-eabi-size   Blue_Pill.elf 
   text	   data	    bss	    dec	    hex	filename
   1716	      8	   1632	   3356	    d1c	Blue_Pill.elf
Finished building: default.size.stdout
 
Finished building: Blue_Pill.bin
 
Finished building: Blue_Pill.list
 
20:53:29 **** Incremental Build of configuration Debug for project Blue_Pill ****
make -j4 all 
arm-none-eabi-size   Blue_Pill.elf 
   text	   data	    bss	    dec	    hex	filename
   1716	      8	   1632	   3356	    d1c	Blue_Pill.elf
Finished building: default.size.stdout
 
20:55:01 **** Incremental Build of configuration Debug for project Blue_Pill ****
make -j4 all 
arm-none-eabi-gcc -gdwarf-2 "../Src/main.c" -mcpu=cortex-m3 -std=gnu11 -g3 -DSTM32 -DSTM32F1 -DSTM32F103C8Tx -DDEBUG -c -I"C:/Users/abdullah/Desktop/Blue_Pill/Blue_Pill/Drivers/Inc" -I"C:/Users/abdullah/Desktop/Blue_Pill/Blue_Pill/Inc" -I"C:/Users/abdullah/Desktop/Blue_Pill/Blue_Pill/CMSIS" -O0 -ffunction-sections -fdata-sections -Wall -fstack-usage -MMD -MP -MF"Src/main.d" -MT"Src/main.o" --specs=nano.specs -mfloat-abi=soft -mthumb -o "Src/main.o"
In file included from C:/Users/abdullah/Desktop/Blue_Pill/Blue_Pill/CMSIS/ARMCM3.h:98:0,
                 from C:/Users/abdullah/Desktop/Blue_Pill/Blue_Pill/CMSIS/core_cm3.h:24,
                 from ../Src/main.c:28:
C:/Users/abdullah/Desktop/Blue_Pill/Blue_Pill/CMSIS/core_cm3.h:1387:0: warning: "NVIC_BASE" redefined
 #define NVIC_BASE           (SCS_BASE +  0x0100UL)                    /*!< NVIC Base Address */
 
In file included from ../Src/main.c:23:0:
C:/Users/abdullah/Desktop/Blue_Pill/Blue_Pill/Drivers/Inc/stm32f103c8.h:38:0: note: this is the location of the previous definition
 #define NVIC_BASE         0xE000E100UL
 
../Src/main.c:37:13: warning: 'delay_ms' defined but not used [-Wunused-function]
 static void delay_ms(uint32_t delay)
             ^~~~~~~~
arm-none-eabi-gcc -o "Blue_Pill.elf" @"objects.list"   -mcpu=cortex-m3 -T"C:\Users\abdullah\Desktop\Blue_Pill\Blue_Pill\STM32F103C8TX_FLASH.ld" --specs=nosys.specs -Wl,-Map="Blue_Pill.map" -Wl,--gc-sections -static --specs=nano.specs -mfloat-abi=soft -mthumb -Wl,--start-group -lc -lm -Wl,--end-group
Finished building target: Blue_Pill.elf
 
arm-none-eabi-objdump -h -S  Blue_Pill.elf  > "Blue_Pill.list"
arm-none-eabi-objcopy  -O binary  Blue_Pill.elf  "Blue_Pill.bin"
arm-none-eabi-size   Blue_Pill.elf 
   text	   data	    bss	    dec	    hex	filename
   1688	      8	   1632	   3328	    d00	Blue_Pill.elf
Finished building: default.size.stdout
 
Finished building: Blue_Pill.bin
 
Finished building: Blue_Pill.list
 
20:55:08 **** Incremental Build of configuration Debug for project Blue_Pill ****
make -j4 all 
arm-none-eabi-size   Blue_Pill.elf 
   text	   data	    bss	    dec	    hex	filename
   1688	      8	   1632	   3328	    d00	Blue_Pill.elf
Finished building: default.size.stdout
 
20:57:38 **** Incremental Build of configuration Debug for project Blue_Pill ****
make -j4 all 
arm-none-eabi-size   Blue_Pill.elf 
   text	   data	    bss	    dec	    hex	filename
   1688	      8	   1632	   3328	    d00	Blue_Pill.elf
Finished building: default.size.stdout
 
20:58:37 **** Incremental Build of configuration Debug for project Blue_Pill ****
make -j4 all 
arm-none-eabi-size   Blue_Pill.elf 
   text	   data	    bss	    dec	    hex	filename
   1688	      8	   1632	   3328	    d00	Blue_Pill.elf
Finished building: default.size.stdout
 
20:58:59 **** Incremental Build of configuration Debug for project Blue_Pill ****
make -j4 all 
arm-none-eabi-size   Blue_Pill.elf 
   text	   data	    bss	    dec	    hex	filename
   1688	      8	   1632	   3328	    d00	Blue_Pill.elf
Finished building: default.size.stdout
 
17:52:34 **** Incremental Build of configuration Debug for project Blue_Pill ****
make -j4 all 
arm-none-eabi-gcc -gdwarf-2 "../Src/main.c" -mcpu=cortex-m3 -std=gnu11 -g3 -DSTM32 -DSTM32F1 -DSTM32F103C8Tx -DDEBUG -c -I"C:/Users/abdullah/Desktop/Blue_Pill/Blue_Pill/Drivers/Inc" -I"C:/Users/abdullah/Desktop/Blue_Pill/Blue_Pill/Inc" -I"C:/Users/abdullah/Desktop/Blue_Pill/Blue_Pill/CMSIS" -O0 -ffunction-sections -fdata-sections -Wall -fstack-usage -MMD -MP -MF"Src/main.d" -MT"Src/main.o" --specs=nano.specs -mfloat-abi=soft -mthumb -o "Src/main.o"
In file included from C:/Users/abdullah/Desktop/Blue_Pill/Blue_Pill/CMSIS/ARMCM3.h:98:0,
                 from C:/Users/abdullah/Desktop/Blue_Pill/Blue_Pill/CMSIS/core_cm3.h:24,
                 from ../Src/main.c:28:
C:/Users/abdullah/Desktop/Blue_Pill/Blue_Pill/CMSIS/core_cm3.h:1387:0: warning: "NVIC_BASE" redefined
 #define NVIC_BASE           (SCS_BASE +  0x0100UL)                    /*!< NVIC Base Address */
 
In file included from ../Src/main.c:23:0:
C:/Users/abdullah/Desktop/Blue_Pill/Blue_Pill/Drivers/Inc/stm32f103c8.h:38:0: note: this is the location of the previous definition
 #define NVIC_BASE         0xE000E100UL
 
../Src/main.c:37:13: warning: 'delay_ms' defined but not used [-Wunused-function]
 static void delay_ms(uint32_t delay)
             ^~~~~~~~
arm-none-eabi-gcc -o "Blue_Pill.elf" @"objects.list"   -mcpu=cortex-m3 -T"C:\Users\abdullah\Desktop\Blue_Pill\Blue_Pill\STM32F103C8TX_FLASH.ld" --specs=nosys.specs -Wl,-Map="Blue_Pill.map" -Wl,--gc-sections -static --specs=nano.specs -mfloat-abi=soft -mthumb -Wl,--start-group -lc -lm -Wl,--end-group
Finished building target: Blue_Pill.elf
 
arm-none-eabi-objdump -h -S  Blue_Pill.elf  > "Blue_Pill.list"
arm-none-eabi-objcopy  -O binary  Blue_Pill.elf  "Blue_Pill.bin"
arm-none-eabi-size   Blue_Pill.elf 
   text	   data	    bss	    dec	    hex	filename
   1692	      8	   1632	   3332	    d04	Blue_Pill.elf
Finished building: default.size.stdout
Finished building: Blue_Pill.bin
 
 
Finished building: Blue_Pill.list
 
17:58:12 **** Incremental Build of configuration Debug for project Blue_Pill ****
make -j4 all 
arm-none-eabi-gcc -gdwarf-2 "../Src/main.c" -mcpu=cortex-m3 -std=gnu11 -g3 -DSTM32 -DSTM32F1 -DSTM32F103C8Tx -DDEBUG -c -I"C:/Users/abdullah/Desktop/Blue_Pill/Blue_Pill/Drivers/Inc" -I"C:/Users/abdullah/Desktop/Blue_Pill/Blue_Pill/Inc" -I"C:/Users/abdullah/Desktop/Blue_Pill/Blue_Pill/CMSIS" -O0 -ffunction-sections -fdata-sections -Wall -fstack-usage -MMD -MP -MF"Src/main.d" -MT"Src/main.o" --specs=nano.specs -mfloat-abi=soft -mthumb -o "Src/main.o"
In file included from C:/Users/abdullah/Desktop/Blue_Pill/Blue_Pill/CMSIS/ARMCM3.h:98:0,
                 from C:/Users/abdullah/Desktop/Blue_Pill/Blue_Pill/CMSIS/core_cm3.h:24,
                 from ../Src/main.c:28:
C:/Users/abdullah/Desktop/Blue_Pill/Blue_Pill/CMSIS/core_cm3.h:1387:0: warning: "NVIC_BASE" redefined
 #define NVIC_BASE           (SCS_BASE +  0x0100UL)                    /*!< NVIC Base Address */
 
In file included from ../Src/main.c:23:0:
C:/Users/abdullah/Desktop/Blue_Pill/Blue_Pill/Drivers/Inc/stm32f103c8.h:38:0: note: this is the location of the previous definition
 #define NVIC_BASE         0xE000E100UL
 
../Src/main.c:37:13: warning: 'delay_ms' defined but not used [-Wunused-function]
 static void delay_ms(uint32_t delay)
             ^~~~~~~~
arm-none-eabi-gcc -o "Blue_Pill.elf" @"objects.list"   -mcpu=cortex-m3 -T"C:\Users\abdullah\Desktop\Blue_Pill\Blue_Pill\STM32F103C8TX_FLASH.ld" --specs=nosys.specs -Wl,-Map="Blue_Pill.map" -Wl,--gc-sections -static --specs=nano.specs -mfloat-abi=soft -mthumb -Wl,--start-group -lc -lm -Wl,--end-group
Finished building target: Blue_Pill.elf
 
arm-none-eabi-objdump -h -S  Blue_Pill.elf  > "Blue_Pill.list"
arm-none-eabi-objcopy  -O binary  Blue_Pill.elf  "Blue_Pill.bin"
arm-none-eabi-size   Blue_Pill.elf 
   text	   data	    bss	    dec	    hex	filename
   1692	      8	   1632	   3332	    d04	Blue_Pill.elf
Finished building: default.size.stdout
 
Finished building: Blue_Pill.list
Finished building: Blue_Pill.bin
 
 
18:00:41 **** Incremental Build of configuration Debug for project Blue_Pill ****
make -j4 all 
arm-none-eabi-gcc -gdwarf-2 "../Src/main.c" -mcpu=cortex-m3 -std=gnu11 -g3 -DSTM32 -DSTM32F1 -DSTM32F103C8Tx -DDEBUG -c -I"C:/Users/abdullah/Desktop/Blue_Pill/Blue_Pill/Drivers/Inc" -I"C:/Users/abdullah/Desktop/Blue_Pill/Blue_Pill/Inc" -I"C:/Users/abdullah/Desktop/Blue_Pill/Blue_Pill/CMSIS" -O0 -ffunction-sections -fdata-sections -Wall -fstack-usage -MMD -MP -MF"Src/main.d" -MT"Src/main.o" --specs=nano.specs -mfloat-abi=soft -mthumb -o "Src/main.o"
In file included from C:/Users/abdullah/Desktop/Blue_Pill/Blue_Pill/CMSIS/ARMCM3.h:98:0,
                 from C:/Users/abdullah/Desktop/Blue_Pill/Blue_Pill/CMSIS/core_cm3.h:24,
                 from ../Src/main.c:28:
C:/Users/abdullah/Desktop/Blue_Pill/Blue_Pill/CMSIS/core_cm3.h:1387:0: warning: "NVIC_BASE" redefined
 #define NVIC_BASE           (SCS_BASE +  0x0100UL)                    /*!< NVIC Base Address */
 
In file included from ../Src/main.c:23:0:
C:/Users/abdullah/Desktop/Blue_Pill/Blue_Pill/Drivers/Inc/stm32f103c8.h:38:0: note: this is the location of the previous definition
 #define NVIC_BASE         0xE000E100UL
 
../Src/main.c:37:13: warning: 'delay_ms' defined but not used [-Wunused-function]
 static void delay_ms(uint32_t delay)
             ^~~~~~~~
arm-none-eabi-gcc -o "Blue_Pill.elf" @"objects.list"   -mcpu=cortex-m3 -T"C:\Users\abdullah\Desktop\Blue_Pill\Blue_Pill\STM32F103C8TX_FLASH.ld" --specs=nosys.specs -Wl,-Map="Blue_Pill.map" -Wl,--gc-sections -static --specs=nano.specs -mfloat-abi=soft -mthumb -Wl,--start-group -lc -lm -Wl,--end-group
Finished building target: Blue_Pill.elf
 
arm-none-eabi-objdump -h -S  Blue_Pill.elf  > "Blue_Pill.list"
arm-none-eabi-objcopy  -O binary  Blue_Pill.elf  "Blue_Pill.bin"
arm-none-eabi-size   Blue_Pill.elf 
   text	   data	    bss	    dec	    hex	filename
   1688	      8	   1632	   3328	    d00	Blue_Pill.elf
Finished building: default.size.stdout
Finished building: Blue_Pill.list
Finished building: Blue_Pill.bin
 
 
 
18:00:58 **** Incremental Build of configuration Debug for project Blue_Pill ****
make -j4 all 
arm-none-eabi-size   Blue_Pill.elf 
   text	   data	    bss	    dec	    hex	filename
   1688	      8	   1632	   3328	    d00	Blue_Pill.elf
Finished building: default.size.stdout
 
18:07:43 **** Incremental Build of configuration Debug for project Blue_Pill ****
make -j4 all 
arm-none-eabi-gcc -gdwarf-2 "../Src/main.c" -mcpu=cortex-m3 -std=gnu11 -g3 -DSTM32 -DSTM32F1 -DSTM32F103C8Tx -DDEBUG -c -I"C:/Users/abdullah/Desktop/Blue_Pill/Blue_Pill/Drivers/Inc" -I"C:/Users/abdullah/Desktop/Blue_Pill/Blue_Pill/Inc" -I"C:/Users/abdullah/Desktop/Blue_Pill/Blue_Pill/CMSIS" -O0 -ffunction-sections -fdata-sections -Wall -fstack-usage -MMD -MP -MF"Src/main.d" -MT"Src/main.o" --specs=nano.specs -mfloat-abi=soft -mthumb -o "Src/main.o"
In file included from C:/Users/abdullah/Desktop/Blue_Pill/Blue_Pill/CMSIS/ARMCM3.h:98:0,
                 from C:/Users/abdullah/Desktop/Blue_Pill/Blue_Pill/CMSIS/core_cm3.h:24,
                 from ../Src/main.c:28:
C:/Users/abdullah/Desktop/Blue_Pill/Blue_Pill/CMSIS/core_cm3.h:1387:0: warning: "NVIC_BASE" redefined
 #define NVIC_BASE           (SCS_BASE +  0x0100UL)                    /*!< NVIC Base Address */
 
In file included from ../Src/main.c:23:0:
C:/Users/abdullah/Desktop/Blue_Pill/Blue_Pill/Drivers/Inc/stm32f103c8.h:38:0: note: this is the location of the previous definition
 #define NVIC_BASE         0xE000E100UL
 
../Src/main.c:37:13: warning: 'delay_ms' defined but not used [-Wunused-function]
 static void delay_ms(uint32_t delay)
             ^~~~~~~~
arm-none-eabi-gcc -o "Blue_Pill.elf" @"objects.list"   -mcpu=cortex-m3 -T"C:\Users\abdullah\Desktop\Blue_Pill\Blue_Pill\STM32F103C8TX_FLASH.ld" --specs=nosys.specs -Wl,-Map="Blue_Pill.map" -Wl,--gc-sections -static --specs=nano.specs -mfloat-abi=soft -mthumb -Wl,--start-group -lc -lm -Wl,--end-group
Finished building target: Blue_Pill.elf
 
arm-none-eabi-objdump -h -S  Blue_Pill.elf  > "Blue_Pill.list"
arm-none-eabi-objcopy  -O binary  Blue_Pill.elf  "Blue_Pill.bin"
arm-none-eabi-size   Blue_Pill.elf 
   text	   data	    bss	    dec	    hex	filename
   1688	      8	   1632	   3328	    d00	Blue_Pill.elf
Finished building: Blue_Pill.bin
Finished building: default.size.stdout
 
 
Finished building: Blue_Pill.list
 
18:07:52 **** Incremental Build of configuration Debug for project Blue_Pill ****
make -j4 all 
arm-none-eabi-size   Blue_Pill.elf 
   text	   data	    bss	    dec	    hex	filename
   1688	      8	   1632	   3328	    d00	Blue_Pill.elf
Finished building: default.size.stdout
 
18:10:49 **** Incremental Build of configuration Debug for project Blue_Pill ****
make -j4 all 
arm-none-eabi-size   Blue_Pill.elf 
   text	   data	    bss	    dec	    hex	filename
   1688	      8	   1632	   3328	    d00	Blue_Pill.elf
Finished building: default.size.stdout
 
18:12:28 **** Incremental Build of configuration Debug for project Blue_Pill ****
make -j4 all 
arm-none-eabi-gcc -gdwarf-2 "../Src/main.c" -mcpu=cortex-m3 -std=gnu11 -g3 -DSTM32 -DSTM32F1 -DSTM32F103C8Tx -DDEBUG -c -I"C:/Users/abdullah/Desktop/Blue_Pill/Blue_Pill/Drivers/Inc" -I"C:/Users/abdullah/Desktop/Blue_Pill/Blue_Pill/Inc" -I"C:/Users/abdullah/Desktop/Blue_Pill/Blue_Pill/CMSIS" -O0 -ffunction-sections -fdata-sections -Wall -fstack-usage -MMD -MP -MF"Src/main.d" -MT"Src/main.o" --specs=nano.specs -mfloat-abi=soft -mthumb -o "Src/main.o"
In file included from C:/Users/abdullah/Desktop/Blue_Pill/Blue_Pill/CMSIS/ARMCM3.h:98:0,
                 from C:/Users/abdullah/Desktop/Blue_Pill/Blue_Pill/CMSIS/core_cm3.h:24,
                 from ../Src/main.c:28:
C:/Users/abdullah/Desktop/Blue_Pill/Blue_Pill/CMSIS/core_cm3.h:1387:0: warning: "NVIC_BASE" redefined
 #define NVIC_BASE           (SCS_BASE +  0x0100UL)                    /*!< NVIC Base Address */
 
In file included from ../Src/main.c:23:0:
C:/Users/abdullah/Desktop/Blue_Pill/Blue_Pill/Drivers/Inc/stm32f103c8.h:38:0: note: this is the location of the previous definition
 #define NVIC_BASE         0xE000E100UL
 
arm-none-eabi-gcc -o "Blue_Pill.elf" @"objects.list"   -mcpu=cortex-m3 -T"C:\Users\abdullah\Desktop\Blue_Pill\Blue_Pill\STM32F103C8TX_FLASH.ld" --specs=nosys.specs -Wl,-Map="Blue_Pill.map" -Wl,--gc-sections -static --specs=nano.specs -mfloat-abi=soft -mthumb -Wl,--start-group -lc -lm -Wl,--end-group
Finished building target: Blue_Pill.elf
 
arm-none-eabi-objdump -h -S  Blue_Pill.elf  > "Blue_Pill.list"
arm-none-eabi-objcopy  -O binary  Blue_Pill.elf  "Blue_Pill.bin"
arm-none-eabi-size   Blue_Pill.elf 
   text	   data	    bss	    dec	    hex	filename
   1660	      8	   1624	   3292	    cdc	Blue_Pill.elf
Finished building: default.size.stdout
 
Finished building: Blue_Pill.bin
Finished building: Blue_Pill.list
 
 
18:12:37 **** Incremental Build of configuration Debug for project Blue_Pill ****
make -j4 all 
arm-none-eabi-size   Blue_Pill.elf 
   text	   data	    bss	    dec	    hex	filename
   1660	      8	   1624	   3292	    cdc	Blue_Pill.elf
Finished building: default.size.stdout
 
18:13:29 **** Incremental Build of configuration Debug for project Blue_Pill ****
make -j4 all 
arm-none-eabi-size   Blue_Pill.elf 
   text	   data	    bss	    dec	    hex	filename
   1660	      8	   1624	   3292	    cdc	Blue_Pill.elf
Finished building: default.size.stdout
 
18:18:51 **** Incremental Build of configuration Debug for project Blue_Pill ****
make -j4 all 
arm-none-eabi-size   Blue_Pill.elf 
   text	   data	    bss	    dec	    hex	filename
   1660	      8	   1624	   3292	    cdc	Blue_Pill.elf
Finished building: default.size.stdout
 
18:20:45 **** Incremental Build of configuration Debug for project Blue_Pill ****
make -j4 all 
arm-none-eabi-size   Blue_Pill.elf 
   text	   data	    bss	    dec	    hex	filename
   1660	      8	   1624	   3292	    cdc	Blue_Pill.elf
Finished building: default.size.stdout
 
20:58:42 **** Incremental Build of configuration Debug for project Blue_Pill ****
make -j4 all 
arm-none-eabi-gcc -gdwarf-2 "../Src/main.c" -mcpu=cortex-m3 -std=gnu11 -g3 -DSTM32 -DSTM32F1 -DSTM32F103C8Tx -DDEBUG -c -I"C:/Users/abdullah/Desktop/Blue_Pill/Blue_Pill/Drivers/Inc" -I"C:/Users/abdullah/Desktop/Blue_Pill/Blue_Pill/Inc" -I"C:/Users/abdullah/Desktop/Blue_Pill/Blue_Pill/CMSIS" -O0 -ffunction-sections -fdata-sections -Wall -fstack-usage -MMD -MP -MF"Src/main.d" -MT"Src/main.o" --specs=nano.specs -mfloat-abi=soft -mthumb -o "Src/main.o"
arm-none-eabi-gcc -gdwarf-2 "../Drivers/MCAL/RCC/stm32f103c8_rcc_driver.c" -mcpu=cortex-m3 -std=gnu11 -g3 -DSTM32 -DSTM32F1 -DSTM32F103C8Tx -DDEBUG -c -I"C:/Users/abdullah/Desktop/Blue_Pill/Blue_Pill/Drivers/Inc" -I"C:/Users/abdullah/Desktop/Blue_Pill/Blue_Pill/Inc" -I"C:/Users/abdullah/Desktop/Blue_Pill/Blue_Pill/CMSIS" -O0 -ffunction-sections -fdata-sections -Wall -fstack-usage -MMD -MP -MF"Drivers/MCAL/RCC/stm32f103c8_rcc_driver.d" -MT"Drivers/MCAL/RCC/stm32f103c8_rcc_driver.o" --specs=nano.specs -mfloat-abi=soft -mthumb -o "Drivers/MCAL/RCC/stm32f103c8_rcc_driver.o"
arm-none-eabi-gcc -gdwarf-2 "../Drivers/MCAL/GPIO/stm32f103c8_gpio_driver.c" -mcpu=cortex-m3 -std=gnu11 -g3 -DSTM32 -DSTM32F1 -DSTM32F103C8Tx -DDEBUG -c -I"C:/Users/abdullah/Desktop/Blue_Pill/Blue_Pill/Drivers/Inc" -I"C:/Users/abdullah/Desktop/Blue_Pill/Blue_Pill/Inc" -I"C:/Users/abdullah/Desktop/Blue_Pill/Blue_Pill/CMSIS" -O0 -ffunction-sections -fdata-sections -Wall -fstack-usage -MMD -MP -MF"Drivers/MCAL/GPIO/stm32f103c8_gpio_driver.d" -MT"Drivers/MCAL/GPIO/stm32f103c8_gpio_driver.o" --specs=nano.specs -mfloat-abi=soft -mthumb -o "Drivers/MCAL/GPIO/stm32f103c8_gpio_driver.o"
arm-none-eabi-gcc -gdwarf-2 "../Drivers/MCAL/EXTI/stm32f103c8_exti_driver.c" -mcpu=cortex-m3 -std=gnu11 -g3 -DSTM32 -DSTM32F1 -DSTM32F103C8Tx -DDEBUG -c -I"C:/Users/abdullah/Desktop/Blue_Pill/Blue_Pill/Drivers/Inc" -I"C:/Users/abdullah/Desktop/Blue_Pill/Blue_Pill/Inc" -I"C:/Users/abdullah/Desktop/Blue_Pill/Blue_Pill/CMSIS" -O0 -ffunction-sections -fdata-sections -Wall -fstack-usage -MMD -MP -MF"Drivers/MCAL/EXTI/stm32f103c8_exti_driver.d" -MT"Drivers/MCAL/EXTI/stm32f103c8_exti_driver.o" --specs=nano.specs -mfloat-abi=soft -mthumb -o "Drivers/MCAL/EXTI/stm32f103c8_exti_driver.o"
In file included from C:/Users/abdullah/Desktop/Blue_Pill/Blue_Pill/CMSIS/ARMCM3.h:98:0,
                 from C:/Users/abdullah/Desktop/Blue_Pill/Blue_Pill/CMSIS/core_cm3.h:24,
                 from ../Src/main.c:28:
C:/Users/abdullah/Desktop/Blue_Pill/Blue_Pill/CMSIS/core_cm3.h:1387:0: warning: "NVIC_BASE" redefined
 #define NVIC_BASE           (SCS_BASE +  0x0100UL)                    /*!< NVIC Base Address */
 
In file included from ../Src/main.c:23:0:
C:/Users/abdullah/Desktop/Blue_Pill/Blue_Pill/Drivers/Inc/stm32f103c8.h:38:0: note: this is the location of the previous definition
 #define NVIC_BASE         0xE000E100UL
 
arm-none-eabi-gcc -gdwarf-2 "../Drivers/HAL/LCD/lcd.c" -mcpu=cortex-m3 -std=gnu11 -g3 -DSTM32 -DSTM32F1 -DSTM32F103C8Tx -DDEBUG -c -I"C:/Users/abdullah/Desktop/Blue_Pill/Blue_Pill/Drivers/Inc" -I"C:/Users/abdullah/Desktop/Blue_Pill/Blue_Pill/Inc" -I"C:/Users/abdullah/Desktop/Blue_Pill/Blue_Pill/CMSIS" -O0 -ffunction-sections -fdata-sections -Wall -fstack-usage -MMD -MP -MF"Drivers/HAL/LCD/lcd.d" -MT"Drivers/HAL/LCD/lcd.o" --specs=nano.specs -mfloat-abi=soft -mthumb -o "Drivers/HAL/LCD/lcd.o"
arm-none-eabi-gcc -gdwarf-2 "../Drivers/HAL/Keypad/keypad.c" -mcpu=cortex-m3 -std=gnu11 -g3 -DSTM32 -DSTM32F1 -DSTM32F103C8Tx -DDEBUG -c -I"C:/Users/abdullah/Desktop/Blue_Pill/Blue_Pill/Drivers/Inc" -I"C:/Users/abdullah/Desktop/Blue_Pill/Blue_Pill/Inc" -I"C:/Users/abdullah/Desktop/Blue_Pill/Blue_Pill/CMSIS" -O0 -ffunction-sections -fdata-sections -Wall -fstack-usage -MMD -MP -MF"Drivers/HAL/Keypad/keypad.d" -MT"Drivers/HAL/Keypad/keypad.o" --specs=nano.specs -mfloat-abi=soft -mthumb -o "Drivers/HAL/Keypad/keypad.o"
arm-none-eabi-gcc -o "Blue_Pill.elf" @"objects.list"   -mcpu=cortex-m3 -T"C:\Users\abdullah\Desktop\Blue_Pill\Blue_Pill\STM32F103C8TX_FLASH.ld" --specs=nosys.specs -Wl,-Map="Blue_Pill.map" -Wl,--gc-sections -static --specs=nano.specs -mfloat-abi=soft -mthumb -Wl,--start-group -lc -lm -Wl,--end-group
Finished building target: Blue_Pill.elf
 
arm-none-eabi-objdump -h -S  Blue_Pill.elf  > "Blue_Pill.list"
arm-none-eabi-objcopy  -O binary  Blue_Pill.elf  "Blue_Pill.bin"
arm-none-eabi-size   Blue_Pill.elf 
   text	   data	    bss	    dec	    hex	filename
   1676	      8	   1624	   3308	    cec	Blue_Pill.elf
Finished building: default.size.stdout
 
Finished building: Blue_Pill.list
Finished building: Blue_Pill.bin
 
 
21:32:39 **** Incremental Build of configuration Debug for project Blue_Pill ****
make -j4 all 
arm-none-eabi-gcc -gdwarf-2 "../Src/main.c" -mcpu=cortex-m3 -std=gnu11 -g3 -DSTM32 -DSTM32F1 -DSTM32F103C8Tx -DDEBUG -c -I"C:/Users/abdullah/Desktop/Blue_Pill/Blue_Pill/Drivers/Inc" -I"C:/Users/abdullah/Desktop/Blue_Pill/Blue_Pill/Inc" -I"C:/Users/abdullah/Desktop/Blue_Pill/Blue_Pill/CMSIS" -O0 -ffunction-sections -fdata-sections -Wall -fstack-usage -MMD -MP -MF"Src/main.d" -MT"Src/main.o" --specs=nano.specs -mfloat-abi=soft -mthumb -o "Src/main.o"
In file included from C:/Users/abdullah/Desktop/Blue_Pill/Blue_Pill/CMSIS/ARMCM3.h:98:0,
                 from C:/Users/abdullah/Desktop/Blue_Pill/Blue_Pill/CMSIS/core_cm3.h:24,
                 from ../Src/main.c:28:
C:/Users/abdullah/Desktop/Blue_Pill/Blue_Pill/CMSIS/core_cm3.h:1387:0: warning: "NVIC_BASE" redefined
arm-none-eabi-gcc -o "Blue_Pill.elf" @"objects.list"   -mcpu=cortex-m3 -T"C:\Users\abdullah\Desktop\Blue_Pill\Blue_Pill\STM32F103C8TX_FLASH.ld" --specs=nosys.specs -Wl,-Map="Blue_Pill.map" -Wl,--gc-sections -static --specs=nano.specs -mfloat-abi=soft -mthumb -Wl,--start-group -lc -lm -Wl,--end-group
 #define NVIC_BASE           (SCS_BASE +  0x0100UL)                    /*!< NVIC Base Address */
 
In file included from ../Src/main.c:23:0:
C:/Users/abdullah/Desktop/Blue_Pill/Blue_Pill/Drivers/Inc/stm32f103c8.h:38:0: note: this is the location of the previous definition
 #define NVIC_BASE         0xE000E100UL
 
Finished building target: Blue_Pill.elf
 
arm-none-eabi-objdump -h -S  Blue_Pill.elf  > "Blue_Pill.list"
arm-none-eabi-objcopy  -O binary  Blue_Pill.elf  "Blue_Pill.bin"
arm-none-eabi-size   Blue_Pill.elf 
Finished building: Blue_Pill.bin
 
   text	   data	    bss	    dec	    hex	filename
[...]
FreeRTOS/portable/MemMang/heap_1.o:C:/Users/abdullah/Desktop/Blue_Pill/Blue_Pill/Debug/../FreeRTOS/portable/MemMang/heap_1.c:131: first defined here
FreeRTOS/portable/MemMang/heap_4.o: In function `pvPortMalloc':
C:/Users/abdullah/Desktop/Blue_Pill/Blue_Pill/Debug/../FreeRTOS/portable/MemMang/heap_4.c:139: multiple definition of `pvPortMalloc'
FreeRTOS/portable/MemMang/heap_1.o:C:/Users/abdullah/Desktop/Blue_Pill/Blue_Pill/Debug/../FreeRTOS/portable/MemMang/heap_1.c:72: first defined here
FreeRTOS/portable/MemMang/heap_4.o: In function `vPortFree':
C:/Users/abdullah/Desktop/Blue_Pill/Blue_Pill/Debug/../FreeRTOS/portable/MemMang/heap_4.c:290: multiple definition of `vPortFree'
FreeRTOS/portable/MemMang/heap_1.o:C:/Users/abdullah/Desktop/Blue_Pill/Blue_Pill/Debug/../FreeRTOS/portable/MemMang/heap_1.c:131: first defined here
FreeRTOS/portable/MemMang/heap_4.o: In function `xPortGetFreeHeapSize':
C:/Users/abdullah/Desktop/Blue_Pill/Blue_Pill/Debug/../FreeRTOS/portable/MemMang/heap_4.c:343: multiple definition of `xPortGetFreeHeapSize'
FreeRTOS/portable/MemMang/heap_1.o:C:/Users/abdullah/Desktop/Blue_Pill/Blue_Pill/Debug/../FreeRTOS/portable/MemMang/heap_1.c:150: first defined here
FreeRTOS/portable/MemMang/heap_4.o: In function `vPortInitialiseBlocks':
C:/Users/abdullah/Desktop/Blue_Pill/Blue_Pill/Debug/../FreeRTOS/portable/MemMang/heap_4.c:355: multiple definition of `vPortInitialiseBlocks'
FreeRTOS/portable/MemMang/heap_1.o:C:/Users/abdullah/Desktop/Blue_Pill/Blue_Pill/Debug/../FreeRTOS/portable/MemMang/heap_1.c:143: first defined here
FreeRTOS/portable/MemMang/heap_4.o: In function `pvPortCalloc':
C:/Users/abdullah/Desktop/Blue_Pill/Blue_Pill/Debug/../FreeRTOS/portable/MemMang/heap_4.c:362: multiple definition of `pvPortCalloc'
FreeRTOS/portable/MemMang/heap_2.o:C:/Users/abdullah/Desktop/Blue_Pill/Blue_Pill/Debug/../FreeRTOS/portable/MemMang/heap_2.c:322: first defined here
FreeRTOS/portable/MemMang/heap_5.o: In function `pvPortMalloc':
C:/Users/abdullah/Desktop/Blue_Pill/Blue_Pill/Debug/../FreeRTOS/portable/MemMang/heap_5.c:157: multiple definition of `pvPortMalloc'
FreeRTOS/portable/MemMang/heap_1.o:C:/Users/abdullah/Desktop/Blue_Pill/Blue_Pill/Debug/../FreeRTOS/portable/MemMang/heap_1.c:72: first defined here
FreeRTOS/portable/MemMang/heap_5.o: In function `vPortFree':
C:/Users/abdullah/Desktop/Blue_Pill/Blue_Pill/Debug/../FreeRTOS/portable/MemMang/heap_5.c:299: multiple definition of `vPortFree'
FreeRTOS/portable/MemMang/heap_1.o:C:/Users/abdullah/Desktop/Blue_Pill/Blue_Pill/Debug/../FreeRTOS/portable/MemMang/heap_1.c:131: first defined here
FreeRTOS/portable/MemMang/heap_5.o: In function `xPortGetFreeHeapSize':
C:/Users/abdullah/Desktop/Blue_Pill/Blue_Pill/Debug/../FreeRTOS/portable/MemMang/heap_5.c:352: multiple definition of `xPortGetFreeHeapSize'
FreeRTOS/portable/MemMang/heap_1.o:C:/Users/abdullah/Desktop/Blue_Pill/Blue_Pill/Debug/../FreeRTOS/portable/MemMang/heap_1.c:150: first defined here
FreeRTOS/portable/MemMang/heap_5.o: In function `xPortGetMinimumEverFreeHeapSize':
C:/Users/abdullah/Desktop/Blue_Pill/Blue_Pill/Debug/../FreeRTOS/portable/MemMang/heap_5.c:358: multiple definition of `xPortGetMinimumEverFreeHeapSize'
FreeRTOS/portable/MemMang/heap_4.o:C:/Users/abdullah/Desktop/Blue_Pill/Blue_Pill/Debug/../FreeRTOS/portable/MemMang/heap_4.c:349: first defined here
FreeRTOS/portable/MemMang/heap_5.o: In function `pvPortCalloc':
C:/Users/abdullah/Desktop/Blue_Pill/Blue_Pill/Debug/../FreeRTOS/portable/MemMang/heap_5.c:365: multiple definition of `pvPortCalloc'
FreeRTOS/portable/MemMang/heap_2.o:C:/Users/abdullah/Desktop/Blue_Pill/Blue_Pill/Debug/../FreeRTOS/portable/MemMang/heap_2.c:322: first defined here
FreeRTOS/portable/MemMang/heap_5.o: In function `vPortGetHeapStats':
C:/Users/abdullah/Desktop/Blue_Pill/Blue_Pill/Debug/../FreeRTOS/portable/MemMang/heap_5.c:539: multiple definition of `vPortGetHeapStats'
FreeRTOS/portable/MemMang/heap_4.o:C:/Users/abdullah/Desktop/Blue_Pill/Blue_Pill/Debug/../FreeRTOS/portable/MemMang/heap_4.c:488: first defined here
Src/main.o: In function `SysTick_Handler':
C:/Users/abdullah/Desktop/Blue_Pill/Blue_Pill/Debug/../Src/main.c:38: multiple definition of `SysTick_Handler'
FreeRTOS/portable/GCC/ARM_CM3/port.o:C:/Users/abdullah/Desktop/Blue_Pill/Blue_Pill/Debug/../FreeRTOS/portable/GCC/ARM_CM3/port.c:438: first defined here
collect2.exe: error: ld returned 1 exit status
make: *** [makefile:58: Blue_Pill.elf] Error 1
"make -j4 all" terminated with exit code 2. Build might be incomplete.
18:12:21 **** Incremental Build of configuration Debug for project Blue_Pill ****
make -j4 all 
arm-none-eabi-gcc -o "Blue_Pill.elf" @"objects.list"   -mcpu=cortex-m3 -T"C:\Users\abdullah\Desktop\Blue_Pill\Blue_Pill\STM32F103C8TX_FLASH.ld" --specs=nosys.specs -Wl,-Map="Blue_Pill.map" -Wl,--gc-sections -static --specs=nano.specs -mfloat-abi=soft -mthumb -Wl,--start-group -lc -lm -Wl,--end-group
Src/main.o: In function `SysTick_Handler':
C:/Users/abdullah/Desktop/Blue_Pill/Blue_Pill/Debug/../Src/main.c:38: multiple definition of `SysTick_Handler'
FreeRTOS/portable/GCC/ARM_CM3/port.o:C:/Users/abdullah/Desktop/Blue_Pill/Blue_Pill/Debug/../FreeRTOS/portable/GCC/ARM_CM3/port.c:438: first defined here
collect2.exe: error: ld returned 1 exit status
make: *** [makefile:58: Blue_Pill.elf] Error 1
"make -j4 all" terminated with exit code 2. Build might be incomplete.
18:14:02 **** Incremental Build of configuration Debug for project Blue_Pill ****
make -j4 all 
arm-none-eabi-gcc -gdwarf-2 "../Src/main.c" -mcpu=cortex-m3 -std=gnu11 -g3 -DSTM32 -DSTM32F1 -DSTM32F103C8Tx -DDEBUG -c -I"C:/Users/abdullah/Desktop/Blue_Pill/Blue_Pill/Drivers/Inc" -I"C:/Users/abdullah/Desktop/Blue_Pill/Blue_Pill/FreeRTOS/include" -I"C:/Users/abdullah/Desktop/Blue_Pill/Blue_Pill/Inc" -I"C:/Users/abdullah/Desktop/Blue_Pill/Blue_Pill/CMSIS" -O0 -ffunction-sections -fdata-sections -Wall -fstack-usage -MMD -MP -MF"Src/main.d" -MT"Src/main.o" --specs=nano.specs -mfloat-abi=soft -mthumb -o "Src/main.o"
In file included from C:/Users/abdullah/Desktop/Blue_Pill/Blue_Pill/CMSIS/ARMCM3.h:98:0,
                 from C:/Users/abdullah/Desktop/Blue_Pill/Blue_Pill/CMSIS/core_cm3.h:24,
                 from ../Src/main.c:28:
C:/Users/abdullah/Desktop/Blue_Pill/Blue_Pill/CMSIS/core_cm3.h:1387:0: warning: "NVIC_BASE" redefined
 #define NVIC_BASE           (SCS_BASE +  0x0100UL)                    /*!< NVIC Base Address */
 
In file included from ../Src/main.c:23:0:
C:/Users/abdullah/Desktop/Blue_Pill/Blue_Pill/Drivers/Inc/stm32f103c8.h:38:0: note: this is the location of the previous definition
 #define NVIC_BASE         0xE000E100UL
 
../Src/main.c: In function 'main':
../Src/main.c:78:3: warning: implicit declaration of function 'delay_ms' [-Wimplicit-function-declaration]
   delay_ms(1000);
   ^~~~~~~~
arm-none-eabi-gcc -o "Blue_Pill.elf" @"objects.list"   -mcpu=cortex-m3 -T"C:\Users\abdullah\Desktop\Blue_Pill\Blue_Pill\STM32F103C8TX_FLASH.ld" --specs=nosys.specs -Wl,-Map="Blue_Pill.map" -Wl,--gc-sections -static --specs=nano.specs -mfloat-abi=soft -mthumb -Wl,--start-group -lc -lm -Wl,--end-group
Src/main.o: In function `main':
C:/Users/abdullah/Desktop/Blue_Pill/Blue_Pill/Debug/../Src/main.c:78: undefined reference to `delay_ms'
collect2.exe: error: ld returned 1 exit status
make: *** [makefile:58: Blue_Pill.elf] Error 1
"make -j4 all" terminated with exit code 2. Build might be incomplete.
18:14:15 **** Incremental Build of configuration Debug for project Blue_Pill ****
make -j4 all 
arm-none-eabi-gcc -gdwarf-2 "../Src/main.c" -mcpu=cortex-m3 -std=gnu11 -g3 -DSTM32 -DSTM32F1 -DSTM32F103C8Tx -DDEBUG -c -I"C:/Users/abdullah/Desktop/Blue_Pill/Blue_Pill/Drivers/Inc" -I"C:/Users/abdullah/Desktop/Blue_Pill/Blue_Pill/FreeRTOS/include" -I"C:/Users/abdullah/Desktop/Blue_Pill/Blue_Pill/Inc" -I"C:/Users/abdullah/Desktop/Blue_Pill/Blue_Pill/CMSIS" -O0 -ffunction-sections -fdata-sections -Wall -fstack-usage -MMD -MP -MF"Src/main.d" -MT"Src/main.o" --specs=nano.specs -mfloat-abi=soft -mthumb -o "Src/main.o"
In file included from C:/Users/abdullah/Desktop/Blue_Pill/Blue_Pill/CMSIS/ARMCM3.h:98:0,
                 from C:/Users/abdullah/Desktop/Blue_Pill/Blue_Pill/CMSIS/core_cm3.h:24,
                 from ../Src/main.c:28:
C:/Users/abdullah/Desktop/Blue_Pill/Blue_Pill/CMSIS/core_cm3.h:1387:0: warning: "NVIC_BASE" redefined
 #define NVIC_BASE           (SCS_BASE +  0x0100UL)                    /*!< NVIC Base Address */
 
In file included from ../Src/main.c:23:0:
C:/Users/abdullah/Desktop/Blue_Pill/Blue_Pill/Drivers/Inc/stm32f103c8.h:38:0: note: this is the location of the previous definition
 #define NVIC_BASE         0xE000E100UL
 
arm-none-eabi-gcc -o "Blue_Pill.elf" @"objects.list"   -mcpu=cortex-m3 -T"C:\Users\abdullah\Desktop\Blue_Pill\Blue_Pill\STM32F103C8TX_FLASH.ld" --specs=nosys.specs -Wl,-Map="Blue_Pill.map" -Wl,--gc-sections -static --specs=nano.specs -mfloat-abi=soft -mthumb -Wl,--start-group -lc -lm -Wl,--end-group
Finished building target: Blue_Pill.elf
 
arm-none-eabi-size   Blue_Pill.elf 
arm-none-eabi-objdump -h -S  Blue_Pill.elf  > "Blue_Pill.list"
arm-none-eabi-objcopy  -O binary  Blue_Pill.elf  "Blue_Pill.bin"
   text	   data	    bss	    dec	    hex	filename
   2776	      8	   1768	   4552	   11c8	Blue_Pill.elf
Finished building: default.size.stdout
 
Finished building: Blue_Pill.bin
Finished building: Blue_Pill.list
 
 
18:33:51 **** Incremental Build of configuration Debug for project Blue_Pill ****
make -j4 all 
arm-none-eabi-gcc -gdwarf-2 "../FreeRTOS/portable/MemMang/heap_4.c" -mcpu=cortex-m3 -std=gnu11 -g3 -DSTM32 -DSTM32F1 -DSTM32F103C8Tx -DDEBUG -c -I"C:/Users/abdullah/Desktop/Blue_Pill/Blue_Pill/Drivers/Inc" -I"C:/Users/abdullah/Desktop/Blue_Pill/Blue_Pill/FreeRTOS/include" -I"C:/Users/abdullah/Desktop/Blue_Pill/Blue_Pill/Inc" -I"C:/Users/abdullah/Desktop/Blue_Pill/Blue_Pill/CMSIS" -O0 -ffunction-sections -fdata-sections -Wall -fstack-usage -MMD -MP -MF"FreeRTOS/portable/MemMang/heap_4.d" -MT"FreeRTOS/portable/MemMang/heap_4.o" --specs=nano.specs -mfloat-abi=soft -mthumb -o "FreeRTOS/portable/MemMang/heap_4.o"
arm-none-eabi-gcc -gdwarf-2 "../FreeRTOS/portable/GCC/ARM_CM3/port.c" -mcpu=cortex-m3 -std=gnu11 -g3 -DSTM32 -DSTM32F1 -DSTM32F103C8Tx -DDEBUG -c -I"C:/Users/abdullah/Desktop/Blue_Pill/Blue_Pill/Drivers/Inc" -I"C:/Users/abdullah/Desktop/Blue_Pill/Blue_Pill/FreeRTOS/include" -I"C:/Users/abdullah/Desktop/Blue_Pill/Blue_Pill/Inc" -I"C:/Users/abdullah/Desktop/Blue_Pill/Blue_Pill/CMSIS" -O0 -ffunction-sections -fdata-sections -Wall -fstack-usage -MMD -MP -MF"FreeRTOS/portable/GCC/ARM_CM3/port.d" -MT"FreeRTOS/portable/GCC/ARM_CM3/port.o" --specs=nano.specs -mfloat-abi=soft -mthumb -o "FreeRTOS/portable/GCC/ARM_CM3/port.o"
arm-none-eabi-gcc -gdwarf-2 "../FreeRTOS/croutine.c" -mcpu=cortex-m3 -std=gnu11 -g3 -DSTM32 -DSTM32F1 -DSTM32F103C8Tx -DDEBUG -c -I"C:/Users/abdullah/Desktop/Blue_Pill/Blue_Pill/Drivers/Inc" -I"C:/Users/abdullah/Desktop/Blue_Pill/Blue_Pill/FreeRTOS/include" -I"C:/Users/abdullah/Desktop/Blue_Pill/Blue_Pill/Inc" -I"C:/Users/abdullah/Desktop/Blue_Pill/Blue_Pill/CMSIS" -O0 -ffunction-sections -fdata-sections -Wall -fstack-usage -MMD -MP -MF"FreeRTOS/croutine.d" -MT"FreeRTOS/croutine.o" --specs=nano.specs -mfloat-abi=soft -mthumb -o "FreeRTOS/croutine.o"
arm-none-eabi-gcc -gdwarf-2 "../FreeRTOS/event_groups.c" -mcpu=cortex-m3 -std=gnu11 -g3 -DSTM32 -DSTM32F1 -DSTM32F103C8Tx -DDEBUG -c -I"C:/Users/abdullah/Desktop/Blue_Pill/Blue_Pill/Drivers/Inc" -I"C:/Users/abdullah/Desktop/Blue_Pill/Blue_Pill/FreeRTOS/include" -I"C:/Users/abdullah/Desktop/Blue_Pill/Blue_Pill/Inc" -I"C:/Users/abdullah/Desktop/Blue_Pill/Blue_Pill/CMSIS" -O0 -ffunction-sections -fdata-sections -Wall -fstack-usage -MMD -MP -MF"FreeRTOS/event_groups.d" -MT"FreeRTOS/event_groups.o" --specs=nano.specs -mfloat-abi=soft -mthumb -o "FreeRTOS/event_groups.o"
arm-none-eabi-gcc -gdwarf-2 "../FreeRTOS/list.c" -mcpu=cortex-m3 -std=gnu11 -g3 -DSTM32 -DSTM32F1 -DSTM32F103C8Tx -DDEBUG -c -I"C:/Users/abdullah/Desktop/Blue_Pill/Blue_Pill/Drivers/Inc" -I"C:/Users/abdullah/Desktop/Blue_Pill/Blue_Pill/FreeRTOS/include" -I"C:/Users/abdullah/Desktop/Blue_Pill/Blue_Pill/Inc" -I"C:/Users/abdullah/Desktop/Blue_Pill/Blue_Pill/CMSIS" -O0 -ffunction-sections -fdata-sections -Wall -fstack-usage -MMD -MP -MF"FreeRTOS/list.d" -MT"FreeRTOS/list.o" --specs=nano.specs -mfloat-abi=soft -mthumb -o "FreeRTOS/list.o"
arm-none-eabi-gcc -gdwarf-2 "../FreeRTOS/queue.c" -mcpu=cortex-m3 -std=gnu11 -g3 -DSTM32 -DSTM32F1 -DSTM32F103C8Tx -DDEBUG -c -I"C:/Users/abdullah/Desktop/Blue_Pill/Blue_Pill/Drivers/Inc" -I"C:/Users/abdullah/Desktop/Blue_Pill/Blue_Pill/FreeRTOS/include" -I"C:/Users/abdullah/Desktop/Blue_Pill/Blue_Pill/Inc" -I"C:/Users/abdullah/Desktop/Blue_Pill/Blue_Pill/CMSIS" -O0 -ffunction-sections -fdata-sections -Wall -fstack-usage -MMD -MP -MF"FreeRTOS/queue.d" -MT"FreeRTOS/queue.o" --specs=nano.specs -mfloat-abi=soft -mthumb -o "FreeRTOS/queue.o"
arm-none-eabi-gcc -gdwarf-2 "../FreeRTOS/stream_buffer.c" -mcpu=cortex-m3 -std=gnu11 -g3 -DSTM32 -DSTM32F1 -DSTM32F103C8Tx -DDEBUG -c -I"C:/Users/abdullah/Desktop/Blue_Pill/Blue_Pill/Drivers/Inc" -I"C:/Users/abdullah/Desktop/Blue_Pill/Blue_Pill/FreeRTOS/include" -I"C:/Users/abdullah/Desktop/Blue_Pill/Blue_Pill/Inc" -I"C:/Users/abdullah/Desktop/Blue_Pill/Blue_Pill/CMSIS" -O0 -ffunction-sections -fdata-sections -Wall -fstack-usage -MMD -MP -MF"FreeRTOS/stream_buffer.d" -MT"FreeRTOS/stream_buffer.o" --specs=nano.specs -mfloat-abi=soft -mthumb -o "FreeRTOS/stream_buffer.o"
arm-none-eabi-gcc -gdwarf-2 "../FreeRTOS/tasks.c" -mcpu=cortex-m3 -std=gnu11 -g3 -DSTM32 -DSTM32F1 -DSTM32F103C8Tx -DDEBUG -c -I"C:/Users/abdullah/Desktop/Blue_Pill/Blue_Pill/Drivers/Inc" -I"C:/Users/abdullah/Desktop/Blue_Pill/Blue_Pill/FreeRTOS/include" -I"C:/Users/abdullah/Desktop/Blue_Pill/Blue_Pill/Inc" -I"C:/Users/abdullah/Desktop/Blue_Pill/Blue_Pill/CMSIS" -O0 -ffunction-sections -fdata-sections -Wall -fstack-usage -MMD -MP -MF"FreeRTOS/tasks.d" -MT"FreeRTOS/tasks.o" --specs=nano.specs -mfloat-abi=soft -mthumb -o "FreeRTOS/tasks.o"
arm-none-eabi-gcc -gdwarf-2 "../FreeRTOS/timers.c" -mcpu=cortex-m3 -std=gnu11 -g3 -DSTM32 -DSTM32F1 -DSTM32F103C8Tx -DDEBUG -c -I"C:/Users/abdullah/Desktop/Blue_Pill/Blue_Pill/Drivers/Inc" -I"C:/Users/abdullah/Desktop/Blue_Pill/Blue_Pill/FreeRTOS/include" -I"C:/Users/abdullah/Desktop/Blue_Pill/Blue_Pill/Inc" -I"C:/Users/abdullah/Desktop/Blue_Pill/Blue_Pill/CMSIS" -O0 -ffunction-sections -fdata-sections -Wall -fstack-usage -MMD -MP -MF"FreeRTOS/timers.d" -MT"FreeRTOS/timers.o" --specs=nano.specs -mfloat-abi=soft -mthumb -o "FreeRTOS/timers.o"
arm-none-eabi-gcc -gdwarf-2 "../Src/main.c" -mcpu=cortex-m3 -std=gnu11 -g3 -DSTM32 -DSTM32F1 -DSTM32F103C8Tx -DDEBUG -c -I"C:/Users/abdullah/Desktop/Blue_Pill/Blue_Pill/Drivers/Inc" -I"C:/Users/abdullah/Desktop/Blue_Pill/Blue_Pill/FreeRTOS/include" -I"C:/Users/abdullah/Desktop/Blue_Pill/Blue_Pill/Inc" -I"C:/Users/abdullah/Desktop/Blue_Pill/Blue_Pill/CMSIS" -O0 -ffunction-sections -fdata-sections -Wall -fstack-usage -MMD -MP -MF"Src/main.d" -MT"Src/main.o" --specs=nano.specs -mfloat-abi=soft -mthumb -o "Src/main.o"
In file included from C:/Users/abdullah/Desktop/Blue_Pill/Blue_Pill/CMSIS/ARMCM3.h:98:0,
                 from C:/Users/abdullah/Desktop/Blue_Pill/Blue_Pill/CMSIS/core_cm3.h:24,
                 from ../Src/main.c:28:
C:/Users/abdullah/Desktop/Blue_Pill/Blue_Pill/CMSIS/core_cm3.h:1387:0: warning: "NVIC_BASE" redefined
 #define NVIC_BASE           (SCS_BASE +  0x0100UL)                    /*!< NVIC Base Address */
 
In file included from ../Src/main.c:23:0:
C:/Users/abdullah/Desktop/Blue_Pill/Blue_Pill/Drivers/Inc/stm32f103c8.h:38:0: note: this is the location of the previous definition
 #define NVIC_BASE         0xE000E100UL
 
../Src/main.c: In function 'main':
../Src/main.c:87:51: warning: passing argument 6 of 'xTaskCreate' from incompatible pointer type [-Wincompatible-pointer-types]
  xTaskCreate(vBlinkLed, "BlinkLed", 128, NULL, 1, vBlinkLedHandle);
                                                   ^~~~~~~~~~~~~~~
In file included from ../Src/main.c:31:0:
C:/Users/abdullah/Desktop/Blue_Pill/Blue_Pill/FreeRTOS/include/task.h:355:16: note: expected 'struct tskTaskControlBlock ** const' but argument is of type 'TaskHandle_t {aka struct tskTaskControlBlock *}'
     BaseType_t xTaskCreate( TaskFunction_t pxTaskCode,
                ^~~~~~~~~~~
arm-none-eabi-gcc -o "Blue_Pill.elf" @"objects.list"   -mcpu=cortex-m3 -T"C:\Users\abdullah\Desktop\Blue_Pill\Blue_Pill\STM32F103C8TX_FLASH.ld" --specs=nosys.specs -Wl,-Map="Blue_Pill.map" -Wl,--gc-sections -static --specs=nano.specs -mfloat-abi=soft -mthumb -Wl,--start-group -lc -lm -Wl,--end-group
Finished building target: Blue_Pill.elf
 
arm-none-eabi-objdump -h -S  Blue_Pill.elf  > "Blue_Pill.list"
arm-none-eabi-objcopy  -O binary  Blue_Pill.elf  "Blue_Pill.bin"
arm-none-eabi-size   Blue_Pill.elf 
   text	   data	    bss	    dec	    hex	filename
   6192	     16	  10112	  16320	   3fc0	Blue_Pill.elf
Finished building: Blue_Pill.bin
 
Finished building: default.size.stdout
 
Finished building: Blue_Pill.list
 
18:35:25 **** Incremental Build of configuration Debug for project Blue_Pill ****
make -j4 all 
arm-none-eabi-gcc -gdwarf-2 "../Src/main.c" -mcpu=cortex-m3 -std=gnu11 -g3 -DSTM32 -DSTM32F1 -DSTM32F103C8Tx -DDEBUG -c -I"C:/Users/abdullah/Desktop/Blue_Pill/Blue_Pill/Drivers/Inc" -I"C:/Users/abdullah/Desktop/Blue_Pill/Blue_Pill/FreeRTOS/include" -I"C:/Users/abdullah/Desktop/Blue_Pill/Blue_Pill/Inc" -I"C:/Users/abdullah/Desktop/Blue_Pill/Blue_Pill/CMSIS" -O0 -ffunction-sections -fdata-sections -Wall -fstack-usage -MMD -MP -MF"Src/main.d" -MT"Src/main.o" --specs=nano.specs -mfloat-abi=soft -mthumb -o "Src/main.o"
In file included from C:/Users/abdullah/Desktop/Blue_Pill/Blue_Pill/CMSIS/ARMCM3.h:98:0,
                 from C:/Users/abdullah/Desktop/Blue_Pill/Blue_Pill/CMSIS/core_cm3.h:24,
                 from ../Src/main.c:28:
C:/Users/abdullah/Desktop/Blue_Pill/Blue_Pill/CMSIS/core_cm3.h:1387:0: warning: "NVIC_BASE" redefined
 #define NVIC_BASE           (SCS_BASE +  0x0100UL)                    /*!< NVIC Base Address */
 
In file included from ../Src/main.c:23:0:
C:/Users/abdullah/Desktop/Blue_Pill/Blue_Pill/Drivers/Inc/stm32f103c8.h:38:0: note: this is the location of the previous definition
 #define NVIC_BASE         0xE000E100UL
 
../Src/main.c: In function 'main':
../Src/main.c:87:51: warning: passing argument 6 of 'xTaskCreate' from incompatible pointer type [-Wincompatible-pointer-types]
  xTaskCreate(vBlinkLed, "BlinkLed", 128, NULL, 1, vBlinkLedHandle);
                                                   ^~~~~~~~~~~~~~~
In file included from ../Src/main.c:31:0:
C:/Users/abdullah/Desktop/Blue_Pill/Blue_Pill/FreeRTOS/include/task.h:355:16: note: expected 'struct tskTaskControlBlock ** const' but argument is of type 'TaskHandle_t {aka struct tskTaskControlBlock *}'
     BaseType_t xTaskCreate( TaskFunction_t pxTaskCode,
                ^~~~~~~~~~~
arm-none-eabi-gcc -o "Blue_Pill.elf" @"objects.list"   -mcpu=cortex-m3 -T"C:\Users\abdullah\Desktop\Blue_Pill\Blue_Pill\STM32F103C8TX_FLASH.ld" --specs=nosys.specs -Wl,-Map="Blue_Pill.map" -Wl,--gc-sections -static --specs=nano.specs -mfloat-abi=soft -mthumb -Wl,--start-group -lc -lm -Wl,--end-group
Finished building target: Blue_Pill.elf
 
arm-none-eabi-objdump -h -S  Blue_Pill.elf  > "Blue_Pill.list"
arm-none-eabi-objcopy  -O binary  Blue_Pill.elf  "Blue_Pill.bin"
arm-none-eabi-size   Blue_Pill.elf 
   text	   data	    bss	    dec	    hex	filename
   6192	     16	  10112	  16320	   3fc0	Blue_Pill.elf
Finished building: default.size.stdout
 
Finished building: Blue_Pill.bin
Finished building: Blue_Pill.list
 
 
18:36:31 **** Incremental Build of configuration Debug for project Blue_Pill ****
make -j4 all 
arm-none-eabi-size   Blue_Pill.elf 
   text	   data	    bss	    dec	    hex	filename
   6192	     16	  10112	  16320	   3fc0	Blue_Pill.elf
Finished building: default.size.stdout
 
