Archive member included to satisfy reference by file (symbol)

c:/st/stm32cubeide_1.4.0/stm32cubeide/plugins/com.st.stm32cube.ide.mcu.externaltools.gnu-tools-for-stm32.7-2018-q2-update.win32_1.4.0.202007081208/tools/bin/../lib/gcc/arm-none-eabi/7.3.1/../../../../arm-none-eabi/lib/thumb/v7-m\libc_nano.a(lib_a-errno.o)
                              Src/syscalls.o (__errno)
c:/st/stm32cubeide_1.4.0/stm32cubeide/plugins/com.st.stm32cube.ide.mcu.externaltools.gnu-tools-for-stm32.7-2018-q2-update.win32_1.4.0.202007081208/tools/bin/../lib/gcc/arm-none-eabi/7.3.1/../../../../arm-none-eabi/lib/thumb/v7-m\libc_nano.a(lib_a-exit.o)
                              c:/st/stm32cubeide_1.4.0/stm32cubeide/plugins/com.st.stm32cube.ide.mcu.externaltools.gnu-tools-for-stm32.7-2018-q2-update.win32_1.4.0.202007081208/tools/bin/../lib/gcc/arm-none-eabi/7.3.1/../../../../arm-none-eabi/lib/thumb/v7-m/crt0.o (exit)
c:/st/stm32cubeide_1.4.0/stm32cubeide/plugins/com.st.stm32cube.ide.mcu.externaltools.gnu-tools-for-stm32.7-2018-q2-update.win32_1.4.0.202007081208/tools/bin/../lib/gcc/arm-none-eabi/7.3.1/../../../../arm-none-eabi/lib/thumb/v7-m\libc_nano.a(lib_a-impure.o)
                              c:/st/stm32cubeide_1.4.0/stm32cubeide/plugins/com.st.stm32cube.ide.mcu.externaltools.gnu-tools-for-stm32.7-2018-q2-update.win32_1.4.0.202007081208/tools/bin/../lib/gcc/arm-none-eabi/7.3.1/../../../../arm-none-eabi/lib/thumb/v7-m\libc_nano.a(lib_a-exit.o) (_global_impure_ptr)
c:/st/stm32cubeide_1.4.0/stm32cubeide/plugins/com.st.stm32cube.ide.mcu.externaltools.gnu-tools-for-stm32.7-2018-q2-update.win32_1.4.0.202007081208/tools/bin/../lib/gcc/arm-none-eabi/7.3.1/../../../../arm-none-eabi/lib/thumb/v7-m\libc_nano.a(lib_a-init.o)
                              c:/st/stm32cubeide_1.4.0/stm32cubeide/plugins/com.st.stm32cube.ide.mcu.externaltools.gnu-tools-for-stm32.7-2018-q2-update.win32_1.4.0.202007081208/tools/bin/../lib/gcc/arm-none-eabi/7.3.1/../../../../arm-none-eabi/lib/thumb/v7-m/crt0.o (__libc_init_array)
c:/st/stm32cubeide_1.4.0/stm32cubeide/plugins/com.st.stm32cube.ide.mcu.externaltools.gnu-tools-for-stm32.7-2018-q2-update.win32_1.4.0.202007081208/tools/bin/../lib/gcc/arm-none-eabi/7.3.1/../../../../arm-none-eabi/lib/thumb/v7-m\libc_nano.a(lib_a-itoa.o)
                              Drivers/HAL/LCD/lcd.o (itoa)
c:/st/stm32cubeide_1.4.0/stm32cubeide/plugins/com.st.stm32cube.ide.mcu.externaltools.gnu-tools-for-stm32.7-2018-q2-update.win32_1.4.0.202007081208/tools/bin/../lib/gcc/arm-none-eabi/7.3.1/../../../../arm-none-eabi/lib/thumb/v7-m\libc_nano.a(lib_a-memcpy-stub.o)
                              FreeRTOS/queue.o (memcpy)
c:/st/stm32cubeide_1.4.0/stm32cubeide/plugins/com.st.stm32cube.ide.mcu.externaltools.gnu-tools-for-stm32.7-2018-q2-update.win32_1.4.0.202007081208/tools/bin/../lib/gcc/arm-none-eabi/7.3.1/../../../../arm-none-eabi/lib/thumb/v7-m\libc_nano.a(lib_a-memset.o)
                              c:/st/stm32cubeide_1.4.0/stm32cubeide/plugins/com.st.stm32cube.ide.mcu.externaltools.gnu-tools-for-stm32.7-2018-q2-update.win32_1.4.0.202007081208/tools/bin/../lib/gcc/arm-none-eabi/7.3.1/../../../../arm-none-eabi/lib/thumb/v7-m/crt0.o (memset)
c:/st/stm32cubeide_1.4.0/stm32cubeide/plugins/com.st.stm32cube.ide.mcu.externaltools.gnu-tools-for-stm32.7-2018-q2-update.win32_1.4.0.202007081208/tools/bin/../lib/gcc/arm-none-eabi/7.3.1/../../../../arm-none-eabi/lib/thumb/v7-m\libc_nano.a(lib_a-utoa.o)
                              c:/st/stm32cubeide_1.4.0/stm32cubeide/plugins/com.st.stm32cube.ide.mcu.externaltools.gnu-tools-for-stm32.7-2018-q2-update.win32_1.4.0.202007081208/tools/bin/../lib/gcc/arm-none-eabi/7.3.1/../../../../arm-none-eabi/lib/thumb/v7-m\libc_nano.a(lib_a-itoa.o) (__utoa)

Allocating common symbols
Common symbol       size              file

gp_EXTI_ISR_CallBack
                    0x3c              Drivers/MCAL/EXTI/stm32f103c8_exti_driver.o

Discarded input sections

 .text          0x0000000000000000        0x0 c:/st/stm32cubeide_1.4.0/stm32cubeide/plugins/com.st.stm32cube.ide.mcu.externaltools.gnu-tools-for-stm32.7-2018-q2-update.win32_1.4.0.202007081208/tools/bin/../lib/gcc/arm-none-eabi/7.3.1/thumb/v7-m/crti.o
 .data          0x0000000000000000        0x0 c:/st/stm32cubeide_1.4.0/stm32cubeide/plugins/com.st.stm32cube.ide.mcu.externaltools.gnu-tools-for-stm32.7-2018-q2-update.win32_1.4.0.202007081208/tools/bin/../lib/gcc/arm-none-eabi/7.3.1/thumb/v7-m/crti.o
 .bss           0x0000000000000000        0x0 c:/st/stm32cubeide_1.4.0/stm32cubeide/plugins/com.st.stm32cube.ide.mcu.externaltools.gnu-tools-for-stm32.7-2018-q2-update.win32_1.4.0.202007081208/tools/bin/../lib/gcc/arm-none-eabi/7.3.1/thumb/v7-m/crti.o
 .data          0x0000000000000000        0x4 c:/st/stm32cubeide_1.4.0/stm32cubeide/plugins/com.st.stm32cube.ide.mcu.externaltools.gnu-tools-for-stm32.7-2018-q2-update.win32_1.4.0.202007081208/tools/bin/../lib/gcc/arm-none-eabi/7.3.1/thumb/v7-m/crtbegin.o
[...]
Memory Configuration

Name             Origin             Length             Attributes
RAM              0x0000000020000000 0x0000000000005000 xrw
ROM              0x0000000008000000 0x0000000000010000 xr
*default*        0x0000000000000000 0xffffffffffffffff

Linker script and memory map

LOAD c:/st/stm32cubeide_1.4.0/stm32cubeide/plugins/com.st.stm32cube.ide.mcu.externaltools.gnu-tools-for-stm32.7-2018-q2-update.win32_1.4.0.202007081208/tools/bin/../lib/gcc/arm-none-eabi/7.3.1/thumb/v7-m/crti.o
LOAD c:/st/stm32cubeide_1.4.0/stm32cubeide/plugins/com.st.stm32cube.ide.mcu.externaltools.gnu-tools-for-stm32.7-2018-q2-update.win32_1.4.0.202007081208/tools/bin/../lib/gcc/arm-none-eabi/7.3.1/thumb/v7-m/crtbegin.o
LOAD c:/st/stm32cubeide_1.4.0/stm32cubeide/plugins/com.st.stm32cube.ide.mcu.externaltools.gnu-tools-for-stm32.7-2018-q2-update.win32_1.4.0.202007081208/tools/bin/../lib/gcc/arm-none-eabi/7.3.1/../../../../arm-none-eabi/lib/thumb/v7-m/crt0.o
LOAD Drivers/HAL/Keypad/keypad.o
LOAD Drivers/HAL/LCD/lcd.o
LOAD Drivers/MCAL/EXTI/stm32f103c8_exti_driver.o
LOAD Drivers/MCAL/GPIO/stm32f103c8_gpio_driver.o
LOAD Drivers/MCAL/RCC/stm32f103c8_rcc_driver.o
LOAD Drivers/MCAL/USART/stm32f103c8_usart_driver.o
LOAD FreeRTOS/croutine.o
LOAD FreeRTOS/event_groups.o
LOAD FreeRTOS/list.o
LOAD FreeRTOS/queue.o
LOAD FreeRTOS/stream_buffer.o
LOAD FreeRTOS/tasks.o
LOAD FreeRTOS/timers.o
LOAD FreeRTOS/portable/GCC/ARM_CM3/port.o
LOAD FreeRTOS/portable/MemMang/heap_4.o
LOAD Src/main.o
LOAD Src/syscalls.o
LOAD Src/sysmem.o
LOAD Startup/startup_stm32f103c8tx.o
START GROUP
LOAD c:/st/stm32cubeide_1.4.0/stm32cubeide/plugins/com.st.stm32cube.ide.mcu.externaltools.gnu-tools-for-stm32.7-2018-q2-update.win32_1.4.0.202007081208/tools/bin/../lib/gcc/arm-none-eabi/7.3.1/../../../../arm-none-eabi/lib/thumb/v7-m\libc_nano.a
LOAD c:/st/stm32cubeide_1.4.0/stm32cubeide/plugins/com.st.stm32cube.ide.mcu.externaltools.gnu-tools-for-stm32.7-2018-q2-update.win32_1.4.0.202007081208/tools/bin/../lib/gcc/arm-none-eabi/7.3.1/../../../../arm-none-eabi/lib/thumb/v7-m\libm.a
END GROUP
START GROUP
LOAD c:/st/stm32cubeide_1.4.0/stm32cubeide/plugins/com.st.stm32cube.ide.mcu.externaltools.gnu-tools-for-stm32.7-2018-q2-update.win32_1.4.0.202007081208/tools/bin/../lib/gcc/arm-none-eabi/7.3.1/thumb/v7-m\libgcc.a
LOAD c:/st/stm32cubeide_1.4.0/stm32cubeide/plugins/com.st.stm32cube.ide.mcu.externaltools.gnu-tools-for-stm32.7-2018-q2-update.win32_1.4.0.202007081208/tools/bin/../lib/gcc/arm-none-eabi/7.3.1/../../../../arm-none-eabi/lib/thumb/v7-m\libc_nano.a
END GROUP
START GROUP
LOAD c:/st/stm32cubeide_1.4.0/stm32cubeide/plugins/com.st.stm32cube.ide.mcu.externaltools.gnu-tools-for-stm32.7-2018-q2-update.win32_1.4.0.202007081208/tools/bin/../lib/gcc/arm-none-eabi/7.3.1/thumb/v7-m\libgcc.a
LOAD c:/st/stm32cubeide_1.4.0/stm32cubeide/plugins/com.st.stm32cube.ide.mcu.externaltools.gnu-tools-for-stm32.7-2018-q2-update.win32_1.4.0.202007081208/tools/bin/../lib/gcc/arm-none-eabi/7.3.1/../../../../arm-none-eabi/lib/thumb/v7-m\libc_nano.a
LOAD c:/st/stm32cubeide_1.4.0/stm32cubeide/plugins/com.st.stm32cube.ide.mcu.externaltools.gnu-tools-for-stm32.7-2018-q2-update.win32_1.4.0.202007081208/tools/bin/../lib/gcc/arm-none-eabi/7.3.1/../../../../arm-none-eabi/lib/thumb/v7-m\libnosys.a
END GROUP
START GROUP
LOAD c:/st/stm32cubeide_1.4.0/stm32cubeide/plugins/com.st.stm32cube.ide.mcu.externaltools.gnu-tools-for-stm32.7-2018-q2-update.win32_1.4.0.202007081208/tools/bin/../lib/gcc/arm-none-eabi/7.3.1/thumb/v7-m\libgcc.a
LOAD c:/st/stm32cubeide_1.4.0/stm32cubeide/plugins/com.st.stm32cube.ide.mcu.externaltools.gnu-tools-for-stm32.7-2018-q2-update.win32_1.4.0.202007081208/tools/bin/../lib/gcc/arm-none-eabi/7.3.1/../../../../arm-none-eabi/lib/thumb/v7-m\libc_nano.a
LOAD c:/st/stm32cubeide_1.4.0/stm32cubeide/plugins/com.st.stm32cube.ide.mcu.externaltools.gnu-tools-for-stm32.7-2018-q2-update.win32_1.4.0.202007081208/tools/bin/../lib/gcc/arm-none-eabi/7.3.1/../../../../arm-none-eabi/lib/thumb/v7-m\libnosys.a
END GROUP
LOAD c:/st/stm32cubeide_1.4.0/stm32cubeide/plugins/com.st.stm32cube.ide.mcu.externaltools.gnu-tools-for-stm32.7-2018-q2-update.win32_1.4.0.202007081208/tools/bin/../lib/gcc/arm-none-eabi/7.3.1/thumb/v7-m/crtend.o
LOAD c:/st/stm32cubeide_1.4.0/stm32cubeide/plugins/com.st.stm32cube.ide.mcu.externaltools.gnu-tools-for-stm32.7-2018-q2-update.win32_1.4.0.202007081208/tools/bin/../lib/gcc/arm-none-eabi/7.3.1/thumb/v7-m/crtn.o
                0x0000000020005000                _estack = (ORIGIN (RAM) + LENGTH (RAM))
                0x0000000000000200                _Min_Heap_Size = 0x200
                0x0000000000000400                _Min_Stack_Size = 0x400

.isr_vector     0x0000000008000000      0x130
                0x0000000008000000                . = ALIGN (0x4)
 *(.isr_vector)
 .isr_vector    0x0000000008000000      0x130 Startup/startup_stm32f103c8tx.o
                0x0000000008000000                g_pfnVectors
                0x0000000008000130                . = ALIGN (0x4)

.text           0x0000000008000130     0x2078
                0x0000000008000130                . = ALIGN (0x4)
 *(.text)
 .text          0x0000000008000130       0x40 c:/st/stm32cubeide_1.4.0/stm32cubeide/plugins/com.st.stm32cube.ide.mcu.externaltools.gnu-tools-for-stm32.7-2018-q2-update.win32_1.4.0.202007081208/tools/bin/../lib/gcc/arm-none-eabi/7.3.1/thumb/v7-m/crtbegin.o
 *(.text*)
 .text.EXTI0_IRQHandler
                0x0000000008000170       0x24 Drivers/MCAL/EXTI/stm32f103c8_exti_driver.o
                0x0000000008000170                EXTI0_IRQHandler
 .text.EXTI1_IRQHandler
                0x0000000008000194       0x24 Drivers/MCAL/EXTI/stm32f103c8_exti_driver.o
                0x0000000008000194                EXTI1_IRQHandler
 .text.EXTI2_IRQHandler
                0x00000000080001b8       0x24 Drivers/MCAL/EXTI/stm32f103c8_exti_driver.o
                0x00000000080001b8                EXTI2_IRQHandler
 .text.EXTI3_IRQHandler
                0x00000000080001dc       0x24 Drivers/MCAL/EXTI/stm32f103c8_exti_driver.o
                0x00000000080001dc                EXTI3_IRQHandler
 .text.EXTI4_IRQHandler
                0x0000000008000200       0x24 Drivers/MCAL/EXTI/stm32f103c8_exti_driver.o
                0x0000000008000200                EXTI4_IRQHandler
 .text.EXTI9_5_IRQHandler
                0x0000000008000224       0xb0 Drivers/MCAL/EXTI/stm32f103c8_exti_driver.o
                0x0000000008000224                EXTI9_5_IRQHandler
 .text.EXTI15_10_IRQHandler
                0x00000000080002d4       0xd0 Drivers/MCAL/EXTI/stm32f103c8_exti_driver.o
                0x00000000080002d4                EXTI15_10_IRQHandler
 .text.MCAL_GPIO_Init
                0x00000000080003a4       0xf4 Drivers/MCAL/GPIO/stm32f103c8_gpio_driver.o
                0x00000000080003a4                MCAL_GPIO_Init
 .text.MCAL_GPIO_ReadPin
                0x0000000008000498       0x2e Drivers/MCAL/GPIO/stm32f103c8_gpio_driver.o
                0x0000000008000498                MCAL_GPIO_ReadPin
 .text.MCAL_GPIO_WritePin
                0x00000000080004c6       0x34 Drivers/MCAL/GPIO/stm32f103c8_gpio_driver.o
                0x00000000080004c6                MCAL_GPIO_WritePin
 .text.GET_PIN_POSITION
                0x00000000080004fa       0xa6 Drivers/MCAL/GPIO/stm32f103c8_gpio_driver.o
 .text.MCAL_RCC_initSYSClk
                0x00000000080005a0       0x48 Drivers/MCAL/RCC/stm32f103c8_rcc_driver.o
                0x00000000080005a0                MCAL_RCC_initSYSClk
 .text.MCAL_RCC_enableCLK
                0x00000000080005e8       0x70 Drivers/MCAL/RCC/stm32f103c8_rcc_driver.o
                0x00000000080005e8                MCAL_RCC_enableCLK
 .text.vListInitialise
                0x0000000008000658       0x3e FreeRTOS/list.o
                0x0000000008000658                vListInitialise
 .text.vListInitialiseItem
                0x0000000008000696       0x18 FreeRTOS/list.o
                0x0000000008000696                vListInitialiseItem
 .text.vListInsert
                0x00000000080006ae       0x70 FreeRTOS/list.o
                0x00000000080006ae                vListInsert
 .text.uxListRemove
                0x000000000800071e       0x52 FreeRTOS/list.o
                0x000000000800071e                uxListRemove
 .text.xQueueGenericReset
                0x0000000008000770       0xf4 FreeRTOS/queue.o
                0x0000000008000770                xQueueGenericReset
 .text.xQueueGenericCreate
                0x0000000008000864       0x8a FreeRTOS/queue.o
                0x0000000008000864                xQueueGenericCreate
 .text.prvInitialiseNewQueue
                0x00000000080008ee       0x3e FreeRTOS/queue.o
 .text.xQueueGenericSend
                0x000000000800092c      0x154 FreeRTOS/queue.o
                0x000000000800092c                xQueueGenericSend
 .text.xQueueSemaphoreTake
                0x0000000008000a80      0x13c FreeRTOS/queue.o
                0x0000000008000a80                xQueueSemaphoreTake
 .text.prvCopyDataToQueue
                0x0000000008000bbc       0xb8 FreeRTOS/queue.o
 .text.prvUnlockQueue
                0x0000000008000c74       0xa4 FreeRTOS/queue.o
 .text.prvIsQueueEmpty
                0x0000000008000d18       0x2c FreeRTOS/queue.o
 .text.prvIsQueueFull
                0x0000000008000d44       0x30 FreeRTOS/queue.o
 .text.xTaskCreate
                0x0000000008000d74       0x8c FreeRTOS/tasks.o
                0x0000000008000d74                xTaskCreate
 .text.prvInitialiseNewTask
                0x0000000008000e00       0xca FreeRTOS/tasks.o
 *fill*         0x0000000008000eca        0x2 
 .text.prvAddNewTaskToReadyList
                0x0000000008000ecc      0x124 FreeRTOS/tasks.o
 .text.vTaskDelay
                0x0000000008000ff0       0x48 FreeRTOS/tasks.o
                0x0000000008000ff0                vTaskDelay
 .text.vTaskStartScheduler
                0x0000000008001038       0x74 FreeRTOS/tasks.o
                0x0000000008001038                vTaskStartScheduler
 .text.vTaskSuspendAll
                0x00000000080010ac       0x1c FreeRTOS/tasks.o
                0x00000000080010ac                vTaskSuspendAll
 .text.xTaskResumeAll
                0x00000000080010c8      0x1d8 FreeRTOS/tasks.o
                0x00000000080010c8                xTaskResumeAll
 .text.xTaskIncrementTick
                0x00000000080012a0      0x20c FreeRTOS/tasks.o
                0x00000000080012a0                xTaskIncrementTick
 .text.vTaskSwitchContext
                0x00000000080014ac       0x8c FreeRTOS/tasks.o
                0x00000000080014ac                vTaskSwitchContext
 .text.vTaskPlaceOnEventList
                0x0000000008001538       0x2c FreeRTOS/tasks.o
                0x0000000008001538                vTaskPlaceOnEventList
 .text.xTaskRemoveFromEventList
                0x0000000008001564      0x190 FreeRTOS/tasks.o
                0x0000000008001564                xTaskRemoveFromEventList
 .text.vTaskInternalSetTimeOutState
                0x00000000080016f4       0x2c FreeRTOS/tasks.o
                0x00000000080016f4                vTaskInternalSetTimeOutState
 .text.xTaskCheckForTimeOut
                0x0000000008001720       0x94 FreeRTOS/tasks.o
                0x0000000008001720                xTaskCheckForTimeOut
 .text.vTaskMissedYield
                0x00000000080017b4       0x18 FreeRTOS/tasks.o
                0x00000000080017b4                vTaskMissedYield
 .text.prvIdleTask
                0x00000000080017cc       0x30 FreeRTOS/tasks.o
 .text.prvInitialiseTaskLists
                0x00000000080017fc       0x80 FreeRTOS/tasks.o
 .text.prvCheckTasksWaitingTermination
                0x000000000800187c       0x58 FreeRTOS/tasks.o
 .text.prvDeleteTCB
                0x00000000080018d4       0x20 FreeRTOS/tasks.o
 .text.prvResetNextTaskUnblockTime
                0x00000000080018f4       0x34 FreeRTOS/tasks.o
 .text.prvAddCurrentTaskToDelayedList
                0x0000000008001928      0x100 FreeRTOS/tasks.o
 .text.pxPortInitialiseStack
                0x0000000008001a28       0x58 FreeRTOS/portable/GCC/ARM_CM3/port.o
                0x0000000008001a28                pxPortInitialiseStack
 .text.prvTaskExitError
                0x0000000008001a80       0x2e FreeRTOS/portable/GCC/ARM_CM3/port.o
 *fill*         0x0000000008001aae        0x2 
 .text.SVC_Handler
                0x0000000008001ab0       0x28 FreeRTOS/portable/GCC/ARM_CM3/port.o
                0x0000000008001ab0                SVC_Handler
 .text.prvPortStartFirstTask
                0x0000000008001ad8       0x24 FreeRTOS/portable/GCC/ARM_CM3/port.o
 .text.xPortStartScheduler
                0x0000000008001afc       0x40 FreeRTOS/portable/GCC/ARM_CM3/port.o
                0x0000000008001afc                xPortStartScheduler
 .text.vPortEnterCritical
                0x0000000008001b3c       0x30 FreeRTOS/portable/GCC/ARM_CM3/port.o
                0x0000000008001b3c                vPortEnterCritical
 .text.vPortExitCritical
                0x0000000008001b6c       0x30 FreeRTOS/portable/GCC/ARM_CM3/port.o
                0x0000000008001b6c                vPortExitCritical
 *fill*         0x0000000008001b9c        0x4 
 .text.PendSV_Handler
                0x0000000008001ba0       0x48 FreeRTOS/portable/GCC/ARM_CM3/port.o
                0x0000000008001ba0                PendSV_Handler
 .text.SysTick_Handler
                0x0000000008001be8       0x40 FreeRTOS/portable/GCC/ARM_CM3/port.o
                0x0000000008001be8                SysTick_Handler
 .text.vPortSetupTimerInterrupt
                0x0000000008001c28       0x34 FreeRTOS/portable/GCC/ARM_CM3/port.o
                0x0000000008001c28                vPortSetupTimerInterrupt
 .text.pvPortMalloc
                0x0000000008001c5c      0x134 FreeRTOS/portable/MemMang/heap_4.o
                0x0000000008001c5c                pvPortMalloc
 .text.vPortFree
                0x0000000008001d90       0x7c FreeRTOS/portable/MemMang/heap_4.o
                0x0000000008001d90                vPortFree
 .text.prvHeapInit
                0x0000000008001e0c       0xb8 FreeRTOS/portable/MemMang/heap_4.o
 .text.prvInsertBlockIntoFreeList
                0x0000000008001ec4       0xb0 FreeRTOS/portable/MemMang/heap_4.o
 .text.systemInit
                0x0000000008001f74       0x4c Src/main.o
                0x0000000008001f74                systemInit
 .text.vPushButton
                0x0000000008001fc0       0x54 Src/main.o
                0x0000000008001fc0                vPushButton
 .text.vLed     0x0000000008002014       0x50 Src/main.o
                0x0000000008002014                vLed
 .text.main     0x0000000008002064       0x68 Src/main.o
                0x0000000008002064                main
 .text.Reset_Handler
                0x00000000080020cc       0x50 Startup/startup_stm32f103c8tx.o
                0x00000000080020cc                Reset_Handler
 .text.Default_Handler
                0x000000000800211c        0x2 Startup/startup_stm32f103c8tx.o
                0x000000000800211c                TIM8_TRG_COM_IRQHandler
                0x000000000800211c                TIM8_CC_IRQHandler
                0x000000000800211c                DebugMon_Handler
                0x000000000800211c                TIM1_CC_IRQHandler
                0x000000000800211c                HardFault_Handler
                0x000000000800211c                TIM6_IRQHandler
                0x000000000800211c                PVD_IRQHandler
                0x000000000800211c                SDIO_IRQHandler
                0x000000000800211c                NMI_Handler
                0x000000000800211c                USB_HP_CAN_TX_IRQHandler
                0x000000000800211c                I2C2_EV_IRQHandler
                0x000000000800211c                UsageFault_Handler
                0x000000000800211c                ADC1_2_IRQHandler
                0x000000000800211c                SPI1_IRQHandler
                0x000000000800211c                CAN_SCE_IRQHandler
                0x000000000800211c                TAMPER_IRQHandler
                0x000000000800211c                TIM8_UP_IRQHandler
                0x000000000800211c                DMA2_Channel2_IRQHandler
                0x000000000800211c                DMA1_Channel4_IRQHandler
                0x000000000800211c                USART3_IRQHandler
                0x000000000800211c                RTC_IRQHandler
                0x000000000800211c                DMA1_Channel7_IRQHandler
                0x000000000800211c                UART5_IRQHandler
                0x000000000800211c                ADC3_IRQHandler
                0x000000000800211c                TIM4_IRQHandler
                0x000000000800211c                CAN_RX1_IRQHandler
                0x000000000800211c                DMA2_Channel1_IRQHandler
                0x000000000800211c                I2C1_EV_IRQHandler
                0x000000000800211c                DMA1_Channel6_IRQHandler
                0x000000000800211c                UART4_IRQHandler
                0x000000000800211c                TIM3_IRQHandler
                0x000000000800211c                RCC_IRQHandler
                0x000000000800211c                TIM1_TRG_COM_IRQHandler
                0x000000000800211c                DMA1_Channel1_IRQHandler
                0x000000000800211c                Default_Handler
                0x000000000800211c                TIM7_IRQHandler
                0x000000000800211c                TIM5_IRQHandler
                0x000000000800211c                SPI2_IRQHandler
                0x000000000800211c                USB_LP_CAN_RX0_IRQHandler
                0x000000000800211c                MemManage_Handler
                0x000000000800211c                DMA1_Channel5_IRQHandler
                0x000000000800211c                DMA1_Channel3_IRQHandler
                0x000000000800211c                FSMC_IRQHandler
                0x000000000800211c                TIM1_UP_IRQHandler
                0x000000000800211c                WWDG_IRQHandler
                0x000000000800211c                TIM2_IRQHandler
                0x000000000800211c                TIM1_BRK_IRQHandler
                0x000000000800211c                RTCAlarm_IRQHandler
                0x000000000800211c                DMA2_Channel4_5_IRQHandler
                0x000000000800211c                USART2_IRQHandler
                0x000000000800211c                I2C2_ER_IRQHandler
                0x000000000800211c                DMA1_Channel2_IRQHandler
                0x000000000800211c                TIM8_BRK_IRQHandler
                0x000000000800211c                FLASH_IRQHandler
                0x000000000800211c                BusFault_Handler
                0x000000000800211c                USART1_IRQHandler
                0x000000000800211c                SPI3_IRQHandler
                0x000000000800211c                I2C1_ER_IRQHandler
                0x000000000800211c                DMA2_Channel3_IRQHandler
 *fill*         0x000000000800211e        0x2 
 .text.__libc_init_array
                0x0000000008002120       0x48 c:/st/stm32cubeide_1.4.0/stm32cubeide/plugins/com.st.stm32cube.ide.mcu.externaltools.gnu-tools-for-stm32.7-2018-q2-update.win32_1.4.0.202007081208/tools/bin/../lib/gcc/arm-none-eabi/7.3.1/../../../../arm-none-eabi/lib/thumb/v7-m\libc_nano.a(lib_a-init.o)
                0x0000000008002120                __libc_init_array
 .text.memcpy   0x0000000008002168       0x16 c:/st/stm32cubeide_1.4.0/stm32cubeide/plugins/com.st.stm32cube.ide.mcu.externaltools.gnu-tools-for-stm32.7-2018-q2-update.win32_1.4.0.202007081208/tools/bin/../lib/gcc/arm-none-eabi/7.3.1/../../../../arm-none-eabi/lib/thumb/v7-m\libc_nano.a(lib_a-memcpy-stub.o)
                0x0000000008002168                memcpy
 .text.memset   0x000000000800217e       0x10 c:/st/stm32cubeide_1.4.0/stm32cubeide/plugins/com.st.stm32cube.ide.mcu.externaltools.gnu-tools-for-stm32.7-2018-q2-update.win32_1.4.0.202007081208/tools/bin/../lib/gcc/arm-none-eabi/7.3.1/../../../../arm-none-eabi/lib/thumb/v7-m\libc_nano.a(lib_a-memset.o)
                0x000000000800217e                memset
 *(.glue_7)
 .glue_7        0x000000000800218e        0x0 linker stubs
 *(.glue_7t)
 .glue_7t       0x000000000800218e        0x0 linker stubs
 *(.eh_frame)
 *fill*         0x000000000800218e        0x2 
 .eh_frame      0x0000000008002190        0x0 c:/st/stm32cubeide_1.4.0/stm32cubeide/plugins/com.st.stm32cube.ide.mcu.externaltools.gnu-tools-for-stm32.7-2018-q2-update.win32_1.4.0.202007081208/tools/bin/../lib/gcc/arm-none-eabi/7.3.1/thumb/v7-m/crtbegin.o
 *(.init)
 .init          0x0000000008002190        0x4 c:/st/stm32cubeide_1.4.0/stm32cubeide/plugins/com.st.stm32cube.ide.mcu.externaltools.gnu-tools-for-stm32.7-2018-q2-update.win32_1.4.0.202007081208/tools/bin/../lib/gcc/arm-none-eabi/7.3.1/thumb/v7-m/crti.o
                0x0000000008002190                _init
 .init          0x0000000008002194        0x8 c:/st/stm32cubeide_1.4.0/stm32cubeide/plugins/com.st.stm32cube.ide.mcu.externaltools.gnu-tools-for-stm32.7-2018-q2-update.win32_1.4.0.202007081208/tools/bin/../lib/gcc/arm-none-eabi/7.3.1/thumb/v7-m/crtn.o
 *(.fini)
 .fini          0x000000000800219c        0x4 c:/st/stm32cubeide_1.4.0/stm32cubeide/plugins/com.st.stm32cube.ide.mcu.externaltools.gnu-tools-for-stm32.7-2018-q2-update.win32_1.4.0.202007081208/tools/bin/../lib/gcc/arm-none-eabi/7.3.1/thumb/v7-m/crti.o
                0x000000000800219c                _fini
 .fini          0x00000000080021a0        0x8 c:/st/stm32cubeide_1.4.0/stm32cubeide/plugins/com.st.stm32cube.ide.mcu.externaltools.gnu-tools-for-stm32.7-2018-q2-update.win32_1.4.0.202007081208/tools/bin/../lib/gcc/arm-none-eabi/7.3.1/thumb/v7-m/crtn.o
                0x00000000080021a8                . = ALIGN (0x4)
                0x00000000080021a8                _etext = .

.vfp11_veneer   0x00000000080021a8        0x0
 .vfp11_veneer  0x00000000080021a8        0x0 linker stubs

.v4_bx          0x00000000080021a8        0x0
 .v4_bx         0x00000000080021a8        0x0 linker stubs

.iplt           0x00000000080021a8        0x0
 .iplt          0x00000000080021a8        0x0 c:/st/stm32cubeide_1.4.0/stm32cubeide/plugins/com.st.stm32cube.ide.mcu.externaltools.gnu-tools-for-stm32.7-2018-q2-update.win32_1.4.0.202007081208/tools/bin/../lib/gcc/arm-none-eabi/7.3.1/thumb/v7-m/crtbegin.o

.rodata         0x00000000080021a8       0x18
                0x00000000080021a8                . = ALIGN (0x4)
 *(.rodata)
 .rodata        0x00000000080021a8        0x5 FreeRTOS/tasks.o
 *fill*         0x00000000080021ad        0x3 
 .rodata        0x00000000080021b0        0xf Src/main.o
 *(.rodata*)
                0x00000000080021c0                . = ALIGN (0x4)
 *fill*         0x00000000080021bf        0x1 

.rel.dyn        0x00000000080021c0        0x0
 .rel.iplt      0x00000000080021c0        0x0 c:/st/stm32cubeide_1.4.0/stm32cubeide/plugins/com.st.stm32cube.ide.mcu.externaltools.gnu-tools-for-stm32.7-2018-q2-update.win32_1.4.0.202007081208/tools/bin/../lib/gcc/arm-none-eabi/7.3.1/thumb/v7-m/crtbegin.o

.ARM.extab      0x00000000080021c0        0x0
                0x00000000080021c0                . = ALIGN (0x4)
 *(.ARM.extab* .gnu.linkonce.armextab.*)
                0x00000000080021c0                . = ALIGN (0x4)

.ARM            0x00000000080021c0        0x0
                0x00000000080021c0                . = ALIGN (0x4)
                0x00000000080021c0                __exidx_start = .
 *(.ARM.exidx*)
                0x00000000080021c0                __exidx_end = .
                0x00000000080021c0                . = ALIGN (0x4)

.preinit_array  0x00000000080021c0        0x0
                0x00000000080021c0                . = ALIGN (0x4)
                0x00000000080021c0                PROVIDE (__preinit_array_start = .)
 *(.preinit_array*)
                0x00000000080021c0                PROVIDE (__preinit_array_end = .)
                0x00000000080021c0                . = ALIGN (0x4)

.init_array     0x00000000080021c0        0x4
                0x00000000080021c0                . = ALIGN (0x4)
                0x00000000080021c0                PROVIDE (__init_array_start = .)
 *(SORT_BY_NAME(.init_array.*))
 *(.init_array*)
 .init_array    0x00000000080021c0        0x4 c:/st/stm32cubeide_1.4.0/stm32cubeide/plugins/com.st.stm32cube.ide.mcu.externaltools.gnu-tools-for-stm32.7-2018-q2-update.win32_1.4.0.202007081208/tools/bin/../lib/gcc/arm-none-eabi/7.3.1/thumb/v7-m/crtbegin.o
                0x00000000080021c4                PROVIDE (__init_array_end = .)
                0x00000000080021c4                . = ALIGN (0x4)

.fini_array     0x00000000080021c4        0x4
                0x00000000080021c4                . = ALIGN (0x4)
                [!provide]                        PROVIDE (__fini_array_start = .)
 *(SORT_BY_NAME(.fini_array.*))
 *(.fini_array*)
 .fini_array    0x00000000080021c4        0x4 c:/st/stm32cubeide_1.4.0/stm32cubeide/plugins/com.st.stm32cube.ide.mcu.externaltools.gnu-tools-for-stm32.7-2018-q2-update.win32_1.4.0.202007081208/tools/bin/../lib/gcc/arm-none-eabi/7.3.1/thumb/v7-m/crtbegin.o
                [!provide]                        PROVIDE (__fini_array_end = .)
                0x00000000080021c8                . = ALIGN (0x4)
                0x00000000080021c8                _sidata = LOADADDR (.data)

.data           0x0000000020000000        0x8 load address 0x00000000080021c8
                0x0000000020000000                . = ALIGN (0x4)
                0x0000000020000000                _sdata = .
 *(.data)
 *(.data*)
 .data.uxTopUsedPriority
                0x0000000020000000        0x4 FreeRTOS/tasks.o
                0x0000000020000000                uxTopUsedPriority
 .data.uxCriticalNesting
                0x0000000020000004        0x4 FreeRTOS/portable/GCC/ARM_CM3/port.o
                0x0000000020000008                . = ALIGN (0x4)
                0x0000000020000008                _edata = .

.igot.plt       0x0000000020000008        0x0 load address 0x00000000080021d0
 .igot.plt      0x0000000020000008        0x0 c:/st/stm32cubeide_1.4.0/stm32cubeide/plugins/com.st.stm32cube.ide.mcu.externaltools.gnu-tools-for-stm32.7-2018-q2-update.win32_1.4.0.202007081208/tools/bin/../lib/gcc/arm-none-eabi/7.3.1/thumb/v7-m/crtbegin.o
                0x0000000020000008                . = ALIGN (0x4)

.bss            0x0000000020000008     0x2188 load address 0x00000000080021d0
                0x0000000020000008                _sbss = .
                0x0000000020000008                __bss_start__ = _sbss
 *(.bss)
 .bss           0x0000000020000008       0x1c c:/st/stm32cubeide_1.4.0/stm32cubeide/plugins/com.st.stm32cube.ide.mcu.externaltools.gnu-tools-for-stm32.7-2018-q2-update.win32_1.4.0.202007081208/tools/bin/../lib/gcc/arm-none-eabi/7.3.1/thumb/v7-m/crtbegin.o
 *(.bss*)
 .bss.pxCurrentTCB
                0x0000000020000024        0x4 FreeRTOS/tasks.o
                0x0000000020000024                pxCurrentTCB
 .bss.pxReadyTasksLists
                0x0000000020000028       0x64 FreeRTOS/tasks.o
 .bss.xDelayedTaskList1
                0x000000002000008c       0x14 FreeRTOS/tasks.o
 .bss.xDelayedTaskList2
                0x00000000200000a0       0x14 FreeRTOS/tasks.o
 .bss.pxDelayedTaskList
                0x00000000200000b4        0x4 FreeRTOS/tasks.o
 .bss.pxOverflowDelayedTaskList
                0x00000000200000b8        0x4 FreeRTOS/tasks.o
 .bss.xPendingReadyList
                0x00000000200000bc       0x14 FreeRTOS/tasks.o
 .bss.xTasksWaitingTermination
                0x00000000200000d0       0x14 FreeRTOS/tasks.o
 .bss.uxDeletedTasksWaitingCleanUp
                0x00000000200000e4        0x4 FreeRTOS/tasks.o
 .bss.xSuspendedTaskList
                0x00000000200000e8       0x14 FreeRTOS/tasks.o
 .bss.uxCurrentNumberOfTasks
                0x00000000200000fc        0x4 FreeRTOS/tasks.o
 .bss.xTickCount
                0x0000000020000100        0x4 FreeRTOS/tasks.o
 .bss.uxTopReadyPriority
                0x0000000020000104        0x4 FreeRTOS/tasks.o
 .bss.xSchedulerRunning
                0x0000000020000108        0x4 FreeRTOS/tasks.o
 .bss.xPendedTicks
                0x000000002000010c        0x4 FreeRTOS/tasks.o
 .bss.xYieldPending
                0x0000000020000110        0x4 FreeRTOS/tasks.o
 .bss.xNumOfOverflows
                0x0000000020000114        0x4 FreeRTOS/tasks.o
 .bss.uxTaskNumber
                0x0000000020000118        0x4 FreeRTOS/tasks.o
 .bss.xNextTaskUnblockTime
                0x000000002000011c        0x4 FreeRTOS/tasks.o
 .bss.xIdleTaskHandle
                0x0000000020000120        0x4 FreeRTOS/tasks.o
 .bss.uxSchedulerSuspended
                0x0000000020000124        0x4 FreeRTOS/tasks.o
 .bss.ucHeap    0x0000000020000128     0x2000 FreeRTOS/portable/MemMang/heap_4.o
 .bss.xStart    0x0000000020002128        0x8 FreeRTOS/portable/MemMang/heap_4.o
 .bss.pxEnd     0x0000000020002130        0x4 FreeRTOS/portable/MemMang/heap_4.o
 .bss.xFreeBytesRemaining
                0x0000000020002134        0x4 FreeRTOS/portable/MemMang/heap_4.o
 .bss.xMinimumEverFreeBytesRemaining
                0x0000000020002138        0x4 FreeRTOS/portable/MemMang/heap_4.o
 .bss.xNumberOfSuccessfulAllocations
                0x000000002000213c        0x4 FreeRTOS/portable/MemMang/heap_4.o
 .bss.xNumberOfSuccessfulFrees
                0x0000000020002140        0x4 FreeRTOS/portable/MemMang/heap_4.o
 .bss.CurrFlag  0x0000000020002144        0x1 Src/main.o
                0x0000000020002144                CurrFlag
 .bss.PrevFlag  0x0000000020002145        0x1 Src/main.o
                0x0000000020002145                PrevFlag
 *fill*         0x0000000020002146        0x2 
 .bss.xSemaphore1
                0x0000000020002148        0x4 Src/main.o
                0x0000000020002148                xSemaphore1
 .bss.vPushButtonHandle
                0x000000002000214c        0x4 Src/main.o
                0x000000002000214c                vPushButtonHandle
 .bss.vLedHandle
                0x0000000020002150        0x4 Src/main.o
                0x0000000020002150                vLedHandle
 *(COMMON)
 COMMON         0x0000000020002154       0x3c Drivers/MCAL/EXTI/stm32f103c8_exti_driver.o
                0x0000000020002154                gp_EXTI_ISR_CallBack
                0x0000000020002190                . = ALIGN (0x4)
                0x0000000020002190                _ebss = .
                0x0000000020002190                __bss_end__ = _ebss

._user_heap_stack
                0x0000000020002190      0x600 load address 0x00000000080021d0
                0x0000000020002190                . = ALIGN (0x8)
                [!provide]                        PROVIDE (end = .)
                0x0000000020002190                PROVIDE (_end = .)
                0x0000000020002390                . = (. + _Min_Heap_Size)
 *fill*         0x0000000020002190      0x200 
                0x0000000020002790                . = (. + _Min_Stack_Size)
 *fill*         0x0000000020002390      0x400 
                0x0000000020002790                . = ALIGN (0x8)

/DISCARD/
 libc.a(*)
 libm.a(*)
 libgcc.a(*)

.ARM.attributes
                0x0000000000000000       0x29
 *(.ARM.attributes)
 .ARM.attributes
                0x0000000000000000       0x1d c:/st/stm32cubeide_1.4.0/stm32cubeide/plugins/com.st.stm32cube.ide.mcu.externaltools.gnu-tools-for-stm32.7-2018-q2-update.win32_1.4.0.202007081208/tools/bin/../lib/gcc/arm-none-eabi/7.3.1/thumb/v7-m/crti.o
 .ARM.attributes
                0x000000000000001d       0x2d c:/st/stm32cubeide_1.4.0/stm32cubeide/plugins/com.st.stm32cube.ide.mcu.externaltools.gnu-tools-for-stm32.7-2018-q2-update.win32_1.4.0.202007081208/tools/bin/../lib/gcc/arm-none-eabi/7.3.1/thumb/v7-m/crtbegin.o
 .ARM.attributes
                0x000000000000004a       0x33 Drivers/MCAL/EXTI/stm32f103c8_exti_driver.o
 .ARM.attributes
                0x000000000000007d       0x33 Drivers/MCAL/GPIO/stm32f103c8_gpio_driver.o
 .ARM.attributes
                0x00000000000000b0       0x33 Drivers/MCAL/RCC/stm32f103c8_rcc_driver.o
 .ARM.attributes
                0x00000000000000e3       0x33 FreeRTOS/list.o
 .ARM.attributes
                0x0000000000000116       0x33 FreeRTOS/queue.o
 .ARM.attributes
                0x0000000000000149       0x33 FreeRTOS/tasks.o
 .ARM.attributes
                0x000000000000017c       0x33 FreeRTOS/portable/GCC/ARM_CM3/port.o
 .ARM.attributes
                0x00000000000001af       0x33 FreeRTOS/portable/MemMang/heap_4.o
 .ARM.attributes
                0x00000000000001e2       0x33 Src/main.o
 .ARM.attributes
                0x0000000000000215       0x21 Startup/startup_stm32f103c8tx.o
 .ARM.attributes
                0x0000000000000236       0x2d c:/st/stm32cubeide_1.4.0/stm32cubeide/plugins/com.st.stm32cube.ide.mcu.externaltools.gnu-tools-for-stm32.7-2018-q2-update.win32_1.4.0.202007081208/tools/bin/../lib/gcc/arm-none-eabi/7.3.1/../../../../arm-none-eabi/lib/thumb/v7-m\libc_nano.a(lib_a-init.o)
 .ARM.attributes
                0x0000000000000263       0x2d c:/st/stm32cubeide_1.4.0/stm32cubeide/plugins/com.st.stm32cube.ide.mcu.externaltools.gnu-tools-for-stm32.7-2018-q2-update.win32_1.4.0.202007081208/tools/bin/../lib/gcc/arm-none-eabi/7.3.1/../../../../arm-none-eabi/lib/thumb/v7-m\libc_nano.a(lib_a-memcpy-stub.o)
 .ARM.attributes
                0x0000000000000290       0x2d c:/st/stm32cubeide_1.4.0/stm32cubeide/plugins/com.st.stm32cube.ide.mcu.externaltools.gnu-tools-for-stm32.7-2018-q2-update.win32_1.4.0.202007081208/tools/bin/../lib/gcc/arm-none-eabi/7.3.1/../../../../arm-none-eabi/lib/thumb/v7-m\libc_nano.a(lib_a-memset.o)
 .ARM.attributes
                0x00000000000002bd       0x1d c:/st/stm32cubeide_1.4.0/stm32cubeide/plugins/com.st.stm32cube.ide.mcu.externaltools.gnu-tools-for-stm32.7-2018-q2-update.win32_1.4.0.202007081208/tools/bin/../lib/gcc/arm-none-eabi/7.3.1/thumb/v7-m/crtn.o
OUTPUT(Blue_Pill.elf elf32-littlearm)

.debug_info     0x0000000000000000     0x889b
 .debug_info    0x0000000000000000      0xdcb Drivers/MCAL/EXTI/stm32f103c8_exti_driver.o
 .debug_info    0x0000000000000dcb      0xd05 Drivers/MCAL/GPIO/stm32f103c8_gpio_driver.o
 .debug_info    0x0000000000001ad0      0xb01 Drivers/MCAL/RCC/stm32f103c8_rcc_driver.o
 .debug_info    0x00000000000025d1      0xbd9 FreeRTOS/list.o
 .debug_info    0x00000000000031aa     0x17af FreeRTOS/queue.o
 .debug_info    0x0000000000004959     0x2249 FreeRTOS/tasks.o
 .debug_info    0x0000000000006ba2      0x318 FreeRTOS/portable/GCC/ARM_CM3/port.o
 .debug_info    0x0000000000006eba      0xd7a FreeRTOS/portable/MemMang/heap_4.o
 .debug_info    0x0000000000007c34      0xc45 Src/main.o
 .debug_info    0x0000000000008879       0x22 Startup/startup_stm32f103c8tx.o

.debug_abbrev   0x0000000000000000     0x1354
 .debug_abbrev  0x0000000000000000      0x22d Drivers/MCAL/EXTI/stm32f103c8_exti_driver.o
 .debug_abbrev  0x000000000000022d      0x1f8 Drivers/MCAL/GPIO/stm32f103c8_gpio_driver.o
 .debug_abbrev  0x0000000000000425      0x197 Drivers/MCAL/RCC/stm32f103c8_rcc_driver.o
 .debug_abbrev  0x00000000000005bc      0x1c2 FreeRTOS/list.o
 .debug_abbrev  0x000000000000077e      0x27f FreeRTOS/queue.o
 .debug_abbrev  0x00000000000009fd      0x329 FreeRTOS/tasks.o
 .debug_abbrev  0x0000000000000d26      0x1e5 FreeRTOS/portable/GCC/ARM_CM3/port.o
 .debug_abbrev  0x0000000000000f0b      0x24c FreeRTOS/portable/MemMang/heap_4.o
 .debug_abbrev  0x0000000000001157      0x1eb Src/main.o
 .debug_abbrev  0x0000000000001342       0x12 Startup/startup_stm32f103c8tx.o

.debug_loc      0x0000000000000000     0x25a8
 .debug_loc     0x0000000000000000      0x320 Drivers/MCAL/EXTI/stm32f103c8_exti_driver.o
 .debug_loc     0x0000000000000320      0x324 Drivers/MCAL/GPIO/stm32f103c8_gpio_driver.o
 .debug_loc     0x0000000000000644      0x158 Drivers/MCAL/RCC/stm32f103c8_rcc_driver.o
 .debug_loc     0x000000000000079c      0x1cc FreeRTOS/list.o
 .debug_loc     0x0000000000000968      0x708 FreeRTOS/queue.o
 .debug_loc     0x0000000000001070      0xf08 FreeRTOS/tasks.o
 .debug_loc     0x0000000000001f78      0x274 FreeRTOS/portable/GCC/ARM_CM3/port.o
 .debug_loc     0x00000000000021ec      0x2c4 FreeRTOS/portable/MemMang/heap_4.o
 .debug_loc     0x00000000000024b0       0xf8 Src/main.o

.debug_aranges  0x0000000000000000      0x4e0
 .debug_aranges
                0x0000000000000000       0x80 Drivers/MCAL/EXTI/stm32f103c8_exti_driver.o
 .debug_aranges
                0x0000000000000080       0x60 Drivers/MCAL/GPIO/stm32f103c8_gpio_driver.o
 .debug_aranges
                0x00000000000000e0       0x38 Drivers/MCAL/RCC/stm32f103c8_rcc_driver.o
 .debug_aranges
                0x0000000000000118       0x40 FreeRTOS/list.o
 .debug_aranges
                0x0000000000000158       0xc8 FreeRTOS/queue.o
 .debug_aranges
                0x0000000000000220      0x190 FreeRTOS/tasks.o
 .debug_aranges
                0x00000000000003b0       0x70 FreeRTOS/portable/GCC/ARM_CM3/port.o
 .debug_aranges
                0x0000000000000420       0x60 FreeRTOS/portable/MemMang/heap_4.o
 .debug_aranges
                0x0000000000000480       0x38 Src/main.o
 .debug_aranges
                0x00000000000004b8       0x28 Startup/startup_stm32f103c8tx.o

.debug_ranges   0x0000000000000000      0x448
 .debug_ranges  0x0000000000000000       0x70 Drivers/MCAL/EXTI/stm32f103c8_exti_driver.o
 .debug_ranges  0x0000000000000070       0x50 Drivers/MCAL/GPIO/stm32f103c8_gpio_driver.o
 .debug_ranges  0x00000000000000c0       0x28 Drivers/MCAL/RCC/stm32f103c8_rcc_driver.o
 .debug_ranges  0x00000000000000e8       0x30 FreeRTOS/list.o
 .debug_ranges  0x0000000000000118       0xb8 FreeRTOS/queue.o
 .debug_ranges  0x00000000000001d0      0x180 FreeRTOS/tasks.o
 .debug_ranges  0x0000000000000350       0x60 FreeRTOS/portable/GCC/ARM_CM3/port.o
 .debug_ranges  0x00000000000003b0       0x50 FreeRTOS/portable/MemMang/heap_4.o
 .debug_ranges  0x0000000000000400       0x28 Src/main.o
 .debug_ranges  0x0000000000000428       0x20 Startup/startup_stm32f103c8tx.o

.debug_macro    0x0000000000000000     0x30ba
 .debug_macro   0x0000000000000000      0x135 Drivers/MCAL/EXTI/stm32f103c8_exti_driver.o
 .debug_macro   0x0000000000000135      0x231 Drivers/MCAL/EXTI/stm32f103c8_exti_driver.o
 .debug_macro   0x0000000000000366      0x12f Drivers/MCAL/GPIO/stm32f103c8_gpio_driver.o
 .debug_macro   0x0000000000000495       0xac Drivers/MCAL/GPIO/stm32f103c8_gpio_driver.o
 .debug_macro   0x0000000000000541      0x1ef Drivers/MCAL/GPIO/stm32f103c8_gpio_driver.o
 .debug_macro   0x0000000000000730      0x12a Drivers/MCAL/RCC/stm32f103c8_rcc_driver.o
 .debug_macro   0x000000000000085a      0x1e9 Drivers/MCAL/RCC/stm32f103c8_rcc_driver.o
 .debug_macro   0x0000000000000a43      0x18b FreeRTOS/list.o
 .debug_macro   0x0000000000000bce      0x222 FreeRTOS/queue.o
 .debug_macro   0x0000000000000df0       0x16 FreeRTOS/queue.o
 .debug_macro   0x0000000000000e06       0x35 FreeRTOS/queue.o
 .debug_macro   0x0000000000000e3b       0x20 FreeRTOS/queue.o
 .debug_macro   0x0000000000000e5b       0x80 FreeRTOS/queue.o
 .debug_macro   0x0000000000000edb      0x271 FreeRTOS/tasks.o
 .debug_macro   0x000000000000114c       0x17 FreeRTOS/tasks.o
 .debug_macro   0x0000000000001163      0x183 FreeRTOS/portable/GCC/ARM_CM3/port.o
 .debug_macro   0x00000000000012e6      0x20c FreeRTOS/portable/MemMang/heap_4.o
 .debug_macro   0x00000000000014f2      0x351 Src/main.o
 .debug_macro   0x0000000000001843       0x16 Src/main.o
 .debug_macro   0x0000000000001859       0x97 Src/main.o
 .debug_macro   0x00000000000018f0       0xfd Src/main.o
 .debug_macro   0x00000000000019ed       0x10 Src/main.o
 .debug_macro   0x00000000000019fd       0x10 Src/main.o
 .debug_macro   0x0000000000001a0d       0x1c Src/main.o
 .debug_macro   0x0000000000001a29       0x52 Src/main.o
 .debug_macro   0x0000000000001a7b       0x40 Src/main.o
 .debug_macro   0x0000000000001abb       0x10 Src/main.o
 .debug_macro   0x0000000000001acb       0x40 Src/main.o
 .debug_macro   0x0000000000001b0b       0xd7 Src/main.o
 .debug_macro   0x0000000000001be2       0x1c Src/main.o
 .debug_macro   0x0000000000001bfe       0x3d Src/main.o
 .debug_macro   0x0000000000001c3b       0x16 Src/main.o
 .debug_macro   0x0000000000001c51      0x145 Src/main.o
 .debug_macro   0x0000000000001d96      0x237 Src/main.o
 .debug_macro   0x0000000000001fcd       0x28 Src/main.o
 .debug_macro   0x0000000000001ff5       0x1c Src/main.o
 .debug_macro   0x0000000000002011       0x22 Src/main.o
 .debug_macro   0x0000000000002033       0xdf Src/main.o
 .debug_macro   0x0000000000002112      0xe2e Src/main.o
 .debug_macro   0x0000000000002f40      0x11f Src/main.o
 .debug_macro   0x000000000000305f       0x5b Src/main.o

.debug_line     0x0000000000000000     0x46af
 .debug_line    0x0000000000000000      0x6f2 Drivers/MCAL/EXTI/stm32f103c8_exti_driver.o
 .debug_line    0x00000000000006f2      0x67d Drivers/MCAL/GPIO/stm32f103c8_gpio_driver.o
 .debug_line    0x0000000000000d6f      0x59b Drivers/MCAL/RCC/stm32f103c8_rcc_driver.o
 .debug_line    0x000000000000130a      0x60f FreeRTOS/list.o
 .debug_line    0x0000000000001919      0x9e6 FreeRTOS/queue.o
 .debug_line    0x00000000000022ff      0xe3b FreeRTOS/tasks.o
 .debug_line    0x000000000000313a      0x588 FreeRTOS/portable/GCC/ARM_CM3/port.o
 .debug_line    0x00000000000036c2      0x71d FreeRTOS/portable/MemMang/heap_4.o
 .debug_line    0x0000000000003ddf      0x84c Src/main.o
 .debug_line    0x000000000000462b       0x84 Startup/startup_stm32f103c8tx.o

.debug_str      0x0000000000000000    0x19a92
 .debug_str     0x0000000000000000     0x85b0 Drivers/MCAL/EXTI/stm32f103c8_exti_driver.o
                                       0x8779 (size before relaxing)
 .debug_str     0x00000000000085b0      0x8da Drivers/MCAL/GPIO/stm32f103c8_gpio_driver.o
                                       0x7c3d (size before relaxing)
 .debug_str     0x0000000000008e8a       0xc9 Drivers/MCAL/RCC/stm32f103c8_rcc_driver.o
                                       0x77be (size before relaxing)
 .debug_str     0x0000000000008f53     0x47fb FreeRTOS/list.o
                                       0xacf2 (size before relaxing)
 .debug_str     0x000000000000d74e     0x22e2 FreeRTOS/queue.o
                                       0xcfa9 (size before relaxing)
 .debug_str     0x000000000000fa30     0x18ff FreeRTOS/tasks.o
                                       0xd99e (size before relaxing)
 .debug_str     0x000000000001132f      0x66b FreeRTOS/portable/GCC/ARM_CM3/port.o
                                       0x94cb (size before relaxing)
 .debug_str     0x000000000001199a      0x5d5 FreeRTOS/portable/MemMang/heap_4.o
                                       0xc4a3 (size before relaxing)
 .debug_str     0x0000000000011f6f     0x7af2 Src/main.o
                                      0x16974 (size before relaxing)
 .debug_str     0x0000000000019a61       0x31 Startup/startup_stm32f103c8tx.o
                                         0x65 (size before relaxing)

.comment        0x0000000000000000       0x7b
 .comment       0x0000000000000000       0x7b Drivers/MCAL/EXTI/stm32f103c8_exti_driver.o
                                         0x7c (size before relaxing)
 .comment       0x000000000000007b       0x7c Drivers/MCAL/GPIO/stm32f103c8_gpio_driver.o
 .comment       0x000000000000007b       0x7c Drivers/MCAL/RCC/stm32f103c8_rcc_driver.o
 .comment       0x000000000000007b       0x7c FreeRTOS/list.o
 .comment       0x000000000000007b       0x7c FreeRTOS/queue.o
 .comment       0x000000000000007b       0x7c FreeRTOS/tasks.o
 .comment       0x000000000000007b       0x7c FreeRTOS/portable/GCC/ARM_CM3/port.o
 .comment       0x000000000000007b       0x7c FreeRTOS/portable/MemMang/heap_4.o
 .comment       0x000000000000007b       0x7c Src/main.o

.debug_frame    0x0000000000000000     0x1268
 .debug_frame   0x0000000000000000      0x1b0 Drivers/MCAL/EXTI/stm32f103c8_exti_driver.o
 .debug_frame   0x00000000000001b0      0x174 Drivers/MCAL/GPIO/stm32f103c8_gpio_driver.o
 .debug_frame   0x0000000000000324       0xa8 Drivers/MCAL/RCC/stm32f103c8_rcc_driver.o
 .debug_frame   0x00000000000003cc       0xd8 FreeRTOS/list.o
 .debug_frame   0x00000000000004a4      0x33c FreeRTOS/queue.o
 .debug_frame   0x00000000000007e0      0x6d0 FreeRTOS/tasks.o
 .debug_frame   0x0000000000000eb0      0x160 FreeRTOS/portable/GCC/ARM_CM3/port.o
 .debug_frame   0x0000000000001010      0x150 FreeRTOS/portable/MemMang/heap_4.o
 .debug_frame   0x0000000000001160       0x94 Src/main.o
 .debug_frame   0x00000000000011f4       0x2c c:/st/stm32cubeide_1.4.0/stm32cubeide/plugins/com.st.stm32cube.ide.mcu.externaltools.gnu-tools-for-stm32.7-2018-q2-update.win32_1.4.0.202007081208/tools/bin/../lib/gcc/arm-none-eabi/7.3.1/../../../../arm-none-eabi/lib/thumb/v7-m\libc_nano.a(lib_a-init.o)
 .debug_frame   0x0000000000001220       0x28 c:/st/stm32cubeide_1.4.0/stm32cubeide/plugins/com.st.stm32cube.ide.mcu.externaltools.gnu-tools-for-stm32.7-2018-q2-update.win32_1.4.0.202007081208/tools/bin/../lib/gcc/arm-none-eabi/7.3.1/../../../../arm-none-eabi/lib/thumb/v7-m\libc_nano.a(lib_a-memcpy-stub.o)
 .debug_frame   0x0000000000001248       0x20 c:/st/stm32cubeide_1.4.0/stm32cubeide/plugins/com.st.stm32cube.ide.mcu.externaltools.gnu-tools-for-stm32.7-2018-q2-update.win32_1.4.0.202007081208/tools/bin/../lib/gcc/arm-none-eabi/7.3.1/../../../../arm-none-eabi/lib/thumb/v7-m\libc_nano.a(lib_a-memset.o)
