Archive member included to satisfy reference by file (symbol)

c:/st/stm32cubeide_1.4.0/stm32cubeide/plugins/com.st.stm32cube.ide.mcu.externaltools.gnu-tools-for-stm32.7-2018-q2-update.win32_1.4.0.202007081208/tools/bin/../lib/gcc/arm-none-eabi/7.3.1/../../../../arm-none-eabi/lib/thumb/v7-m\libc_nano.a(lib_a-errno.o)
                              Src/syscalls.o (__errno)
c:/st/stm32cubeide_1.4.0/stm32cubeide/plugins/com.st.stm32cube.ide.mcu.externaltools.gnu-tools-for-stm32.7-2018-q2-update.win32_1.4.0.202007081208/tools/bin/../lib/gcc/arm-none-eabi/7.3.1/../../../../arm-none-eabi/lib/thumb/v7-m\libc_nano.a(lib_a-exit.o)
                              c:/st/stm32cubeide_1.4.0/stm32cubeide/plugins/com.st.stm32cube.ide.mcu.externaltools.gnu-tools-for-stm32.7-2018-q2-update.win32_1.4.0.202007081208/tools/bin/../lib/gcc/arm-none-eabi/7.3.1/../../../../arm-none-eabi/lib/thumb/v7-m/crt0.o (exit)
c:/st/stm32cubeide_1.4.0/stm32cubeide/plugins/com.st.stm32cube.ide.mcu.externaltools.gnu-tools-for-stm32.7-2018-q2-update.win32_1.4.0.202007081208/tools/bin/../lib/gcc/arm-none-eabi/7.3.1/../../../../arm-none-eabi/lib/thumb/v7-m\libc_nano.a(lib_a-impure.o)
                              c:/st/stm32cubeide_1.4.0/stm32cubeide/plugins/com.st.stm32cube.ide.mcu.externaltools.gnu-tools-for-stm32.7-2018-q2-update.win32_1.4.0.202007081208/tools/bin/../lib/gcc/arm-none-eabi/7.3.1/../../../../arm-none-eabi/lib/thumb/v7-m\libc_nano.a(lib_a-exit.o) (_global_impure_ptr)
c:/st/stm32cubeide_1.4.0/stm32cubeide/plugins/com.st.stm32cube.ide.mcu.externaltools.gnu-tools-for-stm32.7-2018-q2-update.win32_1.4.0.202007081208/tools/bin/../lib/gcc/arm-none-eabi/7.3.1/../../../../arm-none-eabi/lib/thumb/v7-m\libc_nano.a(lib_a-init.o)
                              c:/st/stm32cubeide_1.4.0/stm32cubeide/plugins/com.st.stm32cube.ide.mcu.externaltools.gnu-tools-for-stm32.7-2018-q2-update.win32_1.4.0.202007081208/tools/bin/../lib/gcc/arm-none-eabi/7.3.1/../../../../arm-none-eabi/lib/thumb/v7-m/crt0.o (__libc_init_array)
c:/st/stm32cubeide_1.4.0/stm32cubeide/plugins/com.st.stm32cube.ide.mcu.externaltools.gnu-tools-for-stm32.7-2018-q2-update.win32_1.4.0.202007081208/tools/bin/../lib/gcc/arm-none-eabi/7.3.1/../../../../arm-none-eabi/lib/thumb/v7-m\libc_nano.a(lib_a-itoa.o)
                              Drivers/HAL/LCD/lcd.o (itoa)
c:/st/stm32cubeide_1.4.0/stm32cubeide/plugins/com.st.stm32cube.ide.mcu.externaltools.gnu-tools-for-stm32.7-2018-q2-update.win32_1.4.0.202007081208/tools/bin/../lib/gcc/arm-none-eabi/7.3.1/../../../../arm-none-eabi/lib/thumb/v7-m\libc_nano.a(lib_a-memcpy-stub.o)
                              FreeRTOS/queue.o (memcpy)
c:/st/stm32cubeide_1.4.0/stm32cubeide/plugins/com.st.stm32cube.ide.mcu.externaltools.gnu-tools-for-stm32.7-2018-q2-update.win32_1.4.0.202007081208/tools/bin/../lib/gcc/arm-none-eabi/7.3.1/../../../../arm-none-eabi/lib/thumb/v7-m\libc_nano.a(lib_a-memset.o)
                              c:/st/stm32cubeide_1.4.0/stm32cubeide/plugins/com.st.stm32cube.ide.mcu.externaltools.gnu-tools-for-stm32.7-2018-q2-update.win32_1.4.0.202007081208/tools/bin/../lib/gcc/arm-none-eabi/7.3.1/../../../../arm-none-eabi/lib/thumb/v7-m/crt0.o (memset)
c:/st/stm32cubeide_1.4.0/stm32cubeide/plugins/com.st.stm32cube.ide.mcu.externaltools.gnu-tools-for-stm32.7-2018-q2-update.win32_1.4.0.202007081208/tools/bin/../lib/gcc/arm-none-eabi/7.3.1/../../../../arm-none-eabi/lib/thumb/v7-m\libc_nano.a(lib_a-utoa.o)
                              c:/st/stm32cubeide_1.4.0/stm32cubeide/plugins/com.st.stm32cube.ide.mcu.externaltools.gnu-tools-for-stm32.7-2018-q2-update.win32_1.4.0.202007081208/tools/bin/../lib/gcc/arm-none-eabi/7.3.1/../../../../arm-none-eabi/lib/thumb/v7-m\libc_nano.a(lib_a-itoa.o) (__utoa)

Allocating common symbols
Common symbol       size              file

gp_EXTI_ISR_CallBack
                    0x3c              Drivers/MCAL/EXTI/stm32f103c8_exti_driver.o

Discarded input sections

 .text          0x0000000000000000        0x0 c:/st/stm32cubeide_1.4.0/stm32cubeide/plugins/com.st.stm32cube.ide.mcu.externaltools.gnu-tools-for-stm32.7-2018-q2-update.win32_1.4.0.202007081208/tools/bin/../lib/gcc/arm-none-eabi/7.3.1/thumb/v7-m/crti.o
 .data          0x0000000000000000        0x0 c:/st/stm32cubeide_1.4.0/stm32cubeide/plugins/com.st.stm32cube.ide.mcu.externaltools.gnu-tools-for-stm32.7-2018-q2-update.win32_1.4.0.202007081208/tools/bin/../lib/gcc/arm-none-eabi/7.3.1/thumb/v7-m/crti.o
 .bss           0x0000000000000000        0x0 c:/st/stm32cubeide_1.4.0/stm32cubeide/plugins/com.st.stm32cube.ide.mcu.externaltools.gnu-tools-for-stm32.7-2018-q2-update.win32_1.4.0.202007081208/tools/bin/../lib/gcc/arm-none-eabi/7.3.1/thumb/v7-m/crti.o
 .data          0x0000000000000000        0x4 c:/st/stm32cubeide_1.4.0/stm32cubeide/plugins/com.st.stm32cube.ide.mcu.externaltools.gnu-tools-for-stm32.7-2018-q2-update.win32_1.4.0.202007081208/tools/bin/../lib/gcc/arm-none-eabi/7.3.1/thumb/v7-m/crtbegin.o
[...]
Memory Configuration

Name             Origin             Length             Attributes
RAM              0x0000000020000000 0x0000000000005000 xrw
ROM              0x0000000008000000 0x0000000000010000 xr
*default*        0x0000000000000000 0xffffffffffffffff

Linker script and memory map

LOAD c:/st/stm32cubeide_1.4.0/stm32cubeide/plugins/com.st.stm32cube.ide.mcu.externaltools.gnu-tools-for-stm32.7-2018-q2-update.win32_1.4.0.202007081208/tools/bin/../lib/gcc/arm-none-eabi/7.3.1/thumb/v7-m/crti.o
LOAD c:/st/stm32cubeide_1.4.0/stm32cubeide/plugins/com.st.stm32cube.ide.mcu.externaltools.gnu-tools-for-stm32.7-2018-q2-update.win32_1.4.0.202007081208/tools/bin/../lib/gcc/arm-none-eabi/7.3.1/thumb/v7-m/crtbegin.o
LOAD c:/st/stm32cubeide_1.4.0/stm32cubeide/plugins/com.st.stm32cube.ide.mcu.externaltools.gnu-tools-for-stm32.7-2018-q2-update.win32_1.4.0.202007081208/tools/bin/../lib/gcc/arm-none-eabi/7.3.1/../../../../arm-none-eabi/lib/thumb/v7-m/crt0.o
LOAD Drivers/HAL/Keypad/keypad.o
LOAD Drivers/HAL/LCD/lcd.o
LOAD Drivers/MCAL/EXTI/stm32f103c8_exti_driver.o
LOAD Drivers/MCAL/GPIO/stm32f103c8_gpio_driver.o
LOAD Drivers/MCAL/RCC/stm32f103c8_rcc_driver.o
LOAD Drivers/MCAL/USART/stm32f103c8_usart_driver.o
LOAD FreeRTOS/croutine.o
LOAD FreeRTOS/event_groups.o
LOAD FreeRTOS/list.o
LOAD FreeRTOS/queue.o
LOAD FreeRTOS/stream_buffer.o
LOAD FreeRTOS/tasks.o
LOAD FreeRTOS/timers.o
LOAD FreeRTOS/portable/GCC/ARM_CM3/port.o
LOAD FreeRTOS/portable/MemMang/heap_4.o
LOAD Src/main.o
LOAD Src/syscalls.o
LOAD Src/sysmem.o
LOAD Startup/startup_stm32f103c8tx.o
START GROUP
LOAD c:/st/stm32cubeide_1.4.0/stm32cubeide/plugins/com.st.stm32cube.ide.mcu.externaltools.gnu-tools-for-stm32.7-2018-q2-update.win32_1.4.0.202007081208/tools/bin/../lib/gcc/arm-none-eabi/7.3.1/../../../../arm-none-eabi/lib/thumb/v7-m\libc_nano.a
LOAD c:/st/stm32cubeide_1.4.0/stm32cubeide/plugins/com.st.stm32cube.ide.mcu.externaltools.gnu-tools-for-stm32.7-2018-q2-update.win32_1.4.0.202007081208/tools/bin/../lib/gcc/arm-none-eabi/7.3.1/../../../../arm-none-eabi/lib/thumb/v7-m\libm.a
END GROUP
START GROUP
LOAD c:/st/stm32cubeide_1.4.0/stm32cubeide/plugins/com.st.stm32cube.ide.mcu.externaltools.gnu-tools-for-stm32.7-2018-q2-update.win32_1.4.0.202007081208/tools/bin/../lib/gcc/arm-none-eabi/7.3.1/thumb/v7-m\libgcc.a
LOAD c:/st/stm32cubeide_1.4.0/stm32cubeide/plugins/com.st.stm32cube.ide.mcu.externaltools.gnu-tools-for-stm32.7-2018-q2-update.win32_1.4.0.202007081208/tools/bin/../lib/gcc/arm-none-eabi/7.3.1/../../../../arm-none-eabi/lib/thumb/v7-m\libc_nano.a
END GROUP
START GROUP
LOAD c:/st/stm32cubeide_1.4.0/stm32cubeide/plugins/com.st.stm32cube.ide.mcu.externaltools.gnu-tools-for-stm32.7-2018-q2-update.win32_1.4.0.202007081208/tools/bin/../lib/gcc/arm-none-eabi/7.3.1/thumb/v7-m\libgcc.a
LOAD c:/st/stm32cubeide_1.4.0/stm32cubeide/plugins/com.st.stm32cube.ide.mcu.externaltools.gnu-tools-for-stm32.7-2018-q2-update.win32_1.4.0.202007081208/tools/bin/../lib/gcc/arm-none-eabi/7.3.1/../../../../arm-none-eabi/lib/thumb/v7-m\libc_nano.a
LOAD c:/st/stm32cubeide_1.4.0/stm32cubeide/plugins/com.st.stm32cube.ide.mcu.externaltools.gnu-tools-for-stm32.7-2018-q2-update.win32_1.4.0.202007081208/tools/bin/../lib/gcc/arm-none-eabi/7.3.1/../../../../arm-none-eabi/lib/thumb/v7-m\libnosys.a
END GROUP
START GROUP
LOAD c:/st/stm32cubeide_1.4.0/stm32cubeide/plugins/com.st.stm32cube.ide.mcu.externaltools.gnu-tools-for-stm32.7-2018-q2-update.win32_1.4.0.202007081208/tools/bin/../lib/gcc/arm-none-eabi/7.3.1/thumb/v7-m\libgcc.a
LOAD c:/st/stm32cubeide_1.4.0/stm32cubeide/plugins/com.st.stm32cube.ide.mcu.externaltools.gnu-tools-for-stm32.7-2018-q2-update.win32_1.4.0.202007081208/tools/bin/../lib/gcc/arm-none-eabi/7.3.1/../../../../arm-none-eabi/lib/thumb/v7-m\libc_nano.a
LOAD c:/st/stm32cubeide_1.4.0/stm32cubeide/plugins/com.st.stm32cube.ide.mcu.externaltools.gnu-tools-for-stm32.7-2018-q2-update.win32_1.4.0.202007081208/tools/bin/../lib/gcc/arm-none-eabi/7.3.1/../../../../arm-none-eabi/lib/thumb/v7-m\libnosys.a
END GROUP
LOAD c:/st/stm32cubeide_1.4.0/stm32cubeide/plugins/com.st.stm32cube.ide.mcu.externaltools.gnu-tools-for-stm32.7-2018-q2-update.win32_1.4.0.202007081208/tools/bin/../lib/gcc/arm-none-eabi/7.3.1/thumb/v7-m/crtend.o
LOAD c:/st/stm32cubeide_1.4.0/stm32cubeide/plugins/com.st.stm32cube.ide.mcu.externaltools.gnu-tools-for-stm32.7-2018-q2-update.win32_1.4.0.202007081208/tools/bin/../lib/gcc/arm-none-eabi/7.3.1/thumb/v7-m/crtn.o
                0x0000000020005000                _estack = (ORIGIN (RAM) + LENGTH (RAM))
                0x0000000000000200                _Min_Heap_Size = 0x200
                0x0000000000000400                _Min_Stack_Size = 0x400

.isr_vector     0x0000000008000000      0x130
                0x0000000008000000                . = ALIGN (0x4)
 *(.isr_vector)
 .isr_vector    0x0000000008000000      0x130 Startup/startup_stm32f103c8tx.o
                0x0000000008000000                g_pfnVectors
                0x0000000008000130                . = ALIGN (0x4)

.text           0x0000000008000130     0x16ec
                0x0000000008000130                . = ALIGN (0x4)
 *(.text)
 .text          0x0000000008000130       0x40 c:/st/stm32cubeide_1.4.0/stm32cubeide/plugins/com.st.stm32cube.ide.mcu.externaltools.gnu-tools-for-stm32.7-2018-q2-update.win32_1.4.0.202007081208/tools/bin/../lib/gcc/arm-none-eabi/7.3.1/thumb/v7-m/crtbegin.o
 *(.text*)
 .text.EXTI0_IRQHandler
                0x0000000008000170       0x24 Drivers/MCAL/EXTI/stm32f103c8_exti_driver.o
                0x0000000008000170                EXTI0_IRQHandler
 .text.EXTI1_IRQHandler
                0x0000000008000194       0x24 Drivers/MCAL/EXTI/stm32f103c8_exti_driver.o
                0x0000000008000194                EXTI1_IRQHandler
 .text.EXTI2_IRQHandler
                0x00000000080001b8       0x24 Drivers/MCAL/EXTI/stm32f103c8_exti_driver.o
                0x00000000080001b8                EXTI2_IRQHandler
 .text.EXTI3_IRQHandler
                0x00000000080001dc       0x24 Drivers/MCAL/EXTI/stm32f103c8_exti_driver.o
                0x00000000080001dc                EXTI3_IRQHandler
 .text.EXTI4_IRQHandler
                0x0000000008000200       0x24 Drivers/MCAL/EXTI/stm32f103c8_exti_driver.o
                0x0000000008000200                EXTI4_IRQHandler
 .text.EXTI9_5_IRQHandler
                0x0000000008000224       0xb0 Drivers/MCAL/EXTI/stm32f103c8_exti_driver.o
                0x0000000008000224                EXTI9_5_IRQHandler
 .text.EXTI15_10_IRQHandler
                0x00000000080002d4       0xd0 Drivers/MCAL/EXTI/stm32f103c8_exti_driver.o
                0x00000000080002d4                EXTI15_10_IRQHandler
 .text.MCAL_GPIO_Init
                0x00000000080003a4       0xf4 Drivers/MCAL/GPIO/stm32f103c8_gpio_driver.o
                0x00000000080003a4                MCAL_GPIO_Init
 .text.MCAL_GPIO_WritePin
                0x0000000008000498       0x34 Drivers/MCAL/GPIO/stm32f103c8_gpio_driver.o
                0x0000000008000498                MCAL_GPIO_WritePin
 .text.GET_PIN_POSITION
                0x00000000080004cc       0xa6 Drivers/MCAL/GPIO/stm32f103c8_gpio_driver.o
 *fill*         0x0000000008000572        0x2 
 .text.MCAL_RCC_initSYSClk
                0x0000000008000574       0x48 Drivers/MCAL/RCC/stm32f103c8_rcc_driver.o
                0x0000000008000574                MCAL_RCC_initSYSClk
 .text.MCAL_RCC_enableCLK
                0x00000000080005bc       0x70 Drivers/MCAL/RCC/stm32f103c8_rcc_driver.o
                0x00000000080005bc                MCAL_RCC_enableCLK
 .text.vListInitialise
                0x000000000800062c       0x3e FreeRTOS/list.o
                0x000000000800062c                vListInitialise
 .text.vListInitialiseItem
                0x000000000800066a       0x18 FreeRTOS/list.o
                0x000000000800066a                vListInitialiseItem
 .text.vListInsert
                0x0000000008000682       0x70 FreeRTOS/list.o
                0x0000000008000682                vListInsert
 .text.uxListRemove
                0x00000000080006f2       0x52 FreeRTOS/list.o
                0x00000000080006f2                uxListRemove
 .text.xTaskCreate
                0x0000000008000744       0x8c FreeRTOS/tasks.o
                0x0000000008000744                xTaskCreate
 .text.prvInitialiseNewTask
                0x00000000080007d0       0xca FreeRTOS/tasks.o
 *fill*         0x000000000800089a        0x2 
 .text.prvAddNewTaskToReadyList
                0x000000000800089c      0x124 FreeRTOS/tasks.o
 .text.vTaskDelay
                0x00000000080009c0       0x48 FreeRTOS/tasks.o
                0x00000000080009c0                vTaskDelay
 .text.vTaskStartScheduler
                0x0000000008000a08       0x74 FreeRTOS/tasks.o
                0x0000000008000a08                vTaskStartScheduler
 .text.vTaskSuspendAll
                0x0000000008000a7c       0x1c FreeRTOS/tasks.o
                0x0000000008000a7c                vTaskSuspendAll
 .text.xTaskResumeAll
                0x0000000008000a98      0x1d8 FreeRTOS/tasks.o
                0x0000000008000a98                xTaskResumeAll
 .text.xTaskIncrementTick
                0x0000000008000c70      0x20c FreeRTOS/tasks.o
                0x0000000008000c70                xTaskIncrementTick
 .text.vTaskSwitchContext
                0x0000000008000e7c       0x8c FreeRTOS/tasks.o
                0x0000000008000e7c                vTaskSwitchContext
 .text.prvIdleTask
                0x0000000008000f08       0x30 FreeRTOS/tasks.o
 .text.prvInitialiseTaskLists
                0x0000000008000f38       0x80 FreeRTOS/tasks.o
 .text.prvCheckTasksWaitingTermination
                0x0000000008000fb8       0x58 FreeRTOS/tasks.o
 .text.prvDeleteTCB
                0x0000000008001010       0x20 FreeRTOS/tasks.o
 .text.prvResetNextTaskUnblockTime
                0x0000000008001030       0x34 FreeRTOS/tasks.o
 .text.prvAddCurrentTaskToDelayedList
                0x0000000008001064      0x100 FreeRTOS/tasks.o
 .text.pxPortInitialiseStack
                0x0000000008001164       0x58 FreeRTOS/portable/GCC/ARM_CM3/port.o
                0x0000000008001164                pxPortInitialiseStack
 .text.prvTaskExitError
                0x00000000080011bc       0x2e FreeRTOS/portable/GCC/ARM_CM3/port.o
 *fill*         0x00000000080011ea        0x6 
 .text.SVC_Handler
                0x00000000080011f0       0x28 FreeRTOS/portable/GCC/ARM_CM3/port.o
                0x00000000080011f0                SVC_Handler
 .text.prvPortStartFirstTask
                0x0000000008001218       0x24 FreeRTOS/portable/GCC/ARM_CM3/port.o
 .text.xPortStartScheduler
                0x000000000800123c       0x40 FreeRTOS/portable/GCC/ARM_CM3/port.o
                0x000000000800123c                xPortStartScheduler
 .text.vPortEnterCritical
                0x000000000800127c       0x30 FreeRTOS/portable/GCC/ARM_CM3/port.o
                0x000000000800127c                vPortEnterCritical
 .text.vPortExitCritical
                0x00000000080012ac       0x30 FreeRTOS/portable/GCC/ARM_CM3/port.o
                0x00000000080012ac                vPortExitCritical
 *fill*         0x00000000080012dc        0x4 
 .text.PendSV_Handler
                0x00000000080012e0       0x48 FreeRTOS/portable/GCC/ARM_CM3/port.o
                0x00000000080012e0                PendSV_Handler
 .text.SysTick_Handler
                0x0000000008001328       0x40 FreeRTOS/portable/GCC/ARM_CM3/port.o
                0x0000000008001328                SysTick_Handler
 .text.vPortSetupTimerInterrupt
                0x0000000008001368       0x34 FreeRTOS/portable/GCC/ARM_CM3/port.o
                0x0000000008001368                vPortSetupTimerInterrupt
 .text.pvPortMalloc
                0x000000000800139c      0x134 FreeRTOS/portable/MemMang/heap_4.o
                0x000000000800139c                pvPortMalloc
 .text.vPortFree
                0x00000000080014d0       0x7c FreeRTOS/portable/MemMang/heap_4.o
                0x00000000080014d0                vPortFree
 .text.prvHeapInit
                0x000000000800154c       0xb8 FreeRTOS/portable/MemMang/heap_4.o
 .text.prvInsertBlockIntoFreeList
                0x0000000008001604       0xb0 FreeRTOS/portable/MemMang/heap_4.o
 .text.systemInit
                0x00000000080016b4       0x38 Src/main.o
                0x00000000080016b4                systemInit
 .text.vBlinkLed
                0x00000000080016ec       0x38 Src/main.o
                0x00000000080016ec                vBlinkLed
 .text.main     0x0000000008001724       0x34 Src/main.o
                0x0000000008001724                main
 .text.Reset_Handler
                0x0000000008001758       0x50 Startup/startup_stm32f103c8tx.o
                0x0000000008001758                Reset_Handler
 .text.Default_Handler
                0x00000000080017a8        0x2 Startup/startup_stm32f103c8tx.o
                0x00000000080017a8                TIM8_TRG_COM_IRQHandler
                0x00000000080017a8                TIM8_CC_IRQHandler
                0x00000000080017a8                DebugMon_Handler
                0x00000000080017a8                TIM1_CC_IRQHandler
                0x00000000080017a8                HardFault_Handler
                0x00000000080017a8                TIM6_IRQHandler
                0x00000000080017a8                PVD_IRQHandler
                0x00000000080017a8                SDIO_IRQHandler
                0x00000000080017a8                NMI_Handler
                0x00000000080017a8                USB_HP_CAN_TX_IRQHandler
                0x00000000080017a8                I2C2_EV_IRQHandler
                0x00000000080017a8                UsageFault_Handler
                0x00000000080017a8                ADC1_2_IRQHandler
                0x00000000080017a8                SPI1_IRQHandler
                0x00000000080017a8                CAN_SCE_IRQHandler
                0x00000000080017a8                TAMPER_IRQHandler
                0x00000000080017a8                TIM8_UP_IRQHandler
                0x00000000080017a8                DMA2_Channel2_IRQHandler
                0x00000000080017a8                DMA1_Channel4_IRQHandler
                0x00000000080017a8                USART3_IRQHandler
                0x00000000080017a8                RTC_IRQHandler
                0x00000000080017a8                DMA1_Channel7_IRQHandler
                0x00000000080017a8                UART5_IRQHandler
                0x00000000080017a8                ADC3_IRQHandler
                0x00000000080017a8                TIM4_IRQHandler
                0x00000000080017a8                CAN_RX1_IRQHandler
                0x00000000080017a8                DMA2_Channel1_IRQHandler
                0x00000000080017a8                I2C1_EV_IRQHandler
                0x00000000080017a8                DMA1_Channel6_IRQHandler
                0x00000000080017a8                UART4_IRQHandler
                0x00000000080017a8                TIM3_IRQHandler
                0x00000000080017a8                RCC_IRQHandler
                0x00000000080017a8                TIM1_TRG_COM_IRQHandler
                0x00000000080017a8                DMA1_Channel1_IRQHandler
                0x00000000080017a8                Default_Handler
                0x00000000080017a8                TIM7_IRQHandler
                0x00000000080017a8                TIM5_IRQHandler
                0x00000000080017a8                SPI2_IRQHandler
                0x00000000080017a8                USB_LP_CAN_RX0_IRQHandler
                0x00000000080017a8                MemManage_Handler
                0x00000000080017a8                DMA1_Channel5_IRQHandler
                0x00000000080017a8                DMA1_Channel3_IRQHandler
                0x00000000080017a8                FSMC_IRQHandler
                0x00000000080017a8                TIM1_UP_IRQHandler
                0x00000000080017a8                WWDG_IRQHandler
                0x00000000080017a8                TIM2_IRQHandler
                0x00000000080017a8                TIM1_BRK_IRQHandler
                0x00000000080017a8                RTCAlarm_IRQHandler
                0x00000000080017a8                DMA2_Channel4_5_IRQHandler
                0x00000000080017a8                USART2_IRQHandler
                0x00000000080017a8                I2C2_ER_IRQHandler
                0x00000000080017a8                DMA1_Channel2_IRQHandler
                0x00000000080017a8                TIM8_BRK_IRQHandler
                0x00000000080017a8                FLASH_IRQHandler
                0x00000000080017a8                BusFault_Handler
                0x00000000080017a8                USART1_IRQHandler
                0x00000000080017a8                SPI3_IRQHandler
                0x00000000080017a8                I2C1_ER_IRQHandler
                0x00000000080017a8                DMA2_Channel3_IRQHandler
 *fill*         0x00000000080017aa        0x2 
 .text.__libc_init_array
                0x00000000080017ac       0x48 c:/st/stm32cubeide_1.4.0/stm32cubeide/plugins/com.st.stm32cube.ide.mcu.externaltools.gnu-tools-for-stm32.7-2018-q2-update.win32_1.4.0.202007081208/tools/bin/../lib/gcc/arm-none-eabi/7.3.1/../../../../arm-none-eabi/lib/thumb/v7-m\libc_nano.a(lib_a-init.o)
                0x00000000080017ac                __libc_init_array
 .text.memset   0x00000000080017f4       0x10 c:/st/stm32cubeide_1.4.0/stm32cubeide/plugins/com.st.stm32cube.ide.mcu.externaltools.gnu-tools-for-stm32.7-2018-q2-update.win32_1.4.0.202007081208/tools/bin/../lib/gcc/arm-none-eabi/7.3.1/../../../../arm-none-eabi/lib/thumb/v7-m\libc_nano.a(lib_a-memset.o)
                0x00000000080017f4                memset
 *(.glue_7)
 .glue_7        0x0000000008001804        0x0 linker stubs
 *(.glue_7t)
 .glue_7t       0x0000000008001804        0x0 linker stubs
 *(.eh_frame)
 .eh_frame      0x0000000008001804        0x0 c:/st/stm32cubeide_1.4.0/stm32cubeide/plugins/com.st.stm32cube.ide.mcu.externaltools.gnu-tools-for-stm32.7-2018-q2-update.win32_1.4.0.202007081208/tools/bin/../lib/gcc/arm-none-eabi/7.3.1/thumb/v7-m/crtbegin.o
 *(.init)
 .init          0x0000000008001804        0x4 c:/st/stm32cubeide_1.4.0/stm32cubeide/plugins/com.st.stm32cube.ide.mcu.externaltools.gnu-tools-for-stm32.7-2018-q2-update.win32_1.4.0.202007081208/tools/bin/../lib/gcc/arm-none-eabi/7.3.1/thumb/v7-m/crti.o
                0x0000000008001804                _init
 .init          0x0000000008001808        0x8 c:/st/stm32cubeide_1.4.0/stm32cubeide/plugins/com.st.stm32cube.ide.mcu.externaltools.gnu-tools-for-stm32.7-2018-q2-update.win32_1.4.0.202007081208/tools/bin/../lib/gcc/arm-none-eabi/7.3.1/thumb/v7-m/crtn.o
 *(.fini)
 .fini          0x0000000008001810        0x4 c:/st/stm32cubeide_1.4.0/stm32cubeide/plugins/com.st.stm32cube.ide.mcu.externaltools.gnu-tools-for-stm32.7-2018-q2-update.win32_1.4.0.202007081208/tools/bin/../lib/gcc/arm-none-eabi/7.3.1/thumb/v7-m/crti.o
                0x0000000008001810                _fini
 .fini          0x0000000008001814        0x8 c:/st/stm32cubeide_1.4.0/stm32cubeide/plugins/com.st.stm32cube.ide.mcu.externaltools.gnu-tools-for-stm32.7-2018-q2-update.win32_1.4.0.202007081208/tools/bin/../lib/gcc/arm-none-eabi/7.3.1/thumb/v7-m/crtn.o
                0x000000000800181c                . = ALIGN (0x4)
                0x000000000800181c                _etext = .

.vfp11_veneer   0x000000000800181c        0x0
 .vfp11_veneer  0x000000000800181c        0x0 linker stubs

.v4_bx          0x000000000800181c        0x0
 .v4_bx         0x000000000800181c        0x0 linker stubs

.iplt           0x000000000800181c        0x0
 .iplt          0x000000000800181c        0x0 c:/st/stm32cubeide_1.4.0/stm32cubeide/plugins/com.st.stm32cube.ide.mcu.externaltools.gnu-tools-for-stm32.7-2018-q2-update.win32_1.4.0.202007081208/tools/bin/../lib/gcc/arm-none-eabi/7.3.1/thumb/v7-m/crtbegin.o

.rodata         0x000000000800181c       0x14
                0x000000000800181c                . = ALIGN (0x4)
 *(.rodata)
 .rodata        0x000000000800181c        0x5 FreeRTOS/tasks.o
 *fill*         0x0000000008001821        0x3 
 .rodata        0x0000000008001824        0x9 Src/main.o
 *(.rodata*)
                0x0000000008001830                . = ALIGN (0x4)
 *fill*         0x000000000800182d        0x3 

.rel.dyn        0x0000000008001830        0x0
 .rel.iplt      0x0000000008001830        0x0 c:/st/stm32cubeide_1.4.0/stm32cubeide/plugins/com.st.stm32cube.ide.mcu.externaltools.gnu-tools-for-stm32.7-2018-q2-update.win32_1.4.0.202007081208/tools/bin/../lib/gcc/arm-none-eabi/7.3.1/thumb/v7-m/crtbegin.o

.ARM.extab      0x0000000008001830        0x0
                0x0000000008001830                . = ALIGN (0x4)
 *(.ARM.extab* .gnu.linkonce.armextab.*)
                0x0000000008001830                . = ALIGN (0x4)

.ARM            0x0000000008001830        0x0
                0x0000000008001830                . = ALIGN (0x4)
                0x0000000008001830                __exidx_start = .
 *(.ARM.exidx*)
                0x0000000008001830                __exidx_end = .
                0x0000000008001830                . = ALIGN (0x4)

.preinit_array  0x0000000008001830        0x0
                0x0000000008001830                . = ALIGN (0x4)
                0x0000000008001830                PROVIDE (__preinit_array_start = .)
 *(.preinit_array*)
                0x0000000008001830                PROVIDE (__preinit_array_end = .)
                0x0000000008001830                . = ALIGN (0x4)

.init_array     0x0000000008001830        0x4
                0x0000000008001830                . = ALIGN (0x4)
                0x0000000008001830                PROVIDE (__init_array_start = .)
 *(SORT_BY_NAME(.init_array.*))
 *(.init_array*)
 .init_array    0x0000000008001830        0x4 c:/st/stm32cubeide_1.4.0/stm32cubeide/plugins/com.st.stm32cube.ide.mcu.externaltools.gnu-tools-for-stm32.7-2018-q2-update.win32_1.4.0.202007081208/tools/bin/../lib/gcc/arm-none-eabi/7.3.1/thumb/v7-m/crtbegin.o
                0x0000000008001834                PROVIDE (__init_array_end = .)
                0x0000000008001834                . = ALIGN (0x4)

.fini_array     0x0000000008001834        0x4
                0x0000000008001834                . = ALIGN (0x4)
                [!provide]                        PROVIDE (__fini_array_start = .)
 *(SORT_BY_NAME(.fini_array.*))
 *(.fini_array*)
 .fini_array    0x0000000008001834        0x4 c:/st/stm32cubeide_1.4.0/stm32cubeide/plugins/com.st.stm32cube.ide.mcu.externaltools.gnu-tools-for-stm32.7-2018-q2-update.win32_1.4.0.202007081208/tools/bin/../lib/gcc/arm-none-eabi/7.3.1/thumb/v7-m/crtbegin.o
                [!provide]                        PROVIDE (__fini_array_end = .)
                0x0000000008001838                . = ALIGN (0x4)
                0x0000000008001838                _sidata = LOADADDR (.data)

.data           0x0000000020000000        0x8 load address 0x0000000008001838
                0x0000000020000000                . = ALIGN (0x4)
                0x0000000020000000                _sdata = .
 *(.data)
 *(.data*)
 .data.uxTopUsedPriority
                0x0000000020000000        0x4 FreeRTOS/tasks.o
                0x0000000020000000                uxTopUsedPriority
 .data.uxCriticalNesting
                0x0000000020000004        0x4 FreeRTOS/portable/GCC/ARM_CM3/port.o
                0x0000000020000008                . = ALIGN (0x4)
                0x0000000020000008                _edata = .

.igot.plt       0x0000000020000008        0x0 load address 0x0000000008001840
 .igot.plt      0x0000000020000008        0x0 c:/st/stm32cubeide_1.4.0/stm32cubeide/plugins/com.st.stm32cube.ide.mcu.externaltools.gnu-tools-for-stm32.7-2018-q2-update.win32_1.4.0.202007081208/tools/bin/../lib/gcc/arm-none-eabi/7.3.1/thumb/v7-m/crtbegin.o
                0x0000000020000008                . = ALIGN (0x4)

.bss            0x0000000020000008     0x217c load address 0x0000000008001840
                0x0000000020000008                _sbss = .
                0x0000000020000008                __bss_start__ = _sbss
 *(.bss)
 .bss           0x0000000020000008       0x1c c:/st/stm32cubeide_1.4.0/stm32cubeide/plugins/com.st.stm32cube.ide.mcu.externaltools.gnu-tools-for-stm32.7-2018-q2-update.win32_1.4.0.202007081208/tools/bin/../lib/gcc/arm-none-eabi/7.3.1/thumb/v7-m/crtbegin.o
 *(.bss*)
 .bss.pxCurrentTCB
                0x0000000020000024        0x4 FreeRTOS/tasks.o
                0x0000000020000024                pxCurrentTCB
 .bss.pxReadyTasksLists
                0x0000000020000028       0x64 FreeRTOS/tasks.o
 .bss.xDelayedTaskList1
                0x000000002000008c       0x14 FreeRTOS/tasks.o
 .bss.xDelayedTaskList2
                0x00000000200000a0       0x14 FreeRTOS/tasks.o
 .bss.pxDelayedTaskList
                0x00000000200000b4        0x4 FreeRTOS/tasks.o
 .bss.pxOverflowDelayedTaskList
                0x00000000200000b8        0x4 FreeRTOS/tasks.o
 .bss.xPendingReadyList
                0x00000000200000bc       0x14 FreeRTOS/tasks.o
 .bss.xTasksWaitingTermination
                0x00000000200000d0       0x14 FreeRTOS/tasks.o
 .bss.uxDeletedTasksWaitingCleanUp
                0x00000000200000e4        0x4 FreeRTOS/tasks.o
 .bss.xSuspendedTaskList
                0x00000000200000e8       0x14 FreeRTOS/tasks.o
 .bss.uxCurrentNumberOfTasks
                0x00000000200000fc        0x4 FreeRTOS/tasks.o
 .bss.xTickCount
                0x0000000020000100        0x4 FreeRTOS/tasks.o
 .bss.uxTopReadyPriority
                0x0000000020000104        0x4 FreeRTOS/tasks.o
 .bss.xSchedulerRunning
                0x0000000020000108        0x4 FreeRTOS/tasks.o
 .bss.xPendedTicks
                0x000000002000010c        0x4 FreeRTOS/tasks.o
 .bss.xYieldPending
                0x0000000020000110        0x4 FreeRTOS/tasks.o
 .bss.xNumOfOverflows
                0x0000000020000114        0x4 FreeRTOS/tasks.o
 .bss.uxTaskNumber
                0x0000000020000118        0x4 FreeRTOS/tasks.o
 .bss.xNextTaskUnblockTime
                0x000000002000011c        0x4 FreeRTOS/tasks.o
 .bss.xIdleTaskHandle
                0x0000000020000120        0x4 FreeRTOS/tasks.o
 .bss.uxSchedulerSuspended
                0x0000000020000124        0x4 FreeRTOS/tasks.o
 .bss.ucHeap    0x0000000020000128     0x2000 FreeRTOS/portable/MemMang/heap_4.o
 .bss.xStart    0x0000000020002128        0x8 FreeRTOS/portable/MemMang/heap_4.o
 .bss.pxEnd     0x0000000020002130        0x4 FreeRTOS/portable/MemMang/heap_4.o
 .bss.xFreeBytesRemaining
                0x0000000020002134        0x4 FreeRTOS/portable/MemMang/heap_4.o
 .bss.xMinimumEverFreeBytesRemaining
                0x0000000020002138        0x4 FreeRTOS/portable/MemMang/heap_4.o
 .bss.xNumberOfSuccessfulAllocations
                0x000000002000213c        0x4 FreeRTOS/portable/MemMang/heap_4.o
 .bss.xNumberOfSuccessfulFrees
                0x0000000020002140        0x4 FreeRTOS/portable/MemMang/heap_4.o
 .bss.vBlinkLedHandle
                0x0000000020002144        0x4 Src/main.o
                0x0000000020002144                vBlinkLedHandle
 *(COMMON)
 COMMON         0x0000000020002148       0x3c Drivers/MCAL/EXTI/stm32f103c8_exti_driver.o
                0x0000000020002148                gp_EXTI_ISR_CallBack
                0x0000000020002184                . = ALIGN (0x4)
                0x0000000020002184                _ebss = .
                0x0000000020002184                __bss_end__ = _ebss

._user_heap_stack
                0x0000000020002184      0x604 load address 0x0000000008001840
                0x0000000020002188                . = ALIGN (0x8)
 *fill*         0x0000000020002184        0x4 
                [!provide]                        PROVIDE (end = .)
                0x0000000020002188                PROVIDE (_end = .)
                0x0000000020002388                . = (. + _Min_Heap_Size)
 *fill*         0x0000000020002188      0x200 
                0x0000000020002788                . = (. + _Min_Stack_Size)
 *fill*         0x0000000020002388      0x400 
                0x0000000020002788                . = ALIGN (0x8)

/DISCARD/
 libc.a(*)
 libm.a(*)
 libgcc.a(*)

.ARM.attributes
                0x0000000000000000       0x29
 *(.ARM.attributes)
 .ARM.attributes
                0x0000000000000000       0x1d c:/st/stm32cubeide_1.4.0/stm32cubeide/plugins/com.st.stm32cube.ide.mcu.externaltools.gnu-tools-for-stm32.7-2018-q2-update.win32_1.4.0.202007081208/tools/bin/../lib/gcc/arm-none-eabi/7.3.1/thumb/v7-m/crti.o
 .ARM.attributes
                0x000000000000001d       0x2d c:/st/stm32cubeide_1.4.0/stm32cubeide/plugins/com.st.stm32cube.ide.mcu.externaltools.gnu-tools-for-stm32.7-2018-q2-update.win32_1.4.0.202007081208/tools/bin/../lib/gcc/arm-none-eabi/7.3.1/thumb/v7-m/crtbegin.o
 .ARM.attributes
                0x000000000000004a       0x33 Drivers/MCAL/EXTI/stm32f103c8_exti_driver.o
 .ARM.attributes
                0x000000000000007d       0x33 Drivers/MCAL/GPIO/stm32f103c8_gpio_driver.o
 .ARM.attributes
                0x00000000000000b0       0x33 Drivers/MCAL/RCC/stm32f103c8_rcc_driver.o
 .ARM.attributes
                0x00000000000000e3       0x33 FreeRTOS/list.o
 .ARM.attributes
                0x0000000000000116       0x33 FreeRTOS/tasks.o
 .ARM.attributes
                0x0000000000000149       0x33 FreeRTOS/portable/GCC/ARM_CM3/port.o
 .ARM.attributes
                0x000000000000017c       0x33 FreeRTOS/portable/MemMang/heap_4.o
 .ARM.attributes
                0x00000000000001af       0x33 Src/main.o
 .ARM.attributes
                0x00000000000001e2       0x21 Startup/startup_stm32f103c8tx.o
 .ARM.attributes
                0x0000000000000203       0x2d c:/st/stm32cubeide_1.4.0/stm32cubeide/plugins/com.st.stm32cube.ide.mcu.externaltools.gnu-tools-for-stm32.7-2018-q2-update.win32_1.4.0.202007081208/tools/bin/../lib/gcc/arm-none-eabi/7.3.1/../../../../arm-none-eabi/lib/thumb/v7-m\libc_nano.a(lib_a-init.o)
 .ARM.attributes
                0x0000000000000230       0x2d c:/st/stm32cubeide_1.4.0/stm32cubeide/plugins/com.st.stm32cube.ide.mcu.externaltools.gnu-tools-for-stm32.7-2018-q2-update.win32_1.4.0.202007081208/tools/bin/../lib/gcc/arm-none-eabi/7.3.1/../../../../arm-none-eabi/lib/thumb/v7-m\libc_nano.a(lib_a-memset.o)
 .ARM.attributes
                0x000000000000025d       0x1d c:/st/stm32cubeide_1.4.0/stm32cubeide/plugins/com.st.stm32cube.ide.mcu.externaltools.gnu-tools-for-stm32.7-2018-q2-update.win32_1.4.0.202007081208/tools/bin/../lib/gcc/arm-none-eabi/7.3.1/thumb/v7-m/crtn.o
OUTPUT(Blue_Pill.elf elf32-littlearm)

.debug_info     0x0000000000000000     0x7038
 .debug_info    0x0000000000000000      0xdcb Drivers/MCAL/EXTI/stm32f103c8_exti_driver.o
 .debug_info    0x0000000000000dcb      0xd05 Drivers/MCAL/GPIO/stm32f103c8_gpio_driver.o
 .debug_info    0x0000000000001ad0      0xb01 Drivers/MCAL/RCC/stm32f103c8_rcc_driver.o
 .debug_info    0x00000000000025d1      0xbd9 FreeRTOS/list.o
 .debug_info    0x00000000000031aa     0x2249 FreeRTOS/tasks.o
 .debug_info    0x00000000000053f3      0x318 FreeRTOS/portable/GCC/ARM_CM3/port.o
 .debug_info    0x000000000000570b      0xd7a FreeRTOS/portable/MemMang/heap_4.o
 .debug_info    0x0000000000006485      0xb91 Src/main.o
 .debug_info    0x0000000000007016       0x22 Startup/startup_stm32f103c8tx.o

.debug_abbrev   0x0000000000000000     0x10d5
 .debug_abbrev  0x0000000000000000      0x22d Drivers/MCAL/EXTI/stm32f103c8_exti_driver.o
 .debug_abbrev  0x000000000000022d      0x1f8 Drivers/MCAL/GPIO/stm32f103c8_gpio_driver.o
 .debug_abbrev  0x0000000000000425      0x197 Drivers/MCAL/RCC/stm32f103c8_rcc_driver.o
 .debug_abbrev  0x00000000000005bc      0x1c2 FreeRTOS/list.o
 .debug_abbrev  0x000000000000077e      0x329 FreeRTOS/tasks.o
 .debug_abbrev  0x0000000000000aa7      0x1e5 FreeRTOS/portable/GCC/ARM_CM3/port.o
 .debug_abbrev  0x0000000000000c8c      0x24c FreeRTOS/portable/MemMang/heap_4.o
 .debug_abbrev  0x0000000000000ed8      0x1eb Src/main.o
 .debug_abbrev  0x00000000000010c3       0x12 Startup/startup_stm32f103c8tx.o

.debug_loc      0x0000000000000000     0x1e68
 .debug_loc     0x0000000000000000      0x320 Drivers/MCAL/EXTI/stm32f103c8_exti_driver.o
 .debug_loc     0x0000000000000320      0x324 Drivers/MCAL/GPIO/stm32f103c8_gpio_driver.o
 .debug_loc     0x0000000000000644      0x158 Drivers/MCAL/RCC/stm32f103c8_rcc_driver.o
 .debug_loc     0x000000000000079c      0x1cc FreeRTOS/list.o
 .debug_loc     0x0000000000000968      0xf08 FreeRTOS/tasks.o
 .debug_loc     0x0000000000001870      0x274 FreeRTOS/portable/GCC/ARM_CM3/port.o
 .debug_loc     0x0000000000001ae4      0x2c4 FreeRTOS/portable/MemMang/heap_4.o
 .debug_loc     0x0000000000001da8       0xc0 Src/main.o

.debug_aranges  0x0000000000000000      0x410
 .debug_aranges
                0x0000000000000000       0x80 Drivers/MCAL/EXTI/stm32f103c8_exti_driver.o
 .debug_aranges
                0x0000000000000080       0x60 Drivers/MCAL/GPIO/stm32f103c8_gpio_driver.o
 .debug_aranges
                0x00000000000000e0       0x38 Drivers/MCAL/RCC/stm32f103c8_rcc_driver.o
 .debug_aranges
                0x0000000000000118       0x40 FreeRTOS/list.o
 .debug_aranges
                0x0000000000000158      0x190 FreeRTOS/tasks.o
 .debug_aranges
                0x00000000000002e8       0x70 FreeRTOS/portable/GCC/ARM_CM3/port.o
 .debug_aranges
                0x0000000000000358       0x60 FreeRTOS/portable/MemMang/heap_4.o
 .debug_aranges
                0x00000000000003b8       0x30 Src/main.o
 .debug_aranges
                0x00000000000003e8       0x28 Startup/startup_stm32f103c8tx.o

.debug_ranges   0x0000000000000000      0x388
 .debug_ranges  0x0000000000000000       0x70 Drivers/MCAL/EXTI/stm32f103c8_exti_driver.o
 .debug_ranges  0x0000000000000070       0x50 Drivers/MCAL/GPIO/stm32f103c8_gpio_driver.o
 .debug_ranges  0x00000000000000c0       0x28 Drivers/MCAL/RCC/stm32f103c8_rcc_driver.o
 .debug_ranges  0x00000000000000e8       0x30 FreeRTOS/list.o
 .debug_ranges  0x0000000000000118      0x180 FreeRTOS/tasks.o
 .debug_ranges  0x0000000000000298       0x60 FreeRTOS/portable/GCC/ARM_CM3/port.o
 .debug_ranges  0x00000000000002f8       0x50 FreeRTOS/portable/MemMang/heap_4.o
 .debug_ranges  0x0000000000000348       0x20 Src/main.o
 .debug_ranges  0x0000000000000368       0x20 Startup/startup_stm32f103c8tx.o

.debug_macro    0x0000000000000000     0x2d2c
 .debug_macro   0x0000000000000000      0x135 Drivers/MCAL/EXTI/stm32f103c8_exti_driver.o
 .debug_macro   0x0000000000000135      0x231 Drivers/MCAL/EXTI/stm32f103c8_exti_driver.o
 .debug_macro   0x0000000000000366      0x12f Drivers/MCAL/GPIO/stm32f103c8_gpio_driver.o
 .debug_macro   0x0000000000000495       0xac Drivers/MCAL/GPIO/stm32f103c8_gpio_driver.o
 .debug_macro   0x0000000000000541      0x1ef Drivers/MCAL/GPIO/stm32f103c8_gpio_driver.o
 .debug_macro   0x0000000000000730      0x12a Drivers/MCAL/RCC/stm32f103c8_rcc_driver.o
 .debug_macro   0x000000000000085a      0x1e9 Drivers/MCAL/RCC/stm32f103c8_rcc_driver.o
 .debug_macro   0x0000000000000a43      0x18b FreeRTOS/list.o
 .debug_macro   0x0000000000000bce      0x271 FreeRTOS/tasks.o
 .debug_macro   0x0000000000000e3f       0x17 FreeRTOS/tasks.o
 .debug_macro   0x0000000000000e56      0x183 FreeRTOS/portable/GCC/ARM_CM3/port.o
 .debug_macro   0x0000000000000fd9      0x20c FreeRTOS/portable/MemMang/heap_4.o
 .debug_macro   0x00000000000011e5      0x32b Src/main.o
 .debug_macro   0x0000000000001510       0x16 Src/main.o
 .debug_macro   0x0000000000001526       0x97 Src/main.o
 .debug_macro   0x00000000000015bd       0xfd Src/main.o
 .debug_macro   0x00000000000016ba       0x10 Src/main.o
 .debug_macro   0x00000000000016ca       0x10 Src/main.o
 .debug_macro   0x00000000000016da       0x1c Src/main.o
 .debug_macro   0x00000000000016f6       0x52 Src/main.o
 .debug_macro   0x0000000000001748       0x40 Src/main.o
 .debug_macro   0x0000000000001788       0x10 Src/main.o
 .debug_macro   0x0000000000001798       0x40 Src/main.o
 .debug_macro   0x00000000000017d8       0xd7 Src/main.o
 .debug_macro   0x00000000000018af       0x1c Src/main.o
 .debug_macro   0x00000000000018cb       0x3d Src/main.o
 .debug_macro   0x0000000000001908       0x16 Src/main.o
 .debug_macro   0x000000000000191e      0x145 Src/main.o
 .debug_macro   0x0000000000001a63      0x237 Src/main.o
 .debug_macro   0x0000000000001c9a       0x28 Src/main.o
 .debug_macro   0x0000000000001cc2       0x1c Src/main.o
 .debug_macro   0x0000000000001cde       0x22 Src/main.o
 .debug_macro   0x0000000000001d00       0xdf Src/main.o
 .debug_macro   0x0000000000001ddf      0xe2e Src/main.o
 .debug_macro   0x0000000000002c0d      0x11f Src/main.o

.debug_line     0x0000000000000000     0x3ca6
 .debug_line    0x0000000000000000      0x6f2 Drivers/MCAL/EXTI/stm32f103c8_exti_driver.o
 .debug_line    0x00000000000006f2      0x67d Drivers/MCAL/GPIO/stm32f103c8_gpio_driver.o
 .debug_line    0x0000000000000d6f      0x59b Drivers/MCAL/RCC/stm32f103c8_rcc_driver.o
 .debug_line    0x000000000000130a      0x60f FreeRTOS/list.o
 .debug_line    0x0000000000001919      0xe3b FreeRTOS/tasks.o
 .debug_line    0x0000000000002754      0x588 FreeRTOS/portable/GCC/ARM_CM3/port.o
 .debug_line    0x0000000000002cdc      0x71d FreeRTOS/portable/MemMang/heap_4.o
 .debug_line    0x00000000000033f9      0x829 Src/main.o
 .debug_line    0x0000000000003c22       0x84 Startup/startup_stm32f103c8tx.o

.debug_str      0x0000000000000000    0x18597
 .debug_str     0x0000000000000000     0x85b0 Drivers/MCAL/EXTI/stm32f103c8_exti_driver.o
                                       0x8779 (size before relaxing)
 .debug_str     0x00000000000085b0      0x8da Drivers/MCAL/GPIO/stm32f103c8_gpio_driver.o
                                       0x7c3d (size before relaxing)
 .debug_str     0x0000000000008e8a       0xc9 Drivers/MCAL/RCC/stm32f103c8_rcc_driver.o
                                       0x77be (size before relaxing)
 .debug_str     0x0000000000008f53     0x47fb FreeRTOS/list.o
                                       0xacf2 (size before relaxing)
 .debug_str     0x000000000000d74e     0x2cb7 FreeRTOS/tasks.o
                                       0xd99e (size before relaxing)
 .debug_str     0x0000000000010405      0x66b FreeRTOS/portable/GCC/ARM_CM3/port.o
                                       0x94cb (size before relaxing)
 .debug_str     0x0000000000010a70      0x5d5 FreeRTOS/portable/MemMang/heap_4.o
                                       0xc4a3 (size before relaxing)
 .debug_str     0x0000000000011045     0x7521 Src/main.o
                                      0x15c34 (size before relaxing)
 .debug_str     0x0000000000018566       0x31 Startup/startup_stm32f103c8tx.o
                                         0x65 (size before relaxing)

.comment        0x0000000000000000       0x7b
 .comment       0x0000000000000000       0x7b Drivers/MCAL/EXTI/stm32f103c8_exti_driver.o
                                         0x7c (size before relaxing)
 .comment       0x000000000000007b       0x7c Drivers/MCAL/GPIO/stm32f103c8_gpio_driver.o
 .comment       0x000000000000007b       0x7c Drivers/MCAL/RCC/stm32f103c8_rcc_driver.o
 .comment       0x000000000000007b       0x7c FreeRTOS/list.o
 .comment       0x000000000000007b       0x7c FreeRTOS/tasks.o
 .comment       0x000000000000007b       0x7c FreeRTOS/portable/GCC/ARM_CM3/port.o
 .comment       0x000000000000007b       0x7c FreeRTOS/portable/MemMang/heap_4.o
 .comment       0x000000000000007b       0x7c Src/main.o

.debug_frame    0x0000000000000000      0xee4
 .debug_frame   0x0000000000000000      0x1b0 Drivers/MCAL/EXTI/stm32f103c8_exti_driver.o
 .debug_frame   0x00000000000001b0      0x174 Drivers/MCAL/GPIO/stm32f103c8_gpio_driver.o
 .debug_frame   0x0000000000000324       0xa8 Drivers/MCAL/RCC/stm32f103c8_rcc_driver.o
 .debug_frame   0x00000000000003cc       0xd8 FreeRTOS/list.o
 .debug_frame   0x00000000000004a4      0x6d0 FreeRTOS/tasks.o
 .debug_frame   0x0000000000000b74      0x160 FreeRTOS/portable/GCC/ARM_CM3/port.o
 .debug_frame   0x0000000000000cd4      0x150 FreeRTOS/portable/MemMang/heap_4.o
 .debug_frame   0x0000000000000e24       0x74 Src/main.o
 .debug_frame   0x0000000000000e98       0x2c c:/st/stm32cubeide_1.4.0/stm32cubeide/plugins/com.st.stm32cube.ide.mcu.externaltools.gnu-tools-for-stm32.7-2018-q2-update.win32_1.4.0.202007081208/tools/bin/../lib/gcc/arm-none-eabi/7.3.1/../../../../arm-none-eabi/lib/thumb/v7-m\libc_nano.a(lib_a-init.o)
 .debug_frame   0x0000000000000ec4       0x20 c:/st/stm32cubeide_1.4.0/stm32cubeide/plugins/com.st.stm32cube.ide.mcu.externaltools.gnu-tools-for-stm32.7-2018-q2-update.win32_1.4.0.202007081208/tools/bin/../lib/gcc/arm-none-eabi/7.3.1/../../../../arm-none-eabi/lib/thumb/v7-m\libc_nano.a(lib_a-memset.o)
